Archive member included to satisfy reference by file (symbol)

c:/st/stm32cubeide_1.6.1/stm32cubeide/plugins/com.st.stm32cube.ide.mcu.externaltools.gnu-tools-for-stm32.9-2020-q2-update.win32_2.0.0.202105311346/tools/bin/../lib/gcc/arm-none-eabi/9.3.1/../../../../arm-none-eabi/lib/thumb/v7-m/nofp\libc_nano.a(lib_a-errno.o)
                              ./Src/syscalls.o (__errno)
c:/st/stm32cubeide_1.6.1/stm32cubeide/plugins/com.st.stm32cube.ide.mcu.externaltools.gnu-tools-for-stm32.9-2020-q2-update.win32_2.0.0.202105311346/tools/bin/../lib/gcc/arm-none-eabi/9.3.1/../../../../arm-none-eabi/lib/thumb/v7-m/nofp\libc_nano.a(lib_a-exit.o)
                              c:/st/stm32cubeide_1.6.1/stm32cubeide/plugins/com.st.stm32cube.ide.mcu.externaltools.gnu-tools-for-stm32.9-2020-q2-update.win32_2.0.0.202105311346/tools/bin/../lib/gcc/arm-none-eabi/9.3.1/../../../../arm-none-eabi/lib/thumb/v7-m/nofp/crt0.o (exit)
c:/st/stm32cubeide_1.6.1/stm32cubeide/plugins/com.st.stm32cube.ide.mcu.externaltools.gnu-tools-for-stm32.9-2020-q2-update.win32_2.0.0.202105311346/tools/bin/../lib/gcc/arm-none-eabi/9.3.1/../../../../arm-none-eabi/lib/thumb/v7-m/nofp\libc_nano.a(lib_a-impure.o)
                              c:/st/stm32cubeide_1.6.1/stm32cubeide/plugins/com.st.stm32cube.ide.mcu.externaltools.gnu-tools-for-stm32.9-2020-q2-update.win32_2.0.0.202105311346/tools/bin/../lib/gcc/arm-none-eabi/9.3.1/../../../../arm-none-eabi/lib/thumb/v7-m/nofp\libc_nano.a(lib_a-exit.o) (_global_impure_ptr)
c:/st/stm32cubeide_1.6.1/stm32cubeide/plugins/com.st.stm32cube.ide.mcu.externaltools.gnu-tools-for-stm32.9-2020-q2-update.win32_2.0.0.202105311346/tools/bin/../lib/gcc/arm-none-eabi/9.3.1/../../../../arm-none-eabi/lib/thumb/v7-m/nofp\libc_nano.a(lib_a-init.o)
                              c:/st/stm32cubeide_1.6.1/stm32cubeide/plugins/com.st.stm32cube.ide.mcu.externaltools.gnu-tools-for-stm32.9-2020-q2-update.win32_2.0.0.202105311346/tools/bin/../lib/gcc/arm-none-eabi/9.3.1/../../../../arm-none-eabi/lib/thumb/v7-m/nofp/crt0.o (__libc_init_array)
c:/st/stm32cubeide_1.6.1/stm32cubeide/plugins/com.st.stm32cube.ide.mcu.externaltools.gnu-tools-for-stm32.9-2020-q2-update.win32_2.0.0.202105311346/tools/bin/../lib/gcc/arm-none-eabi/9.3.1/../../../../arm-none-eabi/lib/thumb/v7-m/nofp\libc_nano.a(lib_a-memset.o)
                              c:/st/stm32cubeide_1.6.1/stm32cubeide/plugins/com.st.stm32cube.ide.mcu.externaltools.gnu-tools-for-stm32.9-2020-q2-update.win32_2.0.0.202105311346/tools/bin/../lib/gcc/arm-none-eabi/9.3.1/../../../../arm-none-eabi/lib/thumb/v7-m/nofp/crt0.o (memset)
c:/st/stm32cubeide_1.6.1/stm32cubeide/plugins/com.st.stm32cube.ide.mcu.externaltools.gnu-tools-for-stm32.9-2020-q2-update.win32_2.0.0.202105311346/tools/bin/../lib/gcc/arm-none-eabi/9.3.1/../../../../arm-none-eabi/lib/thumb/v7-m/nofp\libc_nano.a(lib_a-printf.o)
                              ./Src/main.o (printf)
c:/st/stm32cubeide_1.6.1/stm32cubeide/plugins/com.st.stm32cube.ide.mcu.externaltools.gnu-tools-for-stm32.9-2020-q2-update.win32_2.0.0.202105311346/tools/bin/../lib/gcc/arm-none-eabi/9.3.1/../../../../arm-none-eabi/lib/thumb/v7-m/nofp\libc_nano.a(lib_a-puts.o)
                              ./Src/main.o (puts)
c:/st/stm32cubeide_1.6.1/stm32cubeide/plugins/com.st.stm32cube.ide.mcu.externaltools.gnu-tools-for-stm32.9-2020-q2-update.win32_2.0.0.202105311346/tools/bin/../lib/gcc/arm-none-eabi/9.3.1/../../../../arm-none-eabi/lib/thumb/v7-m/nofp\libc_nano.a(lib_a-strchr.o)
                              ./io6Library/Internet/DNS/dns.o (strchr)
c:/st/stm32cubeide_1.6.1/stm32cubeide/plugins/com.st.stm32cube.ide.mcu.externaltools.gnu-tools-for-stm32.9-2020-q2-update.win32_2.0.0.202105311346/tools/bin/../lib/gcc/arm-none-eabi/9.3.1/../../../../arm-none-eabi/lib/thumb/v7-m/nofp\libc_nano.a(lib_a-strcpy.o)
                              ./io6Library/Internet/DNS/dns.o (strcpy)
c:/st/stm32cubeide_1.6.1/stm32cubeide/plugins/com.st.stm32cube.ide.mcu.externaltools.gnu-tools-for-stm32.9-2020-q2-update.win32_2.0.0.202105311346/tools/bin/../lib/gcc/arm-none-eabi/9.3.1/../../../../arm-none-eabi/lib/thumb/v7-m/nofp\libc_nano.a(lib_a-strlen.o)
                              ./io6Library/Internet/DNS/dns.o (strlen)
c:/st/stm32cubeide_1.6.1/stm32cubeide/plugins/com.st.stm32cube.ide.mcu.externaltools.gnu-tools-for-stm32.9-2020-q2-update.win32_2.0.0.202105311346/tools/bin/../lib/gcc/arm-none-eabi/9.3.1/../../../../arm-none-eabi/lib/thumb/v7-m/nofp\libc_nano.a(lib_a-strncpy.o)
                              ./io6Library/Internet/DNS/dns.o (strncpy)
c:/st/stm32cubeide_1.6.1/stm32cubeide/plugins/com.st.stm32cube.ide.mcu.externaltools.gnu-tools-for-stm32.9-2020-q2-update.win32_2.0.0.202105311346/tools/bin/../lib/gcc/arm-none-eabi/9.3.1/../../../../arm-none-eabi/lib/thumb/v7-m/nofp\libc_nano.a(lib_a-wbuf.o)
[...]
Memory Configuration

Name             Origin             Length             Attributes
FLASH            0x0000000008000000 0x0000000000040000 xr
RAM              0x0000000020000000 0x000000000000c000 xrw
*default*        0x0000000000000000 0xffffffffffffffff

Linker script and memory map

LOAD c:/st/stm32cubeide_1.6.1/stm32cubeide/plugins/com.st.stm32cube.ide.mcu.externaltools.gnu-tools-for-stm32.9-2020-q2-update.win32_2.0.0.202105311346/tools/bin/../lib/gcc/arm-none-eabi/9.3.1/thumb/v7-m/nofp/crti.o
LOAD c:/st/stm32cubeide_1.6.1/stm32cubeide/plugins/com.st.stm32cube.ide.mcu.externaltools.gnu-tools-for-stm32.9-2020-q2-update.win32_2.0.0.202105311346/tools/bin/../lib/gcc/arm-none-eabi/9.3.1/thumb/v7-m/nofp/crtbegin.o
LOAD c:/st/stm32cubeide_1.6.1/stm32cubeide/plugins/com.st.stm32cube.ide.mcu.externaltools.gnu-tools-for-stm32.9-2020-q2-update.win32_2.0.0.202105311346/tools/bin/../lib/gcc/arm-none-eabi/9.3.1/../../../../arm-none-eabi/lib/thumb/v7-m/nofp/crt0.o
LOAD ./Drivers/STM32F1xx_HAL_Driver/Src/stm32f1xx_hal.o
LOAD ./Drivers/STM32F1xx_HAL_Driver/Src/stm32f1xx_hal_cortex.o
LOAD ./Drivers/STM32F1xx_HAL_Driver/Src/stm32f1xx_hal_dma.o
LOAD ./Drivers/STM32F1xx_HAL_Driver/Src/stm32f1xx_hal_flash.o
LOAD ./Drivers/STM32F1xx_HAL_Driver/Src/stm32f1xx_hal_flash_ex.o
LOAD ./Drivers/STM32F1xx_HAL_Driver/Src/stm32f1xx_hal_gpio.o
LOAD ./Drivers/STM32F1xx_HAL_Driver/Src/stm32f1xx_hal_gpio_ex.o
LOAD ./Drivers/STM32F1xx_HAL_Driver/Src/stm32f1xx_hal_pwr.o
LOAD ./Drivers/STM32F1xx_HAL_Driver/Src/stm32f1xx_hal_rcc.o
LOAD ./Drivers/STM32F1xx_HAL_Driver/Src/stm32f1xx_hal_rcc_ex.o
LOAD ./Drivers/STM32F1xx_HAL_Driver/Src/stm32f1xx_hal_spi.o
LOAD ./Drivers/STM32F1xx_HAL_Driver/Src/stm32f1xx_hal_spi_ex.o
LOAD ./Drivers/STM32F1xx_HAL_Driver/Src/stm32f1xx_hal_tim.o
LOAD ./Drivers/STM32F1xx_HAL_Driver/Src/stm32f1xx_hal_tim_ex.o
LOAD ./Drivers/STM32F1xx_HAL_Driver/Src/stm32f1xx_hal_uart.o
LOAD ./Src/board_init.o
LOAD ./Src/main.o
LOAD ./Src/stm32f1xx_hal_msp.o
LOAD ./Src/stm32f1xx_it.o
LOAD ./Src/syscalls.o
LOAD ./Src/sysmem.o
LOAD ./Src/system_stm32f1xx.o
LOAD ./Src/wizchip_init.o
LOAD ./Startup/startup_stm32f103vctx.o
LOAD ./io6Library/Application/loopback/loopback.o
LOAD ./io6Library/Ethernet/W6100/w6100.o
LOAD ./io6Library/Ethernet/socket.o
LOAD ./io6Library/Ethernet/wizchip_conf.o
LOAD ./io6Library/Internet/DHCP6/dhcpv6.o
LOAD ./io6Library/Internet/DNS/dns.o
START GROUP
LOAD c:/st/stm32cubeide_1.6.1/stm32cubeide/plugins/com.st.stm32cube.ide.mcu.externaltools.gnu-tools-for-stm32.9-2020-q2-update.win32_2.0.0.202105311346/tools/bin/../lib/gcc/arm-none-eabi/9.3.1/../../../../arm-none-eabi/lib/thumb/v7-m/nofp\libc_nano.a
LOAD c:/st/stm32cubeide_1.6.1/stm32cubeide/plugins/com.st.stm32cube.ide.mcu.externaltools.gnu-tools-for-stm32.9-2020-q2-update.win32_2.0.0.202105311346/tools/bin/../lib/gcc/arm-none-eabi/9.3.1/../../../../arm-none-eabi/lib/thumb/v7-m/nofp\libm.a
END GROUP
START GROUP
LOAD c:/st/stm32cubeide_1.6.1/stm32cubeide/plugins/com.st.stm32cube.ide.mcu.externaltools.gnu-tools-for-stm32.9-2020-q2-update.win32_2.0.0.202105311346/tools/bin/../lib/gcc/arm-none-eabi/9.3.1/thumb/v7-m/nofp\libgcc.a
LOAD c:/st/stm32cubeide_1.6.1/stm32cubeide/plugins/com.st.stm32cube.ide.mcu.externaltools.gnu-tools-for-stm32.9-2020-q2-update.win32_2.0.0.202105311346/tools/bin/../lib/gcc/arm-none-eabi/9.3.1/../../../../arm-none-eabi/lib/thumb/v7-m/nofp\libc_nano.a
END GROUP
START GROUP
LOAD c:/st/stm32cubeide_1.6.1/stm32cubeide/plugins/com.st.stm32cube.ide.mcu.externaltools.gnu-tools-for-stm32.9-2020-q2-update.win32_2.0.0.202105311346/tools/bin/../lib/gcc/arm-none-eabi/9.3.1/thumb/v7-m/nofp\libgcc.a
LOAD c:/st/stm32cubeide_1.6.1/stm32cubeide/plugins/com.st.stm32cube.ide.mcu.externaltools.gnu-tools-for-stm32.9-2020-q2-update.win32_2.0.0.202105311346/tools/bin/../lib/gcc/arm-none-eabi/9.3.1/../../../../arm-none-eabi/lib/thumb/v7-m/nofp\libc_nano.a
LOAD c:/st/stm32cubeide_1.6.1/stm32cubeide/plugins/com.st.stm32cube.ide.mcu.externaltools.gnu-tools-for-stm32.9-2020-q2-update.win32_2.0.0.202105311346/tools/bin/../lib/gcc/arm-none-eabi/9.3.1/../../../../arm-none-eabi/lib/thumb/v7-m/nofp\libnosys.a
END GROUP
START GROUP
LOAD c:/st/stm32cubeide_1.6.1/stm32cubeide/plugins/com.st.stm32cube.ide.mcu.externaltools.gnu-tools-for-stm32.9-2020-q2-update.win32_2.0.0.202105311346/tools/bin/../lib/gcc/arm-none-eabi/9.3.1/thumb/v7-m/nofp\libgcc.a
LOAD c:/st/stm32cubeide_1.6.1/stm32cubeide/plugins/com.st.stm32cube.ide.mcu.externaltools.gnu-tools-for-stm32.9-2020-q2-update.win32_2.0.0.202105311346/tools/bin/../lib/gcc/arm-none-eabi/9.3.1/../../../../arm-none-eabi/lib/thumb/v7-m/nofp\libc_nano.a
LOAD c:/st/stm32cubeide_1.6.1/stm32cubeide/plugins/com.st.stm32cube.ide.mcu.externaltools.gnu-tools-for-stm32.9-2020-q2-update.win32_2.0.0.202105311346/tools/bin/../lib/gcc/arm-none-eabi/9.3.1/../../../../arm-none-eabi/lib/thumb/v7-m/nofp\libnosys.a
END GROUP
LOAD c:/st/stm32cubeide_1.6.1/stm32cubeide/plugins/com.st.stm32cube.ide.mcu.externaltools.gnu-tools-for-stm32.9-2020-q2-update.win32_2.0.0.202105311346/tools/bin/../lib/gcc/arm-none-eabi/9.3.1/thumb/v7-m/nofp/crtend.o
LOAD c:/st/stm32cubeide_1.6.1/stm32cubeide/plugins/com.st.stm32cube.ide.mcu.externaltools.gnu-tools-for-stm32.9-2020-q2-update.win32_2.0.0.202105311346/tools/bin/../lib/gcc/arm-none-eabi/9.3.1/thumb/v7-m/nofp/crtn.o
                0x000000002000c000                _estack = 0x2000c000
                0x0000000000000200                _Min_Heap_Size = 0x200
                0x0000000000000400                _Min_Stack_Size = 0x400

.isr_vector     0x0000000008000000      0x1e4
                0x0000000008000000                . = ALIGN (0x4)
 *(.isr_vector)
 .isr_vector    0x0000000008000000      0x1e4 ./Startup/startup_stm32f103vctx.o
                0x0000000008000000                g_pfnVectors
                0x00000000080001e4                . = ALIGN (0x4)

.text           0x00000000080001e4     0x60f8
                0x00000000080001e4                . = ALIGN (0x4)
 *(.text)
 .text          0x00000000080001e4       0x40 c:/st/stm32cubeide_1.6.1/stm32cubeide/plugins/com.st.stm32cube.ide.mcu.externaltools.gnu-tools-for-stm32.9-2020-q2-update.win32_2.0.0.202105311346/tools/bin/../lib/gcc/arm-none-eabi/9.3.1/thumb/v7-m/nofp/crtbegin.o
 *(.text*)
 .text.HAL_Init
                0x0000000008000224       0x2c ./Drivers/STM32F1xx_HAL_Driver/Src/stm32f1xx_hal.o
                0x0000000008000224                HAL_Init
 .text.HAL_InitTick
                0x0000000008000250       0x60 ./Drivers/STM32F1xx_HAL_Driver/Src/stm32f1xx_hal.o
                0x0000000008000250                HAL_InitTick
 .text.HAL_IncTick
                0x00000000080002b0       0x24 ./Drivers/STM32F1xx_HAL_Driver/Src/stm32f1xx_hal.o
                0x00000000080002b0                HAL_IncTick
 .text.HAL_GetTick
                0x00000000080002d4       0x14 ./Drivers/STM32F1xx_HAL_Driver/Src/stm32f1xx_hal.o
                0x00000000080002d4                HAL_GetTick
 .text.HAL_Delay
                0x00000000080002e8       0x48 ./Drivers/STM32F1xx_HAL_Driver/Src/stm32f1xx_hal.o
                0x00000000080002e8                HAL_Delay
 .text.NVIC_SetPriorityGrouping
                0x0000000008000330       0x48 ./Drivers/STM32F1xx_HAL_Driver/Src/stm32f1xx_hal_cortex.o
 .text.NVIC_GetPriorityGrouping
                0x0000000008000378       0x1c ./Drivers/STM32F1xx_HAL_Driver/Src/stm32f1xx_hal_cortex.o
 .text.NVIC_EnableIRQ
                0x0000000008000394       0x30 ./Drivers/STM32F1xx_HAL_Driver/Src/stm32f1xx_hal_cortex.o
 .text.NVIC_SetPriority
                0x00000000080003c4       0x54 ./Drivers/STM32F1xx_HAL_Driver/Src/stm32f1xx_hal_cortex.o
 .text.NVIC_EncodePriority
                0x0000000008000418       0x64 ./Drivers/STM32F1xx_HAL_Driver/Src/stm32f1xx_hal_cortex.o
 .text.SysTick_Config
                0x000000000800047c       0x44 ./Drivers/STM32F1xx_HAL_Driver/Src/stm32f1xx_hal_cortex.o
 .text.HAL_NVIC_SetPriorityGrouping
                0x00000000080004c0       0x16 ./Drivers/STM32F1xx_HAL_Driver/Src/stm32f1xx_hal_cortex.o
                0x00000000080004c0                HAL_NVIC_SetPriorityGrouping
 .text.HAL_NVIC_SetPriority
                0x00000000080004d6       0x38 ./Drivers/STM32F1xx_HAL_Driver/Src/stm32f1xx_hal_cortex.o
                0x00000000080004d6                HAL_NVIC_SetPriority
 .text.HAL_NVIC_EnableIRQ
                0x000000000800050e       0x1c ./Drivers/STM32F1xx_HAL_Driver/Src/stm32f1xx_hal_cortex.o
                0x000000000800050e                HAL_NVIC_EnableIRQ
 .text.HAL_SYSTICK_Config
                0x000000000800052a       0x18 ./Drivers/STM32F1xx_HAL_Driver/Src/stm32f1xx_hal_cortex.o
                0x000000000800052a                HAL_SYSTICK_Config
 *fill*         0x0000000008000542        0x2 
 .text.HAL_DMA_Abort_IT
                0x0000000008000544      0x210 ./Drivers/STM32F1xx_HAL_Driver/Src/stm32f1xx_hal_dma.o
                0x0000000008000544                HAL_DMA_Abort_IT
 .text.HAL_GPIO_Init
                0x0000000008000754      0x330 ./Drivers/STM32F1xx_HAL_Driver/Src/stm32f1xx_hal_gpio.o
                0x0000000008000754                HAL_GPIO_Init
 .text.HAL_GPIO_WritePin
                0x0000000008000a84       0x30 ./Drivers/STM32F1xx_HAL_Driver/Src/stm32f1xx_hal_gpio.o
                0x0000000008000a84                HAL_GPIO_WritePin
 .text.HAL_RCC_OscConfig
                0x0000000008000ab4      0x4c8 ./Drivers/STM32F1xx_HAL_Driver/Src/stm32f1xx_hal_rcc.o
                0x0000000008000ab4                HAL_RCC_OscConfig
 .text.HAL_RCC_ClockConfig
                0x0000000008000f7c      0x218 ./Drivers/STM32F1xx_HAL_Driver/Src/stm32f1xx_hal_rcc.o
                0x0000000008000f7c                HAL_RCC_ClockConfig
 .text.HAL_RCC_GetSysClockFreq
                0x0000000008001194       0xc4 ./Drivers/STM32F1xx_HAL_Driver/Src/stm32f1xx_hal_rcc.o
                0x0000000008001194                HAL_RCC_GetSysClockFreq
 .text.HAL_RCC_GetHCLKFreq
                0x0000000008001258       0x14 ./Drivers/STM32F1xx_HAL_Driver/Src/stm32f1xx_hal_rcc.o
                0x0000000008001258                HAL_RCC_GetHCLKFreq
 .text.HAL_RCC_GetPCLK1Freq
                0x000000000800126c       0x28 ./Drivers/STM32F1xx_HAL_Driver/Src/stm32f1xx_hal_rcc.o
                0x000000000800126c                HAL_RCC_GetPCLK1Freq
 .text.HAL_RCC_GetPCLK2Freq
                0x0000000008001294       0x28 ./Drivers/STM32F1xx_HAL_Driver/Src/stm32f1xx_hal_rcc.o
                0x0000000008001294                HAL_RCC_GetPCLK2Freq
 .text.RCC_Delay
                0x00000000080012bc       0x40 ./Drivers/STM32F1xx_HAL_Driver/Src/stm32f1xx_hal_rcc.o
 .text.HAL_SPI_TransmitReceive
                0x00000000080012fc      0x340 ./Drivers/STM32F1xx_HAL_Driver/Src/stm32f1xx_hal_spi.o
                0x00000000080012fc                HAL_SPI_TransmitReceive
 .text.SPI_WaitFlagStateUntilTimeout
                0x000000000800163c       0xd2 ./Drivers/STM32F1xx_HAL_Driver/Src/stm32f1xx_hal_spi.o
 .text.SPI_CheckFlag_BSY
                0x000000000800170e       0x3c ./Drivers/STM32F1xx_HAL_Driver/Src/stm32f1xx_hal_spi.o
 .text.HAL_SPI_Init
                0x000000000800174a       0xca ./Drivers/STM32F1xx_HAL_Driver/Src/stm32f1xx_hal_spi_ex.o
                0x000000000800174a                HAL_SPI_Init
 .text.HAL_UART_Init
                0x0000000008001814       0x9a ./Drivers/STM32F1xx_HAL_Driver/Src/stm32f1xx_hal_uart.o
                0x0000000008001814                HAL_UART_Init
 .text.HAL_UART_Transmit
                0x00000000080018ae      0x132 ./Drivers/STM32F1xx_HAL_Driver/Src/stm32f1xx_hal_uart.o
                0x00000000080018ae                HAL_UART_Transmit
 .text.HAL_UART_Receive_IT
                0x00000000080019e0       0xa8 ./Drivers/STM32F1xx_HAL_Driver/Src/stm32f1xx_hal_uart.o
                0x00000000080019e0                HAL_UART_Receive_IT
 .text.HAL_UART_IRQHandler
                0x0000000008001a88      0x1f4 ./Drivers/STM32F1xx_HAL_Driver/Src/stm32f1xx_hal_uart.o
                0x0000000008001a88                HAL_UART_IRQHandler
 .text.HAL_UART_TxCpltCallback
                0x0000000008001c7c       0x12 ./Drivers/STM32F1xx_HAL_Driver/Src/stm32f1xx_hal_uart.o
                0x0000000008001c7c                HAL_UART_TxCpltCallback
 .text.HAL_UART_ErrorCallback
                0x0000000008001c8e       0x12 ./Drivers/STM32F1xx_HAL_Driver/Src/stm32f1xx_hal_uart.o
                0x0000000008001c8e                HAL_UART_ErrorCallback
 .text.UART_WaitOnFlagUntilTimeout
                0x0000000008001ca0       0x94 ./Drivers/STM32F1xx_HAL_Driver/Src/stm32f1xx_hal_uart.o
 .text.UART_EndRxTransfer
                0x0000000008001d34       0x3a ./Drivers/STM32F1xx_HAL_Driver/Src/stm32f1xx_hal_uart.o
 .text.UART_DMAAbortOnError
                0x0000000008001d6e       0x28 ./Drivers/STM32F1xx_HAL_Driver/Src/stm32f1xx_hal_uart.o
 .text.UART_Transmit_IT
                0x0000000008001d96       0xaa ./Drivers/STM32F1xx_HAL_Driver/Src/stm32f1xx_hal_uart.o
 .text.UART_EndTransmit_IT
                0x0000000008001e40       0x30 ./Drivers/STM32F1xx_HAL_Driver/Src/stm32f1xx_hal_uart.o
 .text.UART_Receive_IT
                0x0000000008001e70      0x102 ./Drivers/STM32F1xx_HAL_Driver/Src/stm32f1xx_hal_uart.o
 *fill*         0x0000000008001f72        0x2 
 .text.UART_SetConfig
                0x0000000008001f74      0x230 ./Drivers/STM32F1xx_HAL_Driver/Src/stm32f1xx_hal_uart.o
 .text.BoardInitialze
                0x00000000080021a4        0xc ./Src/board_init.o
                0x00000000080021a4                BoardInitialze
 .text._write   0x00000000080021b0       0x40 ./Src/main.o
                0x00000000080021b0                _write
 .text.HAL_UART_RxCpltCallback
                0x00000000080021f0       0x30 ./Src/main.o
                0x00000000080021f0                HAL_UART_RxCpltCallback
 .text.main     0x0000000008002220       0xc8 ./Src/main.o
                0x0000000008002220                main
 .text.SystemClock_Config
                0x00000000080022e8       0x8a ./Src/main.o
                0x00000000080022e8                SystemClock_Config
 *fill*         0x0000000008002372        0x2 
 .text.MX_SPI2_Init
                0x0000000008002374       0x6c ./Src/main.o
 .text.MX_USART1_UART_Init
                0x00000000080023e0       0x54 ./Src/main.o
 .text.MX_GPIO_Init
                0x0000000008002434       0xfc ./Src/main.o
 .text.print_network_information
                0x0000000008002530      0x3a8 ./Src/main.o
                0x0000000008002530                print_network_information
 .text.Error_Handler
                0x00000000080028d8        0xc ./Src/main.o
                0x00000000080028d8                Error_Handler
 .text.HAL_MspInit
                0x00000000080028e4       0x64 ./Src/stm32f1xx_hal_msp.o
                0x00000000080028e4                HAL_MspInit
 .text.HAL_SPI_MspInit
                0x0000000008002948       0x98 ./Src/stm32f1xx_hal_msp.o
                0x0000000008002948                HAL_SPI_MspInit
 .text.HAL_UART_MspInit
                0x00000000080029e0       0xa8 ./Src/stm32f1xx_hal_msp.o
                0x00000000080029e0                HAL_UART_MspInit
 .text.NMI_Handler
                0x0000000008002a88        0xc ./Src/stm32f1xx_it.o
                0x0000000008002a88                NMI_Handler
 .text.HardFault_Handler
                0x0000000008002a94        0x6 ./Src/stm32f1xx_it.o
                0x0000000008002a94                HardFault_Handler
 .text.MemManage_Handler
                0x0000000008002a9a        0x6 ./Src/stm32f1xx_it.o
                0x0000000008002a9a                MemManage_Handler
 .text.BusFault_Handler
                0x0000000008002aa0        0x6 ./Src/stm32f1xx_it.o
                0x0000000008002aa0                BusFault_Handler
 .text.UsageFault_Handler
                0x0000000008002aa6        0x6 ./Src/stm32f1xx_it.o
                0x0000000008002aa6                UsageFault_Handler
 .text.SVC_Handler
                0x0000000008002aac        0xc ./Src/stm32f1xx_it.o
                0x0000000008002aac                SVC_Handler
 .text.DebugMon_Handler
                0x0000000008002ab8        0xc ./Src/stm32f1xx_it.o
                0x0000000008002ab8                DebugMon_Handler
 .text.PendSV_Handler
                0x0000000008002ac4        0xc ./Src/stm32f1xx_it.o
                0x0000000008002ac4                PendSV_Handler
 .text.SysTick_Handler
                0x0000000008002ad0        0xc ./Src/stm32f1xx_it.o
                0x0000000008002ad0                SysTick_Handler
 .text.USART1_IRQHandler
                0x0000000008002adc       0x14 ./Src/stm32f1xx_it.o
                0x0000000008002adc                USART1_IRQHandler
 .text._read    0x0000000008002af0       0x3a ./Src/syscalls.o
                0x0000000008002af0                _read
 .text._close   0x0000000008002b2a       0x16 ./Src/syscalls.o
                0x0000000008002b2a                _close
 .text._fstat   0x0000000008002b40       0x1e ./Src/syscalls.o
                0x0000000008002b40                _fstat
 .text._isatty  0x0000000008002b5e       0x14 ./Src/syscalls.o
                0x0000000008002b5e                _isatty
 .text._lseek   0x0000000008002b72       0x18 ./Src/syscalls.o
                0x0000000008002b72                _lseek
 *fill*         0x0000000008002b8a        0x2 
 .text._sbrk    0x0000000008002b8c       0x58 ./Src/sysmem.o
                0x0000000008002b8c                _sbrk
 .text.SystemInit
                0x0000000008002be4       0x68 ./Src/system_stm32f1xx.o
                0x0000000008002be4                SystemInit
 .text.W6100Initialze
                0x0000000008002c4c       0xb0 ./Src/wizchip_init.o
                0x0000000008002c4c                W6100Initialze
 .text.W6100SpiReadByte
                0x0000000008002cfc       0x2c ./Src/wizchip_init.o
                0x0000000008002cfc                W6100SpiReadByte
 .text.W6100SpiWriteByte
                0x0000000008002d28       0x28 ./Src/wizchip_init.o
                0x0000000008002d28                W6100SpiWriteByte
 .text.W6100CsEnable
                0x0000000008002d50       0x18 ./Src/wizchip_init.o
                0x0000000008002d50                W6100CsEnable
 .text.W6100CsDisable
                0x0000000008002d68       0x18 ./Src/wizchip_init.o
                0x0000000008002d68                W6100CsDisable
 .text.W6100ResetAssert
                0x0000000008002d80       0x18 ./Src/wizchip_init.o
                0x0000000008002d80                W6100ResetAssert
 .text.W6100ResetDeassert
                0x0000000008002d98       0x18 ./Src/wizchip_init.o
                0x0000000008002d98                W6100ResetDeassert
 .text.W6100Reset
                0x0000000008002db0       0x1c ./Src/wizchip_init.o
                0x0000000008002db0                W6100Reset
 .text.Reset_Handler
                0x0000000008002dcc       0x48 ./Startup/startup_stm32f103vctx.o
                0x0000000008002dcc                Reset_Handler
 .text.Default_Handler
                0x0000000008002e14        0x2 ./Startup/startup_stm32f103vctx.o
                0x0000000008002e14                RTC_Alarm_IRQHandler
                0x0000000008002e14                EXTI2_IRQHandler
                0x0000000008002e14                TIM8_TRG_COM_IRQHandler
                0x0000000008002e14                TIM8_CC_IRQHandler
                0x0000000008002e14                TIM1_CC_IRQHandler
                0x0000000008002e14                TIM6_IRQHandler
                0x0000000008002e14                PVD_IRQHandler
                0x0000000008002e14                SDIO_IRQHandler
                0x0000000008002e14                EXTI3_IRQHandler
                0x0000000008002e14                EXTI0_IRQHandler
                0x0000000008002e14                I2C2_EV_IRQHandler
                0x0000000008002e14                ADC1_2_IRQHandler
                0x0000000008002e14                SPI1_IRQHandler
                0x0000000008002e14                TAMPER_IRQHandler
                0x0000000008002e14                TIM8_UP_IRQHandler
                0x0000000008002e14                DMA2_Channel2_IRQHandler
                0x0000000008002e14                DMA1_Channel4_IRQHandler
                0x0000000008002e14                USART3_IRQHandler
                0x0000000008002e14                RTC_IRQHandler
                0x0000000008002e14                DMA1_Channel7_IRQHandler
                0x0000000008002e14                CAN1_RX1_IRQHandler
                0x0000000008002e14                UART5_IRQHandler
                0x0000000008002e14                ADC3_IRQHandler
                0x0000000008002e14                TIM4_IRQHandler
                0x0000000008002e14                DMA2_Channel1_IRQHandler
                0x0000000008002e14                I2C1_EV_IRQHandler
                0x0000000008002e14                DMA1_Channel6_IRQHandler
                0x0000000008002e14                UART4_IRQHandler
                0x0000000008002e14                TIM3_IRQHandler
                0x0000000008002e14                RCC_IRQHandler
                0x0000000008002e14                TIM1_TRG_COM_IRQHandler
                0x0000000008002e14                DMA1_Channel1_IRQHandler
                0x0000000008002e14                Default_Handler
                0x0000000008002e14                EXTI15_10_IRQHandler
                0x0000000008002e14                TIM7_IRQHandler
                0x0000000008002e14                TIM5_IRQHandler
                0x0000000008002e14                EXTI9_5_IRQHandler
                0x0000000008002e14                SPI2_IRQHandler
                0x0000000008002e14                DMA1_Channel5_IRQHandler
                0x0000000008002e14                EXTI4_IRQHandler
                0x0000000008002e14                USB_LP_CAN1_RX0_IRQHandler
                0x0000000008002e14                USB_HP_CAN1_TX_IRQHandler
                0x0000000008002e14                DMA1_Channel3_IRQHandler
                0x0000000008002e14                FSMC_IRQHandler
                0x0000000008002e14                TIM1_UP_IRQHandler
                0x0000000008002e14                WWDG_IRQHandler
                0x0000000008002e14                TIM2_IRQHandler
                0x0000000008002e14                TIM1_BRK_IRQHandler
                0x0000000008002e14                EXTI1_IRQHandler
                0x0000000008002e14                DMA2_Channel4_5_IRQHandler
                0x0000000008002e14                USART2_IRQHandler
                0x0000000008002e14                I2C2_ER_IRQHandler
                0x0000000008002e14                DMA1_Channel2_IRQHandler
                0x0000000008002e14                TIM8_BRK_IRQHandler
                0x0000000008002e14                CAN1_SCE_IRQHandler
                0x0000000008002e14                FLASH_IRQHandler
                0x0000000008002e14                SPI3_IRQHandler
                0x0000000008002e14                I2C1_ER_IRQHandler
                0x0000000008002e14                USBWakeUp_IRQHandler
                0x0000000008002e14                DMA2_Channel3_IRQHandler
 *fill*         0x0000000008002e16        0x2 
 .text.loopback_tcps
                0x0000000008002e18      0x2f8 ./io6Library/Application/loopback/loopback.o
                0x0000000008002e18                loopback_tcps
 .text.WIZCHIP_WRITE
                0x0000000008003110       0x64 ./io6Library/Ethernet/W6100/w6100.o
                0x0000000008003110                WIZCHIP_WRITE
 .text.WIZCHIP_READ
                0x0000000008003174       0x60 ./io6Library/Ethernet/W6100/w6100.o
                0x0000000008003174                WIZCHIP_READ
 .text.WIZCHIP_WRITE_BUF
                0x00000000080031d4       0x70 ./io6Library/Ethernet/W6100/w6100.o
                0x00000000080031d4                WIZCHIP_WRITE_BUF
 .text.WIZCHIP_READ_BUF
                0x0000000008003244       0x68 ./io6Library/Ethernet/W6100/w6100.o
                0x0000000008003244                WIZCHIP_READ_BUF
 .text.getSn_TX_FSR
                0x00000000080032ac       0x6c ./io6Library/Ethernet/W6100/w6100.o
                0x00000000080032ac                getSn_TX_FSR
 .text.getSn_RX_RSR
                0x0000000008003318       0x6c ./io6Library/Ethernet/W6100/w6100.o
                0x0000000008003318                getSn_RX_RSR
 .text.wiz_send_data
                0x0000000008003384       0xc2 ./io6Library/Ethernet/W6100/w6100.o
                0x0000000008003384                wiz_send_data
 .text.wiz_recv_data
                0x0000000008003446       0xcc ./io6Library/Ethernet/W6100/w6100.o
                0x0000000008003446                wiz_recv_data
 *fill*         0x0000000008003512        0x2 
 .text.socket   0x0000000008003514      0x3e8 ./io6Library/Ethernet/socket.o
                0x0000000008003514                socket
 .text.close    0x00000000080038fc       0xdc ./io6Library/Ethernet/socket.o
                0x00000000080038fc                close
 .text.listen   0x00000000080039d8       0x94 ./io6Library/Ethernet/socket.o
                0x00000000080039d8                listen
 .text.disconnect
                0x0000000008003a6c       0xe4 ./io6Library/Ethernet/socket.o
                0x0000000008003a6c                disconnect
 .text.send     0x0000000008003b50      0x1c4 ./io6Library/Ethernet/socket.o
                0x0000000008003b50                send
 .text.recv     0x0000000008003d14      0x100 ./io6Library/Ethernet/socket.o
                0x0000000008003d14                recv
 .text.ctlsocket
                0x0000000008003e14      0x1e0 ./io6Library/Ethernet/socket.o
                0x0000000008003e14                ctlsocket
 .text.getsockopt
                0x0000000008003ff4      0x378 ./io6Library/Ethernet/socket.o
                0x0000000008003ff4                getsockopt
 .text.wizchip_cris_enter
                0x000000000800436c        0xc ./io6Library/Ethernet/wizchip_conf.o
                0x000000000800436c                wizchip_cris_enter
 .text.wizchip_cris_exit
                0x0000000008004378        0xc ./io6Library/Ethernet/wizchip_conf.o
                0x0000000008004378                wizchip_cris_exit
 .text.wizchip_cs_select
                0x0000000008004384        0xc ./io6Library/Ethernet/wizchip_conf.o
                0x0000000008004384                wizchip_cs_select
 .text.wizchip_cs_deselect
                0x0000000008004390        0xc ./io6Library/Ethernet/wizchip_conf.o
                0x0000000008004390                wizchip_cs_deselect
 .text.wizchip_spi_read
                0x000000000800439c        0xe ./io6Library/Ethernet/wizchip_conf.o
                0x000000000800439c                wizchip_spi_read
 .text.wizchip_spi_write
                0x00000000080043aa       0x14 ./io6Library/Ethernet/wizchip_conf.o
                0x00000000080043aa                wizchip_spi_write
 *fill*         0x00000000080043be        0x2 
 .text.wizchip_spi_read_buf
                0x00000000080043c0       0x48 ./io6Library/Ethernet/wizchip_conf.o
                0x00000000080043c0                wizchip_spi_read_buf
 .text.wizchip_spi_write_buf
                0x0000000008004408       0x48 ./io6Library/Ethernet/wizchip_conf.o
                0x0000000008004408                wizchip_spi_write_buf
 .text.reg_wizchip_cs_cbfunc
                0x0000000008004450       0x48 ./io6Library/Ethernet/wizchip_conf.o
                0x0000000008004450                reg_wizchip_cs_cbfunc
 .text.reg_wizchip_spi_cbfunc
                0x0000000008004498       0x8c ./io6Library/Ethernet/wizchip_conf.o
                0x0000000008004498                reg_wizchip_spi_cbfunc
 .text.ctlwizchip
                0x0000000008004524      0x320 ./io6Library/Ethernet/wizchip_conf.o
                0x0000000008004524                ctlwizchip
 .text.ctlnetwork
                0x0000000008004844       0xa4 ./io6Library/Ethernet/wizchip_conf.o
                0x0000000008004844                ctlnetwork
 .text.wizchip_sw_reset
                0x00000000080048e8      0x168 ./io6Library/Ethernet/wizchip_conf.o
                0x00000000080048e8                wizchip_sw_reset
 .text.wizchip_init
                0x0000000008004a50      0x118 ./io6Library/Ethernet/wizchip_conf.o
                0x0000000008004a50                wizchip_init
 .text.wizchip_clrinterrupt
                0x0000000008004b68       0x74 ./io6Library/Ethernet/wizchip_conf.o
                0x0000000008004b68                wizchip_clrinterrupt
 .text.wizchip_getinterrupt
                0x0000000008004bdc       0x3c ./io6Library/Ethernet/wizchip_conf.o
                0x0000000008004bdc                wizchip_getinterrupt
 .text.wizchip_setinterruptmask
                0x0000000008004c18       0x4c ./io6Library/Ethernet/wizchip_conf.o
                0x0000000008004c18                wizchip_setinterruptmask
 .text.wizchip_getinterruptmask
                0x0000000008004c64       0x40 ./io6Library/Ethernet/wizchip_conf.o
                0x0000000008004c64                wizchip_getinterruptmask
 .text.wizphy_getphylink
                0x0000000008004ca4       0x1a ./io6Library/Ethernet/wizchip_conf.o
                0x0000000008004ca4                wizphy_getphylink
 *fill*         0x0000000008004cbe        0x2 
 .text.wizphy_reset
                0x0000000008004cc0       0x40 ./io6Library/Ethernet/wizchip_conf.o
                0x0000000008004cc0                wizphy_reset
 .text.wizphy_setphyconf
                0x0000000008004d00       0x98 ./io6Library/Ethernet/wizchip_conf.o
                0x0000000008004d00                wizphy_setphyconf
 .text.wizphy_getphyconf
                0x0000000008004d98       0x80 ./io6Library/Ethernet/wizchip_conf.o
                0x0000000008004d98                wizphy_getphyconf
 .text.wizphy_getphystatus
                0x0000000008004e18       0x80 ./io6Library/Ethernet/wizchip_conf.o
                0x0000000008004e18                wizphy_getphystatus
 .text.wizphy_setphypmode
                0x0000000008004e98       0x44 ./io6Library/Ethernet/wizchip_conf.o
                0x0000000008004e98                wizphy_setphypmode
 .text.wizphy_getphypmode
                0x0000000008004edc       0x24 ./io6Library/Ethernet/wizchip_conf.o
                0x0000000008004edc                wizphy_getphypmode
 .text.wizchip_setnetinfo
                0x0000000008004f00       0xfc ./io6Library/Ethernet/wizchip_conf.o
                0x0000000008004f00                wizchip_setnetinfo
 .text.wizchip_getnetinfo
                0x0000000008004ffc      0x100 ./io6Library/Ethernet/wizchip_conf.o
                0x0000000008004ffc                wizchip_getnetinfo
 .text.wizchip_setnetmode
                0x00000000080050fc       0x58 ./io6Library/Ethernet/wizchip_conf.o
                0x00000000080050fc                wizchip_setnetmode
 .text.wizchip_getnetmode
                0x0000000008005154       0x5c ./io6Library/Ethernet/wizchip_conf.o
                0x0000000008005154                wizchip_getnetmode
 .text.wizchip_settimeout
                0x00000000080051b0       0x80 ./io6Library/Ethernet/wizchip_conf.o
                0x00000000080051b0                wizchip_settimeout
 .text.wizchip_gettimeout
                0x0000000008005230       0x84 ./io6Library/Ethernet/wizchip_conf.o
                0x0000000008005230                wizchip_gettimeout
 .text.__errno  0x00000000080052b4        0xc c:/st/stm32cubeide_1.6.1/stm32cubeide/plugins/com.st.stm32cube.ide.mcu.externaltools.gnu-tools-for-stm32.9-2020-q2-update.win32_2.0.0.202105311346/tools/bin/../lib/gcc/arm-none-eabi/9.3.1/../../../../arm-none-eabi/lib/thumb/v7-m/nofp\libc_nano.a(lib_a-errno.o)
                0x00000000080052b4                __errno
 .text.__libc_init_array
                0x00000000080052c0       0x48 c:/st/stm32cubeide_1.6.1/stm32cubeide/plugins/com.st.stm32cube.ide.mcu.externaltools.gnu-tools-for-stm32.9-2020-q2-update.win32_2.0.0.202105311346/tools/bin/../lib/gcc/arm-none-eabi/9.3.1/../../../../arm-none-eabi/lib/thumb/v7-m/nofp\libc_nano.a(lib_a-init.o)
                0x00000000080052c0                __libc_init_array
 .text.memset   0x0000000008005308       0x10 c:/st/stm32cubeide_1.6.1/stm32cubeide/plugins/com.st.stm32cube.ide.mcu.externaltools.gnu-tools-for-stm32.9-2020-q2-update.win32_2.0.0.202105311346/tools/bin/../lib/gcc/arm-none-eabi/9.3.1/../../../../arm-none-eabi/lib/thumb/v7-m/nofp\libc_nano.a(lib_a-memset.o)
                0x0000000008005308                memset
 .text.printf   0x0000000008005318       0x30 c:/st/stm32cubeide_1.6.1/stm32cubeide/plugins/com.st.stm32cube.ide.mcu.externaltools.gnu-tools-for-stm32.9-2020-q2-update.win32_2.0.0.202105311346/tools/bin/../lib/gcc/arm-none-eabi/9.3.1/../../../../arm-none-eabi/lib/thumb/v7-m/nofp\libc_nano.a(lib_a-printf.o)
                0x0000000008005318                iprintf
                0x0000000008005318                printf
 .text._puts_r  0x0000000008005348       0xdc c:/st/stm32cubeide_1.6.1/stm32cubeide/plugins/com.st.stm32cube.ide.mcu.externaltools.gnu-tools-for-stm32.9-2020-q2-update.win32_2.0.0.202105311346/tools/bin/../lib/gcc/arm-none-eabi/9.3.1/../../../../arm-none-eabi/lib/thumb/v7-m/nofp\libc_nano.a(lib_a-puts.o)
                0x0000000008005348                _puts_r
 .text.puts     0x0000000008005424       0x10 c:/st/stm32cubeide_1.6.1/stm32cubeide/plugins/com.st.stm32cube.ide.mcu.externaltools.gnu-tools-for-stm32.9-2020-q2-update.win32_2.0.0.202105311346/tools/bin/../lib/gcc/arm-none-eabi/9.3.1/../../../../arm-none-eabi/lib/thumb/v7-m/nofp\libc_nano.a(lib_a-puts.o)
                0x0000000008005424                puts
 .text.__swbuf_r
                0x0000000008005434       0xa4 c:/st/stm32cubeide_1.6.1/stm32cubeide/plugins/com.st.stm32cube.ide.mcu.externaltools.gnu-tools-for-stm32.9-2020-q2-update.win32_2.0.0.202105311346/tools/bin/../lib/gcc/arm-none-eabi/9.3.1/../../../../arm-none-eabi/lib/thumb/v7-m/nofp\libc_nano.a(lib_a-wbuf.o)
                0x0000000008005434                __swbuf_r
 .text.__swsetup_r
                0x00000000080054d8       0xdc c:/st/stm32cubeide_1.6.1/stm32cubeide/plugins/com.st.stm32cube.ide.mcu.externaltools.gnu-tools-for-stm32.9-2020-q2-update.win32_2.0.0.202105311346/tools/bin/../lib/gcc/arm-none-eabi/9.3.1/../../../../arm-none-eabi/lib/thumb/v7-m/nofp\libc_nano.a(lib_a-wsetup.o)
                0x00000000080054d8                __swsetup_r
 .text.__sflush_r
                0x00000000080055b4      0x10c c:/st/stm32cubeide_1.6.1/stm32cubeide/plugins/com.st.stm32cube.ide.mcu.externaltools.gnu-tools-for-stm32.9-2020-q2-update.win32_2.0.0.202105311346/tools/bin/../lib/gcc/arm-none-eabi/9.3.1/../../../../arm-none-eabi/lib/thumb/v7-m/nofp\libc_nano.a(lib_a-fflush.o)
                0x00000000080055b4                __sflush_r
 .text._fflush_r
                0x00000000080056c0       0x78 c:/st/stm32cubeide_1.6.1/stm32cubeide/plugins/com.st.stm32cube.ide.mcu.externaltools.gnu-tools-for-stm32.9-2020-q2-update.win32_2.0.0.202105311346/tools/bin/../lib/gcc/arm-none-eabi/9.3.1/../../../../arm-none-eabi/lib/thumb/v7-m/nofp\libc_nano.a(lib_a-fflush.o)
                0x00000000080056c0                _fflush_r
 .text.std      0x0000000008005738       0x48 c:/st/stm32cubeide_1.6.1/stm32cubeide/plugins/com.st.stm32cube.ide.mcu.externaltools.gnu-tools-for-stm32.9-2020-q2-update.win32_2.0.0.202105311346/tools/bin/../lib/gcc/arm-none-eabi/9.3.1/../../../../arm-none-eabi/lib/thumb/v7-m/nofp\libc_nano.a(lib_a-findfp.o)
 .text._cleanup_r
                0x0000000008005780        0xc c:/st/stm32cubeide_1.6.1/stm32cubeide/plugins/com.st.stm32cube.ide.mcu.externaltools.gnu-tools-for-stm32.9-2020-q2-update.win32_2.0.0.202105311346/tools/bin/../lib/gcc/arm-none-eabi/9.3.1/../../../../arm-none-eabi/lib/thumb/v7-m/nofp\libc_nano.a(lib_a-findfp.o)
                0x0000000008005780                _cleanup_r
 .text.__sfmoreglue
                0x000000000800578c       0x2c c:/st/stm32cubeide_1.6.1/stm32cubeide/plugins/com.st.stm32cube.ide.mcu.externaltools.gnu-tools-for-stm32.9-2020-q2-update.win32_2.0.0.202105311346/tools/bin/../lib/gcc/arm-none-eabi/9.3.1/../../../../arm-none-eabi/lib/thumb/v7-m/nofp\libc_nano.a(lib_a-findfp.o)
                0x000000000800578c                __sfmoreglue
 .text.__sfp_lock_acquire
                0x00000000080057b8        0xc c:/st/stm32cubeide_1.6.1/stm32cubeide/plugins/com.st.stm32cube.ide.mcu.externaltools.gnu-tools-for-stm32.9-2020-q2-update.win32_2.0.0.202105311346/tools/bin/../lib/gcc/arm-none-eabi/9.3.1/../../../../arm-none-eabi/lib/thumb/v7-m/nofp\libc_nano.a(lib_a-findfp.o)
                0x00000000080057b8                __sfp_lock_acquire
 .text.__sfp_lock_release
                0x00000000080057c4        0xc c:/st/stm32cubeide_1.6.1/stm32cubeide/plugins/com.st.stm32cube.ide.mcu.externaltools.gnu-tools-for-stm32.9-2020-q2-update.win32_2.0.0.202105311346/tools/bin/../lib/gcc/arm-none-eabi/9.3.1/../../../../arm-none-eabi/lib/thumb/v7-m/nofp\libc_nano.a(lib_a-findfp.o)
                0x00000000080057c4                __sfp_lock_release
 .text.__sinit_lock_acquire
                0x00000000080057d0        0xc c:/st/stm32cubeide_1.6.1/stm32cubeide/plugins/com.st.stm32cube.ide.mcu.externaltools.gnu-tools-for-stm32.9-2020-q2-update.win32_2.0.0.202105311346/tools/bin/../lib/gcc/arm-none-eabi/9.3.1/../../../../arm-none-eabi/lib/thumb/v7-m/nofp\libc_nano.a(lib_a-findfp.o)
                0x00000000080057d0                __sinit_lock_acquire
 .text.__sinit_lock_release
                0x00000000080057dc        0xc c:/st/stm32cubeide_1.6.1/stm32cubeide/plugins/com.st.stm32cube.ide.mcu.externaltools.gnu-tools-for-stm32.9-2020-q2-update.win32_2.0.0.202105311346/tools/bin/../lib/gcc/arm-none-eabi/9.3.1/../../../../arm-none-eabi/lib/thumb/v7-m/nofp\libc_nano.a(lib_a-findfp.o)
                0x00000000080057dc                __sinit_lock_release
 .text.__sinit  0x00000000080057e8       0x70 c:/st/stm32cubeide_1.6.1/stm32cubeide/plugins/com.st.stm32cube.ide.mcu.externaltools.gnu-tools-for-stm32.9-2020-q2-update.win32_2.0.0.202105311346/tools/bin/../lib/gcc/arm-none-eabi/9.3.1/../../../../arm-none-eabi/lib/thumb/v7-m/nofp\libc_nano.a(lib_a-findfp.o)
                0x00000000080057e8                __sinit
 .text.__sfp    0x0000000008005858       0x8c c:/st/stm32cubeide_1.6.1/stm32cubeide/plugins/com.st.stm32cube.ide.mcu.externaltools.gnu-tools-for-stm32.9-2020-q2-update.win32_2.0.0.202105311346/tools/bin/../lib/gcc/arm-none-eabi/9.3.1/../../../../arm-none-eabi/lib/thumb/v7-m/nofp\libc_nano.a(lib_a-findfp.o)
                0x0000000008005858                __sfp
 .text._fwalk_reent
                0x00000000080058e4       0x3e c:/st/stm32cubeide_1.6.1/stm32cubeide/plugins/com.st.stm32cube.ide.mcu.externaltools.gnu-tools-for-stm32.9-2020-q2-update.win32_2.0.0.202105311346/tools/bin/../lib/gcc/arm-none-eabi/9.3.1/../../../../arm-none-eabi/lib/thumb/v7-m/nofp\libc_nano.a(lib_a-fwalk.o)
                0x00000000080058e4                _fwalk_reent
 .text.__retarget_lock_init_recursive
                0x0000000008005922        0x2 c:/st/stm32cubeide_1.6.1/stm32cubeide/plugins/com.st.stm32cube.ide.mcu.externaltools.gnu-tools-for-stm32.9-2020-q2-update.win32_2.0.0.202105311346/tools/bin/../lib/gcc/arm-none-eabi/9.3.1/../../../../arm-none-eabi/lib/thumb/v7-m/nofp\libc_nano.a(lib_a-lock.o)
                0x0000000008005922                __retarget_lock_init_recursive
 .text.__retarget_lock_acquire_recursive
                0x0000000008005924        0x2 c:/st/stm32cubeide_1.6.1/stm32cubeide/plugins/com.st.stm32cube.ide.mcu.externaltools.gnu-tools-for-stm32.9-2020-q2-update.win32_2.0.0.202105311346/tools/bin/../lib/gcc/arm-none-eabi/9.3.1/../../../../arm-none-eabi/lib/thumb/v7-m/nofp\libc_nano.a(lib_a-lock.o)
                0x0000000008005924                __retarget_lock_acquire_recursive
 .text.__retarget_lock_release_recursive
                0x0000000008005926        0x2 c:/st/stm32cubeide_1.6.1/stm32cubeide/plugins/com.st.stm32cube.ide.mcu.externaltools.gnu-tools-for-stm32.9-2020-q2-update.win32_2.0.0.202105311346/tools/bin/../lib/gcc/arm-none-eabi/9.3.1/../../../../arm-none-eabi/lib/thumb/v7-m/nofp\libc_nano.a(lib_a-lock.o)
                0x0000000008005926                __retarget_lock_release_recursive
 .text.__swhatbuf_r
                0x0000000008005928       0x48 c:/st/stm32cubeide_1.6.1/stm32cubeide/plugins/com.st.stm32cube.ide.mcu.externaltools.gnu-tools-for-stm32.9-2020-q2-update.win32_2.0.0.202105311346/tools/bin/../lib/gcc/arm-none-eabi/9.3.1/../../../../arm-none-eabi/lib/thumb/v7-m/nofp\libc_nano.a(lib_a-makebuf.o)
                0x0000000008005928                __swhatbuf_r
 .text.__smakebuf_r
                0x0000000008005970       0x80 c:/st/stm32cubeide_1.6.1/stm32cubeide/plugins/com.st.stm32cube.ide.mcu.externaltools.gnu-tools-for-stm32.9-2020-q2-update.win32_2.0.0.202105311346/tools/bin/../lib/gcc/arm-none-eabi/9.3.1/../../../../arm-none-eabi/lib/thumb/v7-m/nofp\libc_nano.a(lib_a-makebuf.o)
                0x0000000008005970                __smakebuf_r
 .text._free_r  0x00000000080059f0       0x98 c:/st/stm32cubeide_1.6.1/stm32cubeide/plugins/com.st.stm32cube.ide.mcu.externaltools.gnu-tools-for-stm32.9-2020-q2-update.win32_2.0.0.202105311346/tools/bin/../lib/gcc/arm-none-eabi/9.3.1/../../../../arm-none-eabi/lib/thumb/v7-m/nofp\libc_nano.a(lib_a-nano-freer.o)
                0x00000000080059f0                _free_r
 .text._malloc_r
                0x0000000008005a88       0xb4 c:/st/stm32cubeide_1.6.1/stm32cubeide/plugins/com.st.stm32cube.ide.mcu.externaltools.gnu-tools-for-stm32.9-2020-q2-update.win32_2.0.0.202105311346/tools/bin/../lib/gcc/arm-none-eabi/9.3.1/../../../../arm-none-eabi/lib/thumb/v7-m/nofp\libc_nano.a(lib_a-nano-mallocr.o)
                0x0000000008005a88                _malloc_r
 .text.__sfputc_r
                0x0000000008005b3c       0x2a c:/st/stm32cubeide_1.6.1/stm32cubeide/plugins/com.st.stm32cube.ide.mcu.externaltools.gnu-tools-for-stm32.9-2020-q2-update.win32_2.0.0.202105311346/tools/bin/../lib/gcc/arm-none-eabi/9.3.1/../../../../arm-none-eabi/lib/thumb/v7-m/nofp\libc_nano.a(lib_a-nano-vfprintf.o)
 .text.__sfputs_r
                0x0000000008005b66       0x24 c:/st/stm32cubeide_1.6.1/stm32cubeide/plugins/com.st.stm32cube.ide.mcu.externaltools.gnu-tools-for-stm32.9-2020-q2-update.win32_2.0.0.202105311346/tools/bin/../lib/gcc/arm-none-eabi/9.3.1/../../../../arm-none-eabi/lib/thumb/v7-m/nofp\libc_nano.a(lib_a-nano-vfprintf.o)
                0x0000000008005b66                __sfputs_r
 *fill*         0x0000000008005b8a        0x2 
 .text._vfprintf_r
                0x0000000008005b8c      0x260 c:/st/stm32cubeide_1.6.1/stm32cubeide/plugins/com.st.stm32cube.ide.mcu.externaltools.gnu-tools-for-stm32.9-2020-q2-update.win32_2.0.0.202105311346/tools/bin/../lib/gcc/arm-none-eabi/9.3.1/../../../../arm-none-eabi/lib/thumb/v7-m/nofp\libc_nano.a(lib_a-nano-vfprintf.o)
                0x0000000008005b8c                _vfprintf_r
                0x0000000008005b8c                _vfiprintf_r
 .text._printf_common
                0x0000000008005dec       0xde c:/st/stm32cubeide_1.6.1/stm32cubeide/plugins/com.st.stm32cube.ide.mcu.externaltools.gnu-tools-for-stm32.9-2020-q2-update.win32_2.0.0.202105311346/tools/bin/../lib/gcc/arm-none-eabi/9.3.1/../../../../arm-none-eabi/lib/thumb/v7-m/nofp\libc_nano.a(lib_a-nano-vfprintf_i.o)
                0x0000000008005dec                _printf_common
 *fill*         0x0000000008005eca        0x2 
 .text._printf_i
                0x0000000008005ecc      0x24c c:/st/stm32cubeide_1.6.1/stm32cubeide/plugins/com.st.stm32cube.ide.mcu.externaltools.gnu-tools-for-stm32.9-2020-q2-update.win32_2.0.0.202105311346/tools/bin/../lib/gcc/arm-none-eabi/9.3.1/../../../../arm-none-eabi/lib/thumb/v7-m/nofp\libc_nano.a(lib_a-nano-vfprintf_i.o)
                0x0000000008005ecc                _printf_i
 .text._sbrk_r  0x0000000008006118       0x20 c:/st/stm32cubeide_1.6.1/stm32cubeide/plugins/com.st.stm32cube.ide.mcu.externaltools.gnu-tools-for-stm32.9-2020-q2-update.win32_2.0.0.202105311346/tools/bin/../lib/gcc/arm-none-eabi/9.3.1/../../../../arm-none-eabi/lib/thumb/v7-m/nofp\libc_nano.a(lib_a-sbrkr.o)
                0x0000000008006118                _sbrk_r
 .text.__sread  0x0000000008006138       0x22 c:/st/stm32cubeide_1.6.1/stm32cubeide/plugins/com.st.stm32cube.ide.mcu.externaltools.gnu-tools-for-stm32.9-2020-q2-update.win32_2.0.0.202105311346/tools/bin/../lib/gcc/arm-none-eabi/9.3.1/../../../../arm-none-eabi/lib/thumb/v7-m/nofp\libc_nano.a(lib_a-stdio.o)
                0x0000000008006138                __sread
 .text.__swrite
                0x000000000800615a       0x38 c:/st/stm32cubeide_1.6.1/stm32cubeide/plugins/com.st.stm32cube.ide.mcu.externaltools.gnu-tools-for-stm32.9-2020-q2-update.win32_2.0.0.202105311346/tools/bin/../lib/gcc/arm-none-eabi/9.3.1/../../../../arm-none-eabi/lib/thumb/v7-m/nofp\libc_nano.a(lib_a-stdio.o)
                0x000000000800615a                __swrite
 .text.__sseek  0x0000000008006192       0x24 c:/st/stm32cubeide_1.6.1/stm32cubeide/plugins/com.st.stm32cube.ide.mcu.externaltools.gnu-tools-for-stm32.9-2020-q2-update.win32_2.0.0.202105311346/tools/bin/../lib/gcc/arm-none-eabi/9.3.1/../../../../arm-none-eabi/lib/thumb/v7-m/nofp\libc_nano.a(lib_a-stdio.o)
                0x0000000008006192                __sseek
 .text.__sclose
                0x00000000080061b6        0x8 c:/st/stm32cubeide_1.6.1/stm32cubeide/plugins/com.st.stm32cube.ide.mcu.externaltools.gnu-tools-for-stm32.9-2020-q2-update.win32_2.0.0.202105311346/tools/bin/../lib/gcc/arm-none-eabi/9.3.1/../../../../arm-none-eabi/lib/thumb/v7-m/nofp\libc_nano.a(lib_a-stdio.o)
                0x00000000080061b6                __sclose
 *fill*         0x00000000080061be        0x2 
 .text._write_r
                0x00000000080061c0       0x24 c:/st/stm32cubeide_1.6.1/stm32cubeide/plugins/com.st.stm32cube.ide.mcu.externaltools.gnu-tools-for-stm32.9-2020-q2-update.win32_2.0.0.202105311346/tools/bin/../lib/gcc/arm-none-eabi/9.3.1/../../../../arm-none-eabi/lib/thumb/v7-m/nofp\libc_nano.a(lib_a-writer.o)
                0x00000000080061c0                _write_r
 .text._close_r
                0x00000000080061e4       0x20 c:/st/stm32cubeide_1.6.1/stm32cubeide/plugins/com.st.stm32cube.ide.mcu.externaltools.gnu-tools-for-stm32.9-2020-q2-update.win32_2.0.0.202105311346/tools/bin/../lib/gcc/arm-none-eabi/9.3.1/../../../../arm-none-eabi/lib/thumb/v7-m/nofp\libc_nano.a(lib_a-closer.o)
                0x00000000080061e4                _close_r
 .text._fstat_r
                0x0000000008006204       0x24 c:/st/stm32cubeide_1.6.1/stm32cubeide/plugins/com.st.stm32cube.ide.mcu.externaltools.gnu-tools-for-stm32.9-2020-q2-update.win32_2.0.0.202105311346/tools/bin/../lib/gcc/arm-none-eabi/9.3.1/../../../../arm-none-eabi/lib/thumb/v7-m/nofp\libc_nano.a(lib_a-fstatr.o)
                0x0000000008006204                _fstat_r
 .text._isatty_r
                0x0000000008006228       0x20 c:/st/stm32cubeide_1.6.1/stm32cubeide/plugins/com.st.stm32cube.ide.mcu.externaltools.gnu-tools-for-stm32.9-2020-q2-update.win32_2.0.0.202105311346/tools/bin/../lib/gcc/arm-none-eabi/9.3.1/../../../../arm-none-eabi/lib/thumb/v7-m/nofp\libc_nano.a(lib_a-isattyr.o)
                0x0000000008006228                _isatty_r
 .text._lseek_r
                0x0000000008006248       0x24 c:/st/stm32cubeide_1.6.1/stm32cubeide/plugins/com.st.stm32cube.ide.mcu.externaltools.gnu-tools-for-stm32.9-2020-q2-update.win32_2.0.0.202105311346/tools/bin/../lib/gcc/arm-none-eabi/9.3.1/../../../../arm-none-eabi/lib/thumb/v7-m/nofp\libc_nano.a(lib_a-lseekr.o)
                0x0000000008006248                _lseek_r
 .text.memchr   0x000000000800626c       0x1c c:/st/stm32cubeide_1.6.1/stm32cubeide/plugins/com.st.stm32cube.ide.mcu.externaltools.gnu-tools-for-stm32.9-2020-q2-update.win32_2.0.0.202105311346/tools/bin/../lib/gcc/arm-none-eabi/9.3.1/../../../../arm-none-eabi/lib/thumb/v7-m/nofp\libc_nano.a(lib_a-memchr-stub.o)
                0x000000000800626c                memchr
 .text.__malloc_lock
                0x0000000008006288        0xc c:/st/stm32cubeide_1.6.1/stm32cubeide/plugins/com.st.stm32cube.ide.mcu.externaltools.gnu-tools-for-stm32.9-2020-q2-update.win32_2.0.0.202105311346/tools/bin/../lib/gcc/arm-none-eabi/9.3.1/../../../../arm-none-eabi/lib/thumb/v7-m/nofp\libc_nano.a(lib_a-mlock.o)
                0x0000000008006288                __malloc_lock
 .text.__malloc_unlock
                0x0000000008006294        0xc c:/st/stm32cubeide_1.6.1/stm32cubeide/plugins/com.st.stm32cube.ide.mcu.externaltools.gnu-tools-for-stm32.9-2020-q2-update.win32_2.0.0.202105311346/tools/bin/../lib/gcc/arm-none-eabi/9.3.1/../../../../arm-none-eabi/lib/thumb/v7-m/nofp\libc_nano.a(lib_a-mlock.o)
                0x0000000008006294                __malloc_unlock
 .text._read_r  0x00000000080062a0       0x24 c:/st/stm32cubeide_1.6.1/stm32cubeide/plugins/com.st.stm32cube.ide.mcu.externaltools.gnu-tools-for-stm32.9-2020-q2-update.win32_2.0.0.202105311346/tools/bin/../lib/gcc/arm-none-eabi/9.3.1/../../../../arm-none-eabi/lib/thumb/v7-m/nofp\libc_nano.a(lib_a-readr.o)
                0x00000000080062a0                _read_r
 *(.glue_7)
 .glue_7        0x00000000080062c4        0x0 linker stubs
 *(.glue_7t)
 .glue_7t       0x00000000080062c4        0x0 linker stubs
 *(.eh_frame)
 .eh_frame      0x00000000080062c4        0x0 c:/st/stm32cubeide_1.6.1/stm32cubeide/plugins/com.st.stm32cube.ide.mcu.externaltools.gnu-tools-for-stm32.9-2020-q2-update.win32_2.0.0.202105311346/tools/bin/../lib/gcc/arm-none-eabi/9.3.1/thumb/v7-m/nofp/crtbegin.o
 *(.init)
 .init          0x00000000080062c4        0x4 c:/st/stm32cubeide_1.6.1/stm32cubeide/plugins/com.st.stm32cube.ide.mcu.externaltools.gnu-tools-for-stm32.9-2020-q2-update.win32_2.0.0.202105311346/tools/bin/../lib/gcc/arm-none-eabi/9.3.1/thumb/v7-m/nofp/crti.o
                0x00000000080062c4                _init
 .init          0x00000000080062c8        0x8 c:/st/stm32cubeide_1.6.1/stm32cubeide/plugins/com.st.stm32cube.ide.mcu.externaltools.gnu-tools-for-stm32.9-2020-q2-update.win32_2.0.0.202105311346/tools/bin/../lib/gcc/arm-none-eabi/9.3.1/thumb/v7-m/nofp/crtn.o
 *(.fini)
 .fini          0x00000000080062d0        0x4 c:/st/stm32cubeide_1.6.1/stm32cubeide/plugins/com.st.stm32cube.ide.mcu.externaltools.gnu-tools-for-stm32.9-2020-q2-update.win32_2.0.0.202105311346/tools/bin/../lib/gcc/arm-none-eabi/9.3.1/thumb/v7-m/nofp/crti.o
                0x00000000080062d0                _fini
 .fini          0x00000000080062d4        0x8 c:/st/stm32cubeide_1.6.1/stm32cubeide/plugins/com.st.stm32cube.ide.mcu.externaltools.gnu-tools-for-stm32.9-2020-q2-update.win32_2.0.0.202105311346/tools/bin/../lib/gcc/arm-none-eabi/9.3.1/thumb/v7-m/nofp/crtn.o
                0x00000000080062dc                . = ALIGN (0x4)
                0x00000000080062dc                _etext = .

.vfp11_veneer   0x00000000080062dc        0x0
 .vfp11_veneer  0x00000000080062dc        0x0 linker stubs

.v4_bx          0x00000000080062dc        0x0
 .v4_bx         0x00000000080062dc        0x0 linker stubs

.iplt           0x00000000080062dc        0x0
 .iplt          0x00000000080062dc        0x0 c:/st/stm32cubeide_1.6.1/stm32cubeide/plugins/com.st.stm32cube.ide.mcu.externaltools.gnu-tools-for-stm32.9-2020-q2-update.win32_2.0.0.202105311346/tools/bin/../lib/gcc/arm-none-eabi/9.3.1/thumb/v7-m/nofp/crtbegin.o

.rodata         0x00000000080062dc      0x410
                0x00000000080062dc                . = ALIGN (0x4)
 *(.rodata)
 .rodata        0x00000000080062dc       0x10 ./Drivers/STM32F1xx_HAL_Driver/Src/stm32f1xx_hal_rcc.o
 .rodata        0x00000000080062ec      0x231 ./Src/main.o
 *fill*         0x000000000800651d        0x3 
 .rodata        0x0000000008006520       0x68 ./Src/wizchip_init.o
 .rodata        0x0000000008006588       0xb3 ./io6Library/Application/loopback/loopback.o
 *(.rodata*)
 *fill*         0x000000000800663b        0x1 
 .rodata.AHBPrescTable
                0x000000000800663c       0x10 ./Src/system_stm32f1xx.o
                0x000000000800663c                AHBPrescTable
 .rodata.APBPrescTable
                0x000000000800664c        0x8 ./Src/system_stm32f1xx.o
                0x000000000800664c                APBPrescTable
 .rodata._global_impure_ptr
                0x0000000008006654        0x4 c:/st/stm32cubeide_1.6.1/stm32cubeide/plugins/com.st.stm32cube.ide.mcu.externaltools.gnu-tools-for-stm32.9-2020-q2-update.win32_2.0.0.202105311346/tools/bin/../lib/gcc/arm-none-eabi/9.3.1/../../../../arm-none-eabi/lib/thumb/v7-m/nofp\libc_nano.a(lib_a-impure.o)
                0x0000000008006654                _global_impure_ptr
 .rodata.__sf_fake_stderr
                0x0000000008006658       0x20 c:/st/stm32cubeide_1.6.1/stm32cubeide/plugins/com.st.stm32cube.ide.mcu.externaltools.gnu-tools-for-stm32.9-2020-q2-update.win32_2.0.0.202105311346/tools/bin/../lib/gcc/arm-none-eabi/9.3.1/../../../../arm-none-eabi/lib/thumb/v7-m/nofp\libc_nano.a(lib_a-findfp.o)
                0x0000000008006658                __sf_fake_stderr
 .rodata.__sf_fake_stdin
                0x0000000008006678       0x20 c:/st/stm32cubeide_1.6.1/stm32cubeide/plugins/com.st.stm32cube.ide.mcu.externaltools.gnu-tools-for-stm32.9-2020-q2-update.win32_2.0.0.202105311346/tools/bin/../lib/gcc/arm-none-eabi/9.3.1/../../../../arm-none-eabi/lib/thumb/v7-m/nofp\libc_nano.a(lib_a-findfp.o)
                0x0000000008006678                __sf_fake_stdin
 .rodata.__sf_fake_stdout
                0x0000000008006698       0x20 c:/st/stm32cubeide_1.6.1/stm32cubeide/plugins/com.st.stm32cube.ide.mcu.externaltools.gnu-tools-for-stm32.9-2020-q2-update.win32_2.0.0.202105311346/tools/bin/../lib/gcc/arm-none-eabi/9.3.1/../../../../arm-none-eabi/lib/thumb/v7-m/nofp\libc_nano.a(lib_a-findfp.o)
                0x0000000008006698                __sf_fake_stdout
 .rodata._vfprintf_r.str1.1
                0x00000000080066b8       0x11 c:/st/stm32cubeide_1.6.1/stm32cubeide/plugins/com.st.stm32cube.ide.mcu.externaltools.gnu-tools-for-stm32.9-2020-q2-update.win32_2.0.0.202105311346/tools/bin/../lib/gcc/arm-none-eabi/9.3.1/../../../../arm-none-eabi/lib/thumb/v7-m/nofp\libc_nano.a(lib_a-nano-vfprintf.o)
 .rodata._printf_i.str1.1
                0x00000000080066c9       0x22 c:/st/stm32cubeide_1.6.1/stm32cubeide/plugins/com.st.stm32cube.ide.mcu.externaltools.gnu-tools-for-stm32.9-2020-q2-update.win32_2.0.0.202105311346/tools/bin/../lib/gcc/arm-none-eabi/9.3.1/../../../../arm-none-eabi/lib/thumb/v7-m/nofp\libc_nano.a(lib_a-nano-vfprintf_i.o)
                0x00000000080066ec                . = ALIGN (0x4)
 *fill*         0x00000000080066eb        0x1 

.rel.dyn        0x00000000080066ec        0x0
 .rel.iplt      0x00000000080066ec        0x0 c:/st/stm32cubeide_1.6.1/stm32cubeide/plugins/com.st.stm32cube.ide.mcu.externaltools.gnu-tools-for-stm32.9-2020-q2-update.win32_2.0.0.202105311346/tools/bin/../lib/gcc/arm-none-eabi/9.3.1/thumb/v7-m/nofp/crtbegin.o

.ARM.extab      0x00000000080066ec        0x0
                0x00000000080066ec                . = ALIGN (0x4)
 *(.ARM.extab* .gnu.linkonce.armextab.*)
                0x00000000080066ec                . = ALIGN (0x4)

.ARM            0x00000000080066ec        0x0
                0x00000000080066ec                . = ALIGN (0x4)
                0x00000000080066ec                __exidx_start = .
 *(.ARM.exidx*)
                0x00000000080066ec                __exidx_end = .
                0x00000000080066ec                . = ALIGN (0x4)

.preinit_array  0x00000000080066ec        0x0
                0x00000000080066ec                . = ALIGN (0x4)
                0x00000000080066ec                PROVIDE (__preinit_array_start = .)
 *(.preinit_array*)
                0x00000000080066ec                PROVIDE (__preinit_array_end = .)
                0x00000000080066ec                . = ALIGN (0x4)

.init_array     0x00000000080066ec        0x4
                0x00000000080066ec                . = ALIGN (0x4)
                0x00000000080066ec                PROVIDE (__init_array_start = .)
 *(SORT_BY_NAME(.init_array.*))
 *(.init_array*)
 .init_array    0x00000000080066ec        0x4 c:/st/stm32cubeide_1.6.1/stm32cubeide/plugins/com.st.stm32cube.ide.mcu.externaltools.gnu-tools-for-stm32.9-2020-q2-update.win32_2.0.0.202105311346/tools/bin/../lib/gcc/arm-none-eabi/9.3.1/thumb/v7-m/nofp/crtbegin.o
                0x00000000080066f0                PROVIDE (__init_array_end = .)
                0x00000000080066f0                . = ALIGN (0x4)

.fini_array     0x00000000080066f0        0x4
                0x00000000080066f0                . = ALIGN (0x4)
                [!provide]                        PROVIDE (__fini_array_start = .)
 *(SORT_BY_NAME(.fini_array.*))
 *(.fini_array*)
 .fini_array    0x00000000080066f0        0x4 c:/st/stm32cubeide_1.6.1/stm32cubeide/plugins/com.st.stm32cube.ide.mcu.externaltools.gnu-tools-for-stm32.9-2020-q2-update.win32_2.0.0.202105311346/tools/bin/../lib/gcc/arm-none-eabi/9.3.1/thumb/v7-m/nofp/crtbegin.o
                [!provide]                        PROVIDE (__fini_array_end = .)
                0x00000000080066f4                . = ALIGN (0x4)
                0x00000000080066f4                _sidata = LOADADDR (.data)

.data           0x0000000020000000      0x110 load address 0x00000000080066f4
                0x0000000020000000                . = ALIGN (0x4)
                0x0000000020000000                _sdata = .
 *(.data)
 *(.data*)
 .data.uwTickPrio
                0x0000000020000000        0x4 ./Drivers/STM32F1xx_HAL_Driver/Src/stm32f1xx_hal.o
                0x0000000020000000                uwTickPrio
 .data.uwTickFreq
                0x0000000020000004        0x1 ./Drivers/STM32F1xx_HAL_Driver/Src/stm32f1xx_hal.o
                0x0000000020000004                uwTickFreq
 *fill*         0x0000000020000005        0x3 
 .data.gWIZNETINFO
                0x0000000020000008       0x67 ./Src/main.o
                0x0000000020000008                gWIZNETINFO
 *fill*         0x000000002000006f        0x1 
 .data.SystemCoreClock
                0x0000000020000070        0x4 ./Src/system_stm32f1xx.o
                0x0000000020000070                SystemCoreClock
 .data.msg_v4   0x0000000020000074        0x4 ./io6Library/Application/loopback/loopback.o
                0x0000000020000074                msg_v4
 .data.msg_v6   0x0000000020000078        0x4 ./io6Library/Application/loopback/loopback.o
                0x0000000020000078                msg_v6
 .data.msg_dual
                0x000000002000007c        0x4 ./io6Library/Application/loopback/loopback.o
                0x000000002000007c                msg_dual
 .data.sock_any_port
                0x0000000020000080        0x2 ./io6Library/Ethernet/socket.o
 *fill*         0x0000000020000082        0x2 
 .data.WIZCHIP  0x0000000020000084       0x28 ./io6Library/Ethernet/wizchip_conf.o
                0x0000000020000084                WIZCHIP
 .data._impure_ptr
                0x00000000200000ac        0x4 c:/st/stm32cubeide_1.6.1/stm32cubeide/plugins/com.st.stm32cube.ide.mcu.externaltools.gnu-tools-for-stm32.9-2020-q2-update.win32_2.0.0.202105311346/tools/bin/../lib/gcc/arm-none-eabi/9.3.1/../../../../arm-none-eabi/lib/thumb/v7-m/nofp\libc_nano.a(lib_a-impure.o)
                0x00000000200000ac                _impure_ptr
 .data.impure_data
                0x00000000200000b0       0x60 c:/st/stm32cubeide_1.6.1/stm32cubeide/plugins/com.st.stm32cube.ide.mcu.externaltools.gnu-tools-for-stm32.9-2020-q2-update.win32_2.0.0.202105311346/tools/bin/../lib/gcc/arm-none-eabi/9.3.1/../../../../arm-none-eabi/lib/thumb/v7-m/nofp\libc_nano.a(lib_a-impure.o)
                0x0000000020000110                . = ALIGN (0x4)
                0x0000000020000110                _edata = .

.igot.plt       0x0000000020000110        0x0 load address 0x0000000008006804
 .igot.plt      0x0000000020000110        0x0 c:/st/stm32cubeide_1.6.1/stm32cubeide/plugins/com.st.stm32cube.ide.mcu.externaltools.gnu-tools-for-stm32.9-2020-q2-update.win32_2.0.0.202105311346/tools/bin/../lib/gcc/arm-none-eabi/9.3.1/thumb/v7-m/nofp/crtbegin.o
                0x0000000020000110                . = ALIGN (0x4)

.bss            0x0000000020000110      0x90c load address 0x0000000008006804
                0x0000000020000110                _sbss = .
                0x0000000020000110                __bss_start__ = _sbss
 *(.bss)
 .bss           0x0000000020000110       0x1c c:/st/stm32cubeide_1.6.1/stm32cubeide/plugins/com.st.stm32cube.ide.mcu.externaltools.gnu-tools-for-stm32.9-2020-q2-update.win32_2.0.0.202105311346/tools/bin/../lib/gcc/arm-none-eabi/9.3.1/thumb/v7-m/nofp/crtbegin.o
 *(.bss*)
 .bss.heap_end.5222
                0x000000002000012c        0x4 ./Src/sysmem.o
 .bss.sock_io_mode
                0x0000000020000130        0x2 ./io6Library/Ethernet/socket.o
 .bss.sock_is_sending
                0x0000000020000132        0x2 ./io6Library/Ethernet/socket.o
 .bss.sock_remained_size
                0x0000000020000134       0x10 ./io6Library/Ethernet/socket.o
 .bss.sock_pack_info
                0x0000000020000144        0x8 ./io6Library/Ethernet/socket.o
 .bss._DNS_     0x000000002000014c        0x4 ./io6Library/Ethernet/wizchip_conf.o
 .bss._DNS6_    0x0000000020000150       0x10 ./io6Library/Ethernet/wizchip_conf.o
 .bss._IPMODE_  0x0000000020000160        0x1 ./io6Library/Ethernet/wizchip_conf.o
 *fill*         0x0000000020000161        0x3 
 .bss.__malloc_free_list
                0x0000000020000164        0x4 c:/st/stm32cubeide_1.6.1/stm32cubeide/plugins/com.st.stm32cube.ide.mcu.externaltools.gnu-tools-for-stm32.9-2020-q2-update.win32_2.0.0.202105311346/tools/bin/../lib/gcc/arm-none-eabi/9.3.1/../../../../arm-none-eabi/lib/thumb/v7-m/nofp\libc_nano.a(lib_a-nano-mallocr.o)
                0x0000000020000164                __malloc_free_list
 .bss.__malloc_sbrk_start
                0x0000000020000168        0x4 c:/st/stm32cubeide_1.6.1/stm32cubeide/plugins/com.st.stm32cube.ide.mcu.externaltools.gnu-tools-for-stm32.9-2020-q2-update.win32_2.0.0.202105311346/tools/bin/../lib/gcc/arm-none-eabi/9.3.1/../../../../arm-none-eabi/lib/thumb/v7-m/nofp\libc_nano.a(lib_a-nano-mallocr.o)
                0x0000000020000168                __malloc_sbrk_start
 *(COMMON)
 COMMON         0x000000002000016c        0x4 ./Drivers/STM32F1xx_HAL_Driver/Src/stm32f1xx_hal.o
                0x000000002000016c                uwTick
 COMMON         0x0000000020000170      0x89c ./Src/main.o
                0x0000000020000170                rxData
                0x0000000020000174                hspi2
                0x00000000200001cc                data_buf
                0x00000000200009cc                huart1
 COMMON         0x0000000020000a0c        0x9 c:/st/stm32cubeide_1.6.1/stm32cubeide/plugins/com.st.stm32cube.ide.mcu.externaltools.gnu-tools-for-stm32.9-2020-q2-update.win32_2.0.0.202105311346/tools/bin/../lib/gcc/arm-none-eabi/9.3.1/../../../../arm-none-eabi/lib/thumb/v7-m/nofp\libc_nano.a(lib_a-lock.o)
                0x0000000020000a0c                __lock___atexit_recursive_mutex
                0x0000000020000a0d                __lock___arc4random_mutex
                0x0000000020000a0e                __lock___env_recursive_mutex
                0x0000000020000a0f                __lock___sinit_recursive_mutex
                0x0000000020000a10                __lock___malloc_recursive_mutex
                0x0000000020000a11                __lock___at_quick_exit_mutex
                0x0000000020000a12                __lock___dd_hash_mutex
                0x0000000020000a13                __lock___tz_mutex
                0x0000000020000a14                __lock___sfp_recursive_mutex
 *fill*         0x0000000020000a15        0x3 
 COMMON         0x0000000020000a18        0x4 c:/st/stm32cubeide_1.6.1/stm32cubeide/plugins/com.st.stm32cube.ide.mcu.externaltools.gnu-tools-for-stm32.9-2020-q2-update.win32_2.0.0.202105311346/tools/bin/../lib/gcc/arm-none-eabi/9.3.1/../../../../arm-none-eabi/lib/thumb/v7-m/nofp\libc_nano.a(lib_a-reent.o)
                0x0000000020000a18                errno
                0x0000000020000a1c                . = ALIGN (0x4)
                0x0000000020000a1c                _ebss = .
                0x0000000020000a1c                __bss_end__ = _ebss

._user_heap_stack
                0x0000000020000a1c      0x604 load address 0x0000000008006804
                0x0000000020000a20                . = ALIGN (0x8)
 *fill*         0x0000000020000a1c        0x4 
                0x0000000020000a20                PROVIDE (end = .)
                [!provide]                        PROVIDE (_end = .)
                0x0000000020000c20                . = (. + _Min_Heap_Size)
 *fill*         0x0000000020000a20      0x200 
                0x0000000020001020                . = (. + _Min_Stack_Size)
 *fill*         0x0000000020000c20      0x400 
                0x0000000020001020                . = ALIGN (0x8)

/DISCARD/
 libc.a(*)
 libm.a(*)
 libgcc.a(*)

.ARM.attributes
                0x0000000000000000       0x29
 *(.ARM.attributes)
 .ARM.attributes
                0x0000000000000000       0x1d c:/st/stm32cubeide_1.6.1/stm32cubeide/plugins/com.st.stm32cube.ide.mcu.externaltools.gnu-tools-for-stm32.9-2020-q2-update.win32_2.0.0.202105311346/tools/bin/../lib/gcc/arm-none-eabi/9.3.1/thumb/v7-m/nofp/crti.o
 .ARM.attributes
                0x000000000000001d       0x2d c:/st/stm32cubeide_1.6.1/stm32cubeide/plugins/com.st.stm32cube.ide.mcu.externaltools.gnu-tools-for-stm32.9-2020-q2-update.win32_2.0.0.202105311346/tools/bin/../lib/gcc/arm-none-eabi/9.3.1/thumb/v7-m/nofp/crtbegin.o
 .ARM.attributes
                0x000000000000004a       0x2d ./Drivers/STM32F1xx_HAL_Driver/Src/stm32f1xx_hal.o
 .ARM.attributes
                0x0000000000000077       0x2d ./Drivers/STM32F1xx_HAL_Driver/Src/stm32f1xx_hal_cortex.o
 .ARM.attributes
                0x00000000000000a4       0x2d ./Drivers/STM32F1xx_HAL_Driver/Src/stm32f1xx_hal_dma.o
 .ARM.attributes
                0x00000000000000d1       0x2d ./Drivers/STM32F1xx_HAL_Driver/Src/stm32f1xx_hal_gpio.o
 .ARM.attributes
                0x00000000000000fe       0x2d ./Drivers/STM32F1xx_HAL_Driver/Src/stm32f1xx_hal_rcc.o
 .ARM.attributes
                0x000000000000012b       0x2d ./Drivers/STM32F1xx_HAL_Driver/Src/stm32f1xx_hal_spi.o
 .ARM.attributes
                0x0000000000000158       0x2d ./Drivers/STM32F1xx_HAL_Driver/Src/stm32f1xx_hal_spi_ex.o
 .ARM.attributes
                0x0000000000000185       0x2d ./Drivers/STM32F1xx_HAL_Driver/Src/stm32f1xx_hal_uart.o
 .ARM.attributes
                0x00000000000001b2       0x2d ./Src/board_init.o
 .ARM.attributes
                0x00000000000001df       0x2d ./Src/main.o
 .ARM.attributes
                0x000000000000020c       0x2d ./Src/stm32f1xx_hal_msp.o
 .ARM.attributes
                0x0000000000000239       0x2d ./Src/stm32f1xx_it.o
 .ARM.attributes
                0x0000000000000266       0x2d ./Src/syscalls.o
 .ARM.attributes
                0x0000000000000293       0x2d ./Src/sysmem.o
 .ARM.attributes
                0x00000000000002c0       0x2d ./Src/system_stm32f1xx.o
 .ARM.attributes
                0x00000000000002ed       0x2d ./Src/wizchip_init.o
 .ARM.attributes
                0x000000000000031a       0x21 ./Startup/startup_stm32f103vctx.o
 .ARM.attributes
                0x000000000000033b       0x2d ./io6Library/Application/loopback/loopback.o
 .ARM.attributes
                0x0000000000000368       0x2d ./io6Library/Ethernet/W6100/w6100.o
 .ARM.attributes
                0x0000000000000395       0x2d ./io6Library/Ethernet/socket.o
 .ARM.attributes
                0x00000000000003c2       0x2d ./io6Library/Ethernet/wizchip_conf.o
 .ARM.attributes
                0x00000000000003ef       0x2d c:/st/stm32cubeide_1.6.1/stm32cubeide/plugins/com.st.stm32cube.ide.mcu.externaltools.gnu-tools-for-stm32.9-2020-q2-update.win32_2.0.0.202105311346/tools/bin/../lib/gcc/arm-none-eabi/9.3.1/../../../../arm-none-eabi/lib/thumb/v7-m/nofp\libc_nano.a(lib_a-errno.o)
 .ARM.attributes
                0x000000000000041c       0x2d c:/st/stm32cubeide_1.6.1/stm32cubeide/plugins/com.st.stm32cube.ide.mcu.externaltools.gnu-tools-for-stm32.9-2020-q2-update.win32_2.0.0.202105311346/tools/bin/../lib/gcc/arm-none-eabi/9.3.1/../../../../arm-none-eabi/lib/thumb/v7-m/nofp\libc_nano.a(lib_a-impure.o)
 .ARM.attributes
                0x0000000000000449       0x2d c:/st/stm32cubeide_1.6.1/stm32cubeide/plugins/com.st.stm32cube.ide.mcu.externaltools.gnu-tools-for-stm32.9-2020-q2-update.win32_2.0.0.202105311346/tools/bin/../lib/gcc/arm-none-eabi/9.3.1/../../../../arm-none-eabi/lib/thumb/v7-m/nofp\libc_nano.a(lib_a-init.o)
 .ARM.attributes
                0x0000000000000476       0x2d c:/st/stm32cubeide_1.6.1/stm32cubeide/plugins/com.st.stm32cube.ide.mcu.externaltools.gnu-tools-for-stm32.9-2020-q2-update.win32_2.0.0.202105311346/tools/bin/../lib/gcc/arm-none-eabi/9.3.1/../../../../arm-none-eabi/lib/thumb/v7-m/nofp\libc_nano.a(lib_a-memset.o)
 .ARM.attributes
                0x00000000000004a3       0x2d c:/st/stm32cubeide_1.6.1/stm32cubeide/plugins/com.st.stm32cube.ide.mcu.externaltools.gnu-tools-for-stm32.9-2020-q2-update.win32_2.0.0.202105311346/tools/bin/../lib/gcc/arm-none-eabi/9.3.1/../../../../arm-none-eabi/lib/thumb/v7-m/nofp\libc_nano.a(lib_a-printf.o)
 .ARM.attributes
                0x00000000000004d0       0x2d c:/st/stm32cubeide_1.6.1/stm32cubeide/plugins/com.st.stm32cube.ide.mcu.externaltools.gnu-tools-for-stm32.9-2020-q2-update.win32_2.0.0.202105311346/tools/bin/../lib/gcc/arm-none-eabi/9.3.1/../../../../arm-none-eabi/lib/thumb/v7-m/nofp\libc_nano.a(lib_a-puts.o)
 .ARM.attributes
                0x00000000000004fd       0x2d c:/st/stm32cubeide_1.6.1/stm32cubeide/plugins/com.st.stm32cube.ide.mcu.externaltools.gnu-tools-for-stm32.9-2020-q2-update.win32_2.0.0.202105311346/tools/bin/../lib/gcc/arm-none-eabi/9.3.1/../../../../arm-none-eabi/lib/thumb/v7-m/nofp\libc_nano.a(lib_a-wbuf.o)
 .ARM.attributes
                0x000000000000052a       0x2d c:/st/stm32cubeide_1.6.1/stm32cubeide/plugins/com.st.stm32cube.ide.mcu.externaltools.gnu-tools-for-stm32.9-2020-q2-update.win32_2.0.0.202105311346/tools/bin/../lib/gcc/arm-none-eabi/9.3.1/../../../../arm-none-eabi/lib/thumb/v7-m/nofp\libc_nano.a(lib_a-wsetup.o)
 .ARM.attributes
                0x0000000000000557       0x2d c:/st/stm32cubeide_1.6.1/stm32cubeide/plugins/com.st.stm32cube.ide.mcu.externaltools.gnu-tools-for-stm32.9-2020-q2-update.win32_2.0.0.202105311346/tools/bin/../lib/gcc/arm-none-eabi/9.3.1/../../../../arm-none-eabi/lib/thumb/v7-m/nofp\libc_nano.a(lib_a-fflush.o)
 .ARM.attributes
                0x0000000000000584       0x2d c:/st/stm32cubeide_1.6.1/stm32cubeide/plugins/com.st.stm32cube.ide.mcu.externaltools.gnu-tools-for-stm32.9-2020-q2-update.win32_2.0.0.202105311346/tools/bin/../lib/gcc/arm-none-eabi/9.3.1/../../../../arm-none-eabi/lib/thumb/v7-m/nofp\libc_nano.a(lib_a-findfp.o)
 .ARM.attributes
                0x00000000000005b1       0x2d c:/st/stm32cubeide_1.6.1/stm32cubeide/plugins/com.st.stm32cube.ide.mcu.externaltools.gnu-tools-for-stm32.9-2020-q2-update.win32_2.0.0.202105311346/tools/bin/../lib/gcc/arm-none-eabi/9.3.1/../../../../arm-none-eabi/lib/thumb/v7-m/nofp\libc_nano.a(lib_a-fwalk.o)
 .ARM.attributes
                0x00000000000005de       0x2d c:/st/stm32cubeide_1.6.1/stm32cubeide/plugins/com.st.stm32cube.ide.mcu.externaltools.gnu-tools-for-stm32.9-2020-q2-update.win32_2.0.0.202105311346/tools/bin/../lib/gcc/arm-none-eabi/9.3.1/../../../../arm-none-eabi/lib/thumb/v7-m/nofp\libc_nano.a(lib_a-lock.o)
 .ARM.attributes
                0x000000000000060b       0x2d c:/st/stm32cubeide_1.6.1/stm32cubeide/plugins/com.st.stm32cube.ide.mcu.externaltools.gnu-tools-for-stm32.9-2020-q2-update.win32_2.0.0.202105311346/tools/bin/../lib/gcc/arm-none-eabi/9.3.1/../../../../arm-none-eabi/lib/thumb/v7-m/nofp\libc_nano.a(lib_a-makebuf.o)
 .ARM.attributes
                0x0000000000000638       0x2d c:/st/stm32cubeide_1.6.1/stm32cubeide/plugins/com.st.stm32cube.ide.mcu.externaltools.gnu-tools-for-stm32.9-2020-q2-update.win32_2.0.0.202105311346/tools/bin/../lib/gcc/arm-none-eabi/9.3.1/../../../../arm-none-eabi/lib/thumb/v7-m/nofp\libc_nano.a(lib_a-nano-freer.o)
 .ARM.attributes
                0x0000000000000665       0x2d c:/st/stm32cubeide_1.6.1/stm32cubeide/plugins/com.st.stm32cube.ide.mcu.externaltools.gnu-tools-for-stm32.9-2020-q2-update.win32_2.0.0.202105311346/tools/bin/../lib/gcc/arm-none-eabi/9.3.1/../../../../arm-none-eabi/lib/thumb/v7-m/nofp\libc_nano.a(lib_a-nano-mallocr.o)
 .ARM.attributes
                0x0000000000000692       0x2d c:/st/stm32cubeide_1.6.1/stm32cubeide/plugins/com.st.stm32cube.ide.mcu.externaltools.gnu-tools-for-stm32.9-2020-q2-update.win32_2.0.0.202105311346/tools/bin/../lib/gcc/arm-none-eabi/9.3.1/../../../../arm-none-eabi/lib/thumb/v7-m/nofp\libc_nano.a(lib_a-nano-vfprintf.o)
 .ARM.attributes
                0x00000000000006bf       0x2d c:/st/stm32cubeide_1.6.1/stm32cubeide/plugins/com.st.stm32cube.ide.mcu.externaltools.gnu-tools-for-stm32.9-2020-q2-update.win32_2.0.0.202105311346/tools/bin/../lib/gcc/arm-none-eabi/9.3.1/../../../../arm-none-eabi/lib/thumb/v7-m/nofp\libc_nano.a(lib_a-nano-vfprintf_i.o)
 .ARM.attributes
                0x00000000000006ec       0x2d c:/st/stm32cubeide_1.6.1/stm32cubeide/plugins/com.st.stm32cube.ide.mcu.externaltools.gnu-tools-for-stm32.9-2020-q2-update.win32_2.0.0.202105311346/tools/bin/../lib/gcc/arm-none-eabi/9.3.1/../../../../arm-none-eabi/lib/thumb/v7-m/nofp\libc_nano.a(lib_a-sbrkr.o)
 .ARM.attributes
                0x0000000000000719       0x2d c:/st/stm32cubeide_1.6.1/stm32cubeide/plugins/com.st.stm32cube.ide.mcu.externaltools.gnu-tools-for-stm32.9-2020-q2-update.win32_2.0.0.202105311346/tools/bin/../lib/gcc/arm-none-eabi/9.3.1/../../../../arm-none-eabi/lib/thumb/v7-m/nofp\libc_nano.a(lib_a-stdio.o)
 .ARM.attributes
                0x0000000000000746       0x2d c:/st/stm32cubeide_1.6.1/stm32cubeide/plugins/com.st.stm32cube.ide.mcu.externaltools.gnu-tools-for-stm32.9-2020-q2-update.win32_2.0.0.202105311346/tools/bin/../lib/gcc/arm-none-eabi/9.3.1/../../../../arm-none-eabi/lib/thumb/v7-m/nofp\libc_nano.a(lib_a-writer.o)
 .ARM.attributes
                0x0000000000000773       0x2d c:/st/stm32cubeide_1.6.1/stm32cubeide/plugins/com.st.stm32cube.ide.mcu.externaltools.gnu-tools-for-stm32.9-2020-q2-update.win32_2.0.0.202105311346/tools/bin/../lib/gcc/arm-none-eabi/9.3.1/../../../../arm-none-eabi/lib/thumb/v7-m/nofp\libc_nano.a(lib_a-closer.o)
 .ARM.attributes
                0x00000000000007a0       0x2d c:/st/stm32cubeide_1.6.1/stm32cubeide/plugins/com.st.stm32cube.ide.mcu.externaltools.gnu-tools-for-stm32.9-2020-q2-update.win32_2.0.0.202105311346/tools/bin/../lib/gcc/arm-none-eabi/9.3.1/../../../../arm-none-eabi/lib/thumb/v7-m/nofp\libc_nano.a(lib_a-fstatr.o)
 .ARM.attributes
                0x00000000000007cd       0x2d c:/st/stm32cubeide_1.6.1/stm32cubeide/plugins/com.st.stm32cube.ide.mcu.externaltools.gnu-tools-for-stm32.9-2020-q2-update.win32_2.0.0.202105311346/tools/bin/../lib/gcc/arm-none-eabi/9.3.1/../../../../arm-none-eabi/lib/thumb/v7-m/nofp\libc_nano.a(lib_a-isattyr.o)
 .ARM.attributes
                0x00000000000007fa       0x2d c:/st/stm32cubeide_1.6.1/stm32cubeide/plugins/com.st.stm32cube.ide.mcu.externaltools.gnu-tools-for-stm32.9-2020-q2-update.win32_2.0.0.202105311346/tools/bin/../lib/gcc/arm-none-eabi/9.3.1/../../../../arm-none-eabi/lib/thumb/v7-m/nofp\libc_nano.a(lib_a-lseekr.o)
 .ARM.attributes
                0x0000000000000827       0x2d c:/st/stm32cubeide_1.6.1/stm32cubeide/plugins/com.st.stm32cube.ide.mcu.externaltools.gnu-tools-for-stm32.9-2020-q2-update.win32_2.0.0.202105311346/tools/bin/../lib/gcc/arm-none-eabi/9.3.1/../../../../arm-none-eabi/lib/thumb/v7-m/nofp\libc_nano.a(lib_a-memchr-stub.o)
 .ARM.attributes
                0x0000000000000854       0x2d c:/st/stm32cubeide_1.6.1/stm32cubeide/plugins/com.st.stm32cube.ide.mcu.externaltools.gnu-tools-for-stm32.9-2020-q2-update.win32_2.0.0.202105311346/tools/bin/../lib/gcc/arm-none-eabi/9.3.1/../../../../arm-none-eabi/lib/thumb/v7-m/nofp\libc_nano.a(lib_a-mlock.o)
 .ARM.attributes
                0x0000000000000881       0x2d c:/st/stm32cubeide_1.6.1/stm32cubeide/plugins/com.st.stm32cube.ide.mcu.externaltools.gnu-tools-for-stm32.9-2020-q2-update.win32_2.0.0.202105311346/tools/bin/../lib/gcc/arm-none-eabi/9.3.1/../../../../arm-none-eabi/lib/thumb/v7-m/nofp\libc_nano.a(lib_a-readr.o)
 .ARM.attributes
                0x00000000000008ae       0x2d c:/st/stm32cubeide_1.6.1/stm32cubeide/plugins/com.st.stm32cube.ide.mcu.externaltools.gnu-tools-for-stm32.9-2020-q2-update.win32_2.0.0.202105311346/tools/bin/../lib/gcc/arm-none-eabi/9.3.1/../../../../arm-none-eabi/lib/thumb/v7-m/nofp\libc_nano.a(lib_a-reent.o)
 .ARM.attributes
                0x00000000000008db       0x1d c:/st/stm32cubeide_1.6.1/stm32cubeide/plugins/com.st.stm32cube.ide.mcu.externaltools.gnu-tools-for-stm32.9-2020-q2-update.win32_2.0.0.202105311346/tools/bin/../lib/gcc/arm-none-eabi/9.3.1/thumb/v7-m/nofp/crtn.o
OUTPUT(W6100EVB_MXIDE_loopback.elf elf32-littlearm)
LOAD linker stubs
LOAD c:/st/stm32cubeide_1.6.1/stm32cubeide/plugins/com.st.stm32cube.ide.mcu.externaltools.gnu-tools-for-stm32.9-2020-q2-update.win32_2.0.0.202105311346/tools/bin/../lib/gcc/arm-none-eabi/9.3.1/../../../../arm-none-eabi/lib/thumb/v7-m/nofp\libc.a
LOAD c:/st/stm32cubeide_1.6.1/stm32cubeide/plugins/com.st.stm32cube.ide.mcu.externaltools.gnu-tools-for-stm32.9-2020-q2-update.win32_2.0.0.202105311346/tools/bin/../lib/gcc/arm-none-eabi/9.3.1/../../../../arm-none-eabi/lib/thumb/v7-m/nofp\libm.a
LOAD c:/st/stm32cubeide_1.6.1/stm32cubeide/plugins/com.st.stm32cube.ide.mcu.externaltools.gnu-tools-for-stm32.9-2020-q2-update.win32_2.0.0.202105311346/tools/bin/../lib/gcc/arm-none-eabi/9.3.1/thumb/v7-m/nofp\libgcc.a

.debug_info     0x0000000000000000    0x16720
 .debug_info    0x0000000000000000     0x1043 ./Drivers/STM32F1xx_HAL_Driver/Src/stm32f1xx_hal.o
 .debug_info    0x0000000000001043     0x14c7 ./Drivers/STM32F1xx_HAL_Driver/Src/stm32f1xx_hal_cortex.o
 .debug_info    0x000000000000250a     0x10b2 ./Drivers/STM32F1xx_HAL_Driver/Src/stm32f1xx_hal_dma.o
 .debug_info    0x00000000000035bc      0xfa2 ./Drivers/STM32F1xx_HAL_Driver/Src/stm32f1xx_hal_gpio.o
 .debug_info    0x000000000000455e     0x1138 ./Drivers/STM32F1xx_HAL_Driver/Src/stm32f1xx_hal_rcc.o
 .debug_info    0x0000000000005696     0x1e55 ./Drivers/STM32F1xx_HAL_Driver/Src/stm32f1xx_hal_spi.o
 .debug_info    0x00000000000074eb      0xf47 ./Drivers/STM32F1xx_HAL_Driver/Src/stm32f1xx_hal_spi_ex.o
 .debug_info    0x0000000000008432     0x1b72 ./Drivers/STM32F1xx_HAL_Driver/Src/stm32f1xx_hal_uart.o
 .debug_info    0x0000000000009fa4     0x1123 ./Src/board_init.o
 .debug_info    0x000000000000b0c7     0x1a69 ./Src/main.o
 .debug_info    0x000000000000cb30     0x160a ./Src/stm32f1xx_hal_msp.o
 .debug_info    0x000000000000e13a      0xf32 ./Src/stm32f1xx_it.o
 .debug_info    0x000000000000f06c      0xfb4 ./Src/syscalls.o
 .debug_info    0x0000000000010020      0x9b5 ./Src/sysmem.o
 .debug_info    0x00000000000109d5      0xd13 ./Src/system_stm32f1xx.o
 .debug_info    0x00000000000116e8     0x1593 ./Src/wizchip_init.o
 .debug_info    0x0000000000012c7b       0x22 ./Startup/startup_stm32f103vctx.o
 .debug_info    0x0000000000012c9d      0xfeb ./io6Library/Application/loopback/loopback.o
 .debug_info    0x0000000000013c88      0x5b7 ./io6Library/Ethernet/W6100/w6100.o
 .debug_info    0x000000000001423f     0x1358 ./io6Library/Ethernet/socket.o
 .debug_info    0x0000000000015597     0x1189 ./io6Library/Ethernet/wizchip_conf.o

.debug_abbrev   0x0000000000000000     0x33ee
 .debug_abbrev  0x0000000000000000      0x2fb ./Drivers/STM32F1xx_HAL_Driver/Src/stm32f1xx_hal.o
 .debug_abbrev  0x00000000000002fb      0x3bb ./Drivers/STM32F1xx_HAL_Driver/Src/stm32f1xx_hal_cortex.o
 .debug_abbrev  0x00000000000006b6      0x2a5 ./Drivers/STM32F1xx_HAL_Driver/Src/stm32f1xx_hal_dma.o
 .debug_abbrev  0x000000000000095b      0x285 ./Drivers/STM32F1xx_HAL_Driver/Src/stm32f1xx_hal_gpio.o
 .debug_abbrev  0x0000000000000be0      0x32b ./Drivers/STM32F1xx_HAL_Driver/Src/stm32f1xx_hal_rcc.o
 .debug_abbrev  0x0000000000000f0b      0x2eb ./Drivers/STM32F1xx_HAL_Driver/Src/stm32f1xx_hal_spi.o
 .debug_abbrev  0x00000000000011f6      0x1db ./Drivers/STM32F1xx_HAL_Driver/Src/stm32f1xx_hal_spi_ex.o
 .debug_abbrev  0x00000000000013d1      0x2ed ./Drivers/STM32F1xx_HAL_Driver/Src/stm32f1xx_hal_uart.o
 .debug_abbrev  0x00000000000016be      0x200 ./Src/board_init.o
 .debug_abbrev  0x00000000000018be      0x361 ./Src/main.o
 .debug_abbrev  0x0000000000001c1f      0x221 ./Src/stm32f1xx_hal_msp.o
 .debug_abbrev  0x0000000000001e40      0x1e0 ./Src/stm32f1xx_it.o
 .debug_abbrev  0x0000000000002020      0x297 ./Src/syscalls.o
 .debug_abbrev  0x00000000000022b7      0x1e3 ./Src/sysmem.o
 .debug_abbrev  0x000000000000249a      0x21c ./Src/system_stm32f1xx.o
 .debug_abbrev  0x00000000000026b6      0x2fe ./Src/wizchip_init.o
 .debug_abbrev  0x00000000000029b4       0x12 ./Startup/startup_stm32f103vctx.o
 .debug_abbrev  0x00000000000029c6      0x2e1 ./io6Library/Application/loopback/loopback.o
 .debug_abbrev  0x0000000000002ca7      0x191 ./io6Library/Ethernet/W6100/w6100.o
 .debug_abbrev  0x0000000000002e38      0x2c4 ./io6Library/Ethernet/socket.o
 .debug_abbrev  0x00000000000030fc      0x2f2 ./io6Library/Ethernet/wizchip_conf.o

.debug_aranges  0x0000000000000000      0xc20
 .debug_aranges
                0x0000000000000000       0xd0 ./Drivers/STM32F1xx_HAL_Driver/Src/stm32f1xx_hal.o
 .debug_aranges
                0x00000000000000d0      0x100 ./Drivers/STM32F1xx_HAL_Driver/Src/stm32f1xx_hal_cortex.o
 .debug_aranges
                0x00000000000001d0       0x80 ./Drivers/STM32F1xx_HAL_Driver/Src/stm32f1xx_hal_dma.o
 .debug_aranges
                0x0000000000000250       0x58 ./Drivers/STM32F1xx_HAL_Driver/Src/stm32f1xx_hal_gpio.o
 .debug_aranges
                0x00000000000002a8       0x90 ./Drivers/STM32F1xx_HAL_Driver/Src/stm32f1xx_hal_rcc.o
 .debug_aranges
                0x0000000000000338      0x1d0 ./Drivers/STM32F1xx_HAL_Driver/Src/stm32f1xx_hal_spi.o
 .debug_aranges
                0x0000000000000508       0x20 ./Drivers/STM32F1xx_HAL_Driver/Src/stm32f1xx_hal_spi_ex.o
 .debug_aranges
                0x0000000000000528      0x1d0 ./Drivers/STM32F1xx_HAL_Driver/Src/stm32f1xx_hal_uart.o
 .debug_aranges
                0x00000000000006f8       0x20 ./Src/board_init.o
 .debug_aranges
                0x0000000000000718       0x60 ./Src/main.o
 .debug_aranges
                0x0000000000000778       0x40 ./Src/stm32f1xx_hal_msp.o
 .debug_aranges
                0x00000000000007b8       0x68 ./Src/stm32f1xx_it.o
 .debug_aranges
                0x0000000000000820       0xa8 ./Src/syscalls.o
 .debug_aranges
                0x00000000000008c8       0x20 ./Src/sysmem.o
 .debug_aranges
                0x00000000000008e8       0x28 ./Src/system_stm32f1xx.o
 .debug_aranges
                0x0000000000000910       0x88 ./Src/wizchip_init.o
 .debug_aranges
                0x0000000000000998       0x28 ./Startup/startup_stm32f103vctx.o
 .debug_aranges
                0x00000000000009c0       0x30 ./io6Library/Application/loopback/loopback.o
 .debug_aranges
                0x00000000000009f0       0x60 ./io6Library/Ethernet/W6100/w6100.o
 .debug_aranges
                0x0000000000000a50       0x80 ./io6Library/Ethernet/socket.o
 .debug_aranges
                0x0000000000000ad0      0x150 ./io6Library/Ethernet/wizchip_conf.o

.debug_ranges   0x0000000000000000      0xad8
 .debug_ranges  0x0000000000000000       0xc0 ./Drivers/STM32F1xx_HAL_Driver/Src/stm32f1xx_hal.o
 .debug_ranges  0x00000000000000c0       0xf0 ./Drivers/STM32F1xx_HAL_Driver/Src/stm32f1xx_hal_cortex.o
 .debug_ranges  0x00000000000001b0       0x70 ./Drivers/STM32F1xx_HAL_Driver/Src/stm32f1xx_hal_dma.o
 .debug_ranges  0x0000000000000220       0x48 ./Drivers/STM32F1xx_HAL_Driver/Src/stm32f1xx_hal_gpio.o
 .debug_ranges  0x0000000000000268       0x80 ./Drivers/STM32F1xx_HAL_Driver/Src/stm32f1xx_hal_rcc.o
 .debug_ranges  0x00000000000002e8      0x1c0 ./Drivers/STM32F1xx_HAL_Driver/Src/stm32f1xx_hal_spi.o
 .debug_ranges  0x00000000000004a8       0x10 ./Drivers/STM32F1xx_HAL_Driver/Src/stm32f1xx_hal_spi_ex.o
 .debug_ranges  0x00000000000004b8      0x1c0 ./Drivers/STM32F1xx_HAL_Driver/Src/stm32f1xx_hal_uart.o
 .debug_ranges  0x0000000000000678       0x10 ./Src/board_init.o
 .debug_ranges  0x0000000000000688       0x50 ./Src/main.o
 .debug_ranges  0x00000000000006d8       0x30 ./Src/stm32f1xx_hal_msp.o
 .debug_ranges  0x0000000000000708       0x58 ./Src/stm32f1xx_it.o
 .debug_ranges  0x0000000000000760       0x98 ./Src/syscalls.o
 .debug_ranges  0x00000000000007f8       0x10 ./Src/sysmem.o
 .debug_ranges  0x0000000000000808       0x18 ./Src/system_stm32f1xx.o
 .debug_ranges  0x0000000000000820       0x78 ./Src/wizchip_init.o
 .debug_ranges  0x0000000000000898       0x20 ./Startup/startup_stm32f103vctx.o
 .debug_ranges  0x00000000000008b8       0x20 ./io6Library/Application/loopback/loopback.o
 .debug_ranges  0x00000000000008d8       0x50 ./io6Library/Ethernet/W6100/w6100.o
 .debug_ranges  0x0000000000000928       0x70 ./io6Library/Ethernet/socket.o
 .debug_ranges  0x0000000000000998      0x140 ./io6Library/Ethernet/wizchip_conf.o

.debug_macro    0x0000000000000000    0x191e7
 .debug_macro   0x0000000000000000      0x307 ./Drivers/STM32F1xx_HAL_Driver/Src/stm32f1xx_hal.o
 .debug_macro   0x0000000000000307      0xa9c ./Drivers/STM32F1xx_HAL_Driver/Src/stm32f1xx_hal.o
 .debug_macro   0x0000000000000da3      0x16f ./Drivers/STM32F1xx_HAL_Driver/Src/stm32f1xx_hal.o
 .debug_macro   0x0000000000000f12       0x2e ./Drivers/STM32F1xx_HAL_Driver/Src/stm32f1xx_hal.o
 .debug_macro   0x0000000000000f40       0x22 ./Drivers/STM32F1xx_HAL_Driver/Src/stm32f1xx_hal.o
 .debug_macro   0x0000000000000f62       0x22 ./Drivers/STM32F1xx_HAL_Driver/Src/stm32f1xx_hal.o
 .debug_macro   0x0000000000000f84       0x8e ./Drivers/STM32F1xx_HAL_Driver/Src/stm32f1xx_hal.o
 .debug_macro   0x0000000000001012       0x51 ./Drivers/STM32F1xx_HAL_Driver/Src/stm32f1xx_hal.o
 .debug_macro   0x0000000000001063      0x103 ./Drivers/STM32F1xx_HAL_Driver/Src/stm32f1xx_hal.o
 .debug_macro   0x0000000000001166       0x6a ./Drivers/STM32F1xx_HAL_Driver/Src/stm32f1xx_hal.o
 .debug_macro   0x00000000000011d0      0x1df ./Drivers/STM32F1xx_HAL_Driver/Src/stm32f1xx_hal.o
 .debug_macro   0x00000000000013af       0x34 ./Drivers/STM32F1xx_HAL_Driver/Src/stm32f1xx_hal.o
 .debug_macro   0x00000000000013e3       0x34 ./Drivers/STM32F1xx_HAL_Driver/Src/stm32f1xx_hal.o
 .debug_macro   0x0000000000001417      0xb8e ./Drivers/STM32F1xx_HAL_Driver/Src/stm32f1xx_hal.o
 .debug_macro   0x0000000000001fa5     0xfd85 ./Drivers/STM32F1xx_HAL_Driver/Src/stm32f1xx_hal.o
 .debug_macro   0x0000000000011d2a       0x43 ./Drivers/STM32F1xx_HAL_Driver/Src/stm32f1xx_hal.o
 .debug_macro   0x0000000000011d6d       0x52 ./Drivers/STM32F1xx_HAL_Driver/Src/stm32f1xx_hal.o
 .debug_macro   0x0000000000011dbf       0x18 ./Drivers/STM32F1xx_HAL_Driver/Src/stm32f1xx_hal.o
 .debug_macro   0x0000000000011dd7       0x3c ./Drivers/STM32F1xx_HAL_Driver/Src/stm32f1xx_hal.o
 .debug_macro   0x0000000000011e13       0x34 ./Drivers/STM32F1xx_HAL_Driver/Src/stm32f1xx_hal.o
 .debug_macro   0x0000000000011e47       0x16 ./Drivers/STM32F1xx_HAL_Driver/Src/stm32f1xx_hal.o
 .debug_macro   0x0000000000011e5d       0x97 ./Drivers/STM32F1xx_HAL_Driver/Src/stm32f1xx_hal.o
 .debug_macro   0x0000000000011ef4      0x339 ./Drivers/STM32F1xx_HAL_Driver/Src/stm32f1xx_hal.o
 .debug_macro   0x000000000001222d       0xfd ./Drivers/STM32F1xx_HAL_Driver/Src/stm32f1xx_hal.o
 .debug_macro   0x000000000001232a       0x10 ./Drivers/STM32F1xx_HAL_Driver/Src/stm32f1xx_hal.o
 .debug_macro   0x000000000001233a       0x16 ./Drivers/STM32F1xx_HAL_Driver/Src/stm32f1xx_hal.o
 .debug_macro   0x0000000000012350       0x43 ./Drivers/STM32F1xx_HAL_Driver/Src/stm32f1xx_hal.o
 .debug_macro   0x0000000000012393       0x34 ./Drivers/STM32F1xx_HAL_Driver/Src/stm32f1xx_hal.o
 .debug_macro   0x00000000000123c7       0x10 ./Drivers/STM32F1xx_HAL_Driver/Src/stm32f1xx_hal.o
 .debug_macro   0x00000000000123d7       0x58 ./Drivers/STM32F1xx_HAL_Driver/Src/stm32f1xx_hal.o
 .debug_macro   0x000000000001242f       0x71 ./Drivers/STM32F1xx_HAL_Driver/Src/stm32f1xx_hal.o
 .debug_macro   0x00000000000124a0       0x1c ./Drivers/STM32F1xx_HAL_Driver/Src/stm32f1xx_hal.o
 .debug_macro   0x00000000000124bc      0x12a ./Drivers/STM32F1xx_HAL_Driver/Src/stm32f1xx_hal.o
 .debug_macro   0x00000000000125e6       0x10 ./Drivers/STM32F1xx_HAL_Driver/Src/stm32f1xx_hal.o
 .debug_macro   0x00000000000125f6       0x1c ./Drivers/STM32F1xx_HAL_Driver/Src/stm32f1xx_hal.o
 .debug_macro   0x0000000000012612       0x52 ./Drivers/STM32F1xx_HAL_Driver/Src/stm32f1xx_hal.o
 .debug_macro   0x0000000000012664       0x22 ./Drivers/STM32F1xx_HAL_Driver/Src/stm32f1xx_hal.o
 .debug_macro   0x0000000000012686       0x10 ./Drivers/STM32F1xx_HAL_Driver/Src/stm32f1xx_hal.o
 .debug_macro   0x0000000000012696       0x40 ./Drivers/STM32F1xx_HAL_Driver/Src/stm32f1xx_hal.o
 .debug_macro   0x00000000000126d6       0xd5 ./Drivers/STM32F1xx_HAL_Driver/Src/stm32f1xx_hal.o
 .debug_macro   0x00000000000127ab       0x1c ./Drivers/STM32F1xx_HAL_Driver/Src/stm32f1xx_hal.o
 .debug_macro   0x00000000000127c7       0x3d ./Drivers/STM32F1xx_HAL_Driver/Src/stm32f1xx_hal.o
 .debug_macro   0x0000000000012804       0x16 ./Drivers/STM32F1xx_HAL_Driver/Src/stm32f1xx_hal.o
 .debug_macro   0x000000000001281a      0x145 ./Drivers/STM32F1xx_HAL_Driver/Src/stm32f1xx_hal.o
 .debug_macro   0x000000000001295f       0x57 ./Drivers/STM32F1xx_HAL_Driver/Src/stm32f1xx_hal.o
 .debug_macro   0x00000000000129b6      0x5c2 ./Drivers/STM32F1xx_HAL_Driver/Src/stm32f1xx_hal.o
 .debug_macro   0x0000000000012f78      0x4d6 ./Drivers/STM32F1xx_HAL_Driver/Src/stm32f1xx_hal.o
 .debug_macro   0x000000000001344e      0x1cb ./Drivers/STM32F1xx_HAL_Driver/Src/stm32f1xx_hal.o
 .debug_macro   0x0000000000013619      0x11e ./Drivers/STM32F1xx_HAL_Driver/Src/stm32f1xx_hal.o
 .debug_macro   0x0000000000013737      0x1eb ./Drivers/STM32F1xx_HAL_Driver/Src/stm32f1xx_hal.o
 .debug_macro   0x0000000000013922       0x27 ./Drivers/STM32F1xx_HAL_Driver/Src/stm32f1xx_hal.o
 .debug_macro   0x0000000000013949      0x1bc ./Drivers/STM32F1xx_HAL_Driver/Src/stm32f1xx_hal.o
 .debug_macro   0x0000000000013b05       0x31 ./Drivers/STM32F1xx_HAL_Driver/Src/stm32f1xx_hal.o
 .debug_macro   0x0000000000013b36       0x3c ./Drivers/STM32F1xx_HAL_Driver/Src/stm32f1xx_hal.o
 .debug_macro   0x0000000000013b72       0x57 ./Drivers/STM32F1xx_HAL_Driver/Src/stm32f1xx_hal.o
 .debug_macro   0x0000000000013bc9       0x8c ./Drivers/STM32F1xx_HAL_Driver/Src/stm32f1xx_hal.o
 .debug_macro   0x0000000000013c55      0x250 ./Drivers/STM32F1xx_HAL_Driver/Src/stm32f1xx_hal.o
 .debug_macro   0x0000000000013ea5      0x143 ./Drivers/STM32F1xx_HAL_Driver/Src/stm32f1xx_hal.o
 .debug_macro   0x0000000000013fe8      0x1f4 ./Drivers/STM32F1xx_HAL_Driver/Src/stm32f1xx_hal.o
 .debug_macro   0x00000000000141dc      0x26b ./Drivers/STM32F1xx_HAL_Driver/Src/stm32f1xx_hal.o
 .debug_macro   0x0000000000014447       0xb9 ./Drivers/STM32F1xx_HAL_Driver/Src/stm32f1xx_hal.o
 .debug_macro   0x0000000000014500      0x2e3 ./Drivers/STM32F1xx_HAL_Driver/Src/stm32f1xx_hal_cortex.o
 .debug_macro   0x00000000000147e3      0x2e3 ./Drivers/STM32F1xx_HAL_Driver/Src/stm32f1xx_hal_dma.o
 .debug_macro   0x0000000000014ac6      0x353 ./Drivers/STM32F1xx_HAL_Driver/Src/stm32f1xx_hal_gpio.o
 .debug_macro   0x0000000000014e19      0x2f5 ./Drivers/STM32F1xx_HAL_Driver/Src/stm32f1xx_hal_rcc.o
 .debug_macro   0x000000000001510e      0x2eb ./Drivers/STM32F1xx_HAL_Driver/Src/stm32f1xx_hal_spi.o
 .debug_macro   0x00000000000153f9      0x2e3 ./Drivers/STM32F1xx_HAL_Driver/Src/stm32f1xx_hal_spi_ex.o
 .debug_macro   0x00000000000156dc      0x2e4 ./Drivers/STM32F1xx_HAL_Driver/Src/stm32f1xx_hal_uart.o
 .debug_macro   0x00000000000159c0      0x336 ./Src/board_init.o
 .debug_macro   0x0000000000015cf6       0x2e ./Src/board_init.o
 .debug_macro   0x0000000000015d24       0x5e ./Src/board_init.o
 .debug_macro   0x0000000000015d82      0xcf9 ./Src/board_init.o
 .debug_macro   0x0000000000016a7b       0x40 ./Src/board_init.o
 .debug_macro   0x0000000000016abb       0x97 ./Src/board_init.o
 .debug_macro   0x0000000000016b52      0x349 ./Src/main.o
 .debug_macro   0x0000000000016e9b       0x10 ./Src/main.o
 .debug_macro   0x0000000000016eab      0x2ed ./Src/stm32f1xx_hal_msp.o
 .debug_macro   0x0000000000017198      0x2f7 ./Src/stm32f1xx_it.o
 .debug_macro   0x000000000001748f      0x24c ./Src/syscalls.o
 .debug_macro   0x00000000000176db       0x4c ./Src/syscalls.o
 .debug_macro   0x0000000000017727       0x94 ./Src/syscalls.o
 .debug_macro   0x00000000000177bb       0x57 ./Src/syscalls.o
 .debug_macro   0x0000000000017812      0x174 ./Src/syscalls.o
 .debug_macro   0x0000000000017986       0x10 ./Src/syscalls.o
 .debug_macro   0x0000000000017996       0x35 ./Src/syscalls.o
 .debug_macro   0x00000000000179cb       0x10 ./Src/syscalls.o
 .debug_macro   0x00000000000179db       0x10 ./Src/syscalls.o
 .debug_macro   0x00000000000179eb       0x35 ./Src/syscalls.o
 .debug_macro   0x0000000000017a20      0x12c ./Src/syscalls.o
 .debug_macro   0x0000000000017b4c       0x16 ./Src/syscalls.o
 .debug_macro   0x0000000000017b62       0x16 ./Src/syscalls.o
 .debug_macro   0x0000000000017b78       0x29 ./Src/syscalls.o
 .debug_macro   0x0000000000017ba1       0x10 ./Src/syscalls.o
 .debug_macro   0x0000000000017bb1      0x241 ./Src/syscalls.o
 .debug_macro   0x0000000000017df2       0x1c ./Src/syscalls.o
 .debug_macro   0x0000000000017e0e       0x10 ./Src/syscalls.o
 .debug_macro   0x0000000000017e1e      0x189 ./Src/syscalls.o
 .debug_macro   0x0000000000017fa7       0x16 ./Src/syscalls.o
 .debug_macro   0x0000000000017fbd       0xce ./Src/syscalls.o
 .debug_macro   0x000000000001808b      0x1b1 ./Src/sysmem.o
 .debug_macro   0x000000000001823c      0x23b ./Src/sysmem.o
 .debug_macro   0x0000000000018477      0x2e9 ./Src/system_stm32f1xx.o
 .debug_macro   0x0000000000018760      0x328 ./Src/wizchip_init.o