Archive member included to satisfy reference by file (symbol)

c:/st/stm32cubeide_1.0.1/stm32cubeide/plugins/com.st.stm32cube.ide.mcu.externaltools.gnu-tools-for-stm32.7-2018-q2-update.win32_1.0.0.201904181610/tools/bin/../lib/gcc/arm-none-eabi/7.3.1/../../../../arm-none-eabi/lib/thumb/v7-m\libc_nano.a(lib_a-errno.o)
                              Src/syscalls.o (__errno)
c:/st/stm32cubeide_1.0.1/stm32cubeide/plugins/com.st.stm32cube.ide.mcu.externaltools.gnu-tools-for-stm32.7-2018-q2-update.win32_1.0.0.201904181610/tools/bin/../lib/gcc/arm-none-eabi/7.3.1/../../../../arm-none-eabi/lib/thumb/v7-m\libc_nano.a(lib_a-exit.o)
                              c:/st/stm32cubeide_1.0.1/stm32cubeide/plugins/com.st.stm32cube.ide.mcu.externaltools.gnu-tools-for-stm32.7-2018-q2-update.win32_1.0.0.201904181610/tools/bin/../lib/gcc/arm-none-eabi/7.3.1/../../../../arm-none-eabi/lib/thumb/v7-m/crt0.o (exit)
c:/st/stm32cubeide_1.0.1/stm32cubeide/plugins/com.st.stm32cube.ide.mcu.externaltools.gnu-tools-for-stm32.7-2018-q2-update.win32_1.0.0.201904181610/tools/bin/../lib/gcc/arm-none-eabi/7.3.1/../../../../arm-none-eabi/lib/thumb/v7-m\libc_nano.a(lib_a-impure.o)
                              c:/st/stm32cubeide_1.0.1/stm32cubeide/plugins/com.st.stm32cube.ide.mcu.externaltools.gnu-tools-for-stm32.7-2018-q2-update.win32_1.0.0.201904181610/tools/bin/../lib/gcc/arm-none-eabi/7.3.1/../../../../arm-none-eabi/lib/thumb/v7-m\libc_nano.a(lib_a-exit.o) (_global_impure_ptr)
c:/st/stm32cubeide_1.0.1/stm32cubeide/plugins/com.st.stm32cube.ide.mcu.externaltools.gnu-tools-for-stm32.7-2018-q2-update.win32_1.0.0.201904181610/tools/bin/../lib/gcc/arm-none-eabi/7.3.1/../../../../arm-none-eabi/lib/thumb/v7-m\libc_nano.a(lib_a-init.o)
                              c:/st/stm32cubeide_1.0.1/stm32cubeide/plugins/com.st.stm32cube.ide.mcu.externaltools.gnu-tools-for-stm32.7-2018-q2-update.win32_1.0.0.201904181610/tools/bin/../lib/gcc/arm-none-eabi/7.3.1/../../../../arm-none-eabi/lib/thumb/v7-m/crt0.o (__libc_init_array)
c:/st/stm32cubeide_1.0.1/stm32cubeide/plugins/com.st.stm32cube.ide.mcu.externaltools.gnu-tools-for-stm32.7-2018-q2-update.win32_1.0.0.201904181610/tools/bin/../lib/gcc/arm-none-eabi/7.3.1/../../../../arm-none-eabi/lib/thumb/v7-m\libc_nano.a(lib_a-memset.o)
                              c:/st/stm32cubeide_1.0.1/stm32cubeide/plugins/com.st.stm32cube.ide.mcu.externaltools.gnu-tools-for-stm32.7-2018-q2-update.win32_1.0.0.201904181610/tools/bin/../lib/gcc/arm-none-eabi/7.3.1/../../../../arm-none-eabi/lib/thumb/v7-m/crt0.o (memset)
c:/st/stm32cubeide_1.0.1/stm32cubeide/plugins/com.st.stm32cube.ide.mcu.externaltools.gnu-tools-for-stm32.7-2018-q2-update.win32_1.0.0.201904181610/tools/bin/../lib/gcc/arm-none-eabi/7.3.1/../../../../arm-none-eabi/lib/thumb/v7-m\libc_nano.a(lib_a-printf.o)
                              Src/main.o (printf)
c:/st/stm32cubeide_1.0.1/stm32cubeide/plugins/com.st.stm32cube.ide.mcu.externaltools.gnu-tools-for-stm32.7-2018-q2-update.win32_1.0.0.201904181610/tools/bin/../lib/gcc/arm-none-eabi/7.3.1/../../../../arm-none-eabi/lib/thumb/v7-m\libc_nano.a(lib_a-puts.o)
                              Src/main.o (puts)
c:/st/stm32cubeide_1.0.1/stm32cubeide/plugins/com.st.stm32cube.ide.mcu.externaltools.gnu-tools-for-stm32.7-2018-q2-update.win32_1.0.0.201904181610/tools/bin/../lib/gcc/arm-none-eabi/7.3.1/../../../../arm-none-eabi/lib/thumb/v7-m\libc_nano.a(lib_a-strchr.o)
                              io6Library/Internet/DNS/dns.o (strchr)
c:/st/stm32cubeide_1.0.1/stm32cubeide/plugins/com.st.stm32cube.ide.mcu.externaltools.gnu-tools-for-stm32.7-2018-q2-update.win32_1.0.0.201904181610/tools/bin/../lib/gcc/arm-none-eabi/7.3.1/../../../../arm-none-eabi/lib/thumb/v7-m\libc_nano.a(lib_a-strcpy.o)
                              io6Library/Internet/DNS/dns.o (strcpy)
c:/st/stm32cubeide_1.0.1/stm32cubeide/plugins/com.st.stm32cube.ide.mcu.externaltools.gnu-tools-for-stm32.7-2018-q2-update.win32_1.0.0.201904181610/tools/bin/../lib/gcc/arm-none-eabi/7.3.1/../../../../arm-none-eabi/lib/thumb/v7-m\libc_nano.a(lib_a-strlen.o)
                              io6Library/Internet/DNS/dns.o (strlen)
c:/st/stm32cubeide_1.0.1/stm32cubeide/plugins/com.st.stm32cube.ide.mcu.externaltools.gnu-tools-for-stm32.7-2018-q2-update.win32_1.0.0.201904181610/tools/bin/../lib/gcc/arm-none-eabi/7.3.1/../../../../arm-none-eabi/lib/thumb/v7-m\libc_nano.a(lib_a-strncpy.o)
                              io6Library/Internet/DNS/dns.o (strncpy)
c:/st/stm32cubeide_1.0.1/stm32cubeide/plugins/com.st.stm32cube.ide.mcu.externaltools.gnu-tools-for-stm32.7-2018-q2-update.win32_1.0.0.201904181610/tools/bin/../lib/gcc/arm-none-eabi/7.3.1/../../../../arm-none-eabi/lib/thumb/v7-m\libc_nano.a(lib_a-wbuf.o)
[...]
Memory Configuration

Name             Origin             Length             Attributes
FLASH            0x0000000008000000 0x0000000000040000 xr
RAM              0x0000000020000000 0x000000000000c000 xrw
*default*        0x0000000000000000 0xffffffffffffffff

Linker script and memory map

LOAD c:/st/stm32cubeide_1.0.1/stm32cubeide/plugins/com.st.stm32cube.ide.mcu.externaltools.gnu-tools-for-stm32.7-2018-q2-update.win32_1.0.0.201904181610/tools/bin/../lib/gcc/arm-none-eabi/7.3.1/thumb/v7-m/crti.o
LOAD c:/st/stm32cubeide_1.0.1/stm32cubeide/plugins/com.st.stm32cube.ide.mcu.externaltools.gnu-tools-for-stm32.7-2018-q2-update.win32_1.0.0.201904181610/tools/bin/../lib/gcc/arm-none-eabi/7.3.1/thumb/v7-m/crtbegin.o
LOAD c:/st/stm32cubeide_1.0.1/stm32cubeide/plugins/com.st.stm32cube.ide.mcu.externaltools.gnu-tools-for-stm32.7-2018-q2-update.win32_1.0.0.201904181610/tools/bin/../lib/gcc/arm-none-eabi/7.3.1/../../../../arm-none-eabi/lib/thumb/v7-m/crt0.o
LOAD Drivers/STM32F1xx_HAL_Driver/Src/stm32f1xx_hal.o
LOAD Drivers/STM32F1xx_HAL_Driver/Src/stm32f1xx_hal_cortex.o
LOAD Drivers/STM32F1xx_HAL_Driver/Src/stm32f1xx_hal_dma.o
LOAD Drivers/STM32F1xx_HAL_Driver/Src/stm32f1xx_hal_flash.o
LOAD Drivers/STM32F1xx_HAL_Driver/Src/stm32f1xx_hal_flash_ex.o
LOAD Drivers/STM32F1xx_HAL_Driver/Src/stm32f1xx_hal_gpio.o
LOAD Drivers/STM32F1xx_HAL_Driver/Src/stm32f1xx_hal_gpio_ex.o
LOAD Drivers/STM32F1xx_HAL_Driver/Src/stm32f1xx_hal_pwr.o
LOAD Drivers/STM32F1xx_HAL_Driver/Src/stm32f1xx_hal_rcc.o
LOAD Drivers/STM32F1xx_HAL_Driver/Src/stm32f1xx_hal_rcc_ex.o
LOAD Drivers/STM32F1xx_HAL_Driver/Src/stm32f1xx_hal_spi.o
LOAD Drivers/STM32F1xx_HAL_Driver/Src/stm32f1xx_hal_spi_ex.o
LOAD Drivers/STM32F1xx_HAL_Driver/Src/stm32f1xx_hal_tim.o
LOAD Drivers/STM32F1xx_HAL_Driver/Src/stm32f1xx_hal_tim_ex.o
LOAD Drivers/STM32F1xx_HAL_Driver/Src/stm32f1xx_hal_uart.o
LOAD Src/board_init.o
LOAD Src/main.o
LOAD Src/stm32f1xx_hal_msp.o
LOAD Src/stm32f1xx_it.o
LOAD Src/syscalls.o
LOAD Src/sysmem.o
LOAD Src/system_stm32f1xx.o
LOAD Src/wizchip_init.o
LOAD Startup/startup_stm32f103vctx.o
LOAD io6Library/Application/loopback/loopback.o
LOAD io6Library/Ethernet/W6100/w6100.o
LOAD io6Library/Ethernet/socket.o
LOAD io6Library/Ethernet/wizchip_conf.o
LOAD io6Library/Internet/DHCP6/dhcpv6.o
LOAD io6Library/Internet/DNS/dns.o
START GROUP
LOAD c:/st/stm32cubeide_1.0.1/stm32cubeide/plugins/com.st.stm32cube.ide.mcu.externaltools.gnu-tools-for-stm32.7-2018-q2-update.win32_1.0.0.201904181610/tools/bin/../lib/gcc/arm-none-eabi/7.3.1/../../../../arm-none-eabi/lib/thumb/v7-m\libc_nano.a
LOAD c:/st/stm32cubeide_1.0.1/stm32cubeide/plugins/com.st.stm32cube.ide.mcu.externaltools.gnu-tools-for-stm32.7-2018-q2-update.win32_1.0.0.201904181610/tools/bin/../lib/gcc/arm-none-eabi/7.3.1/../../../../arm-none-eabi/lib/thumb/v7-m\libm.a
END GROUP
START GROUP
LOAD c:/st/stm32cubeide_1.0.1/stm32cubeide/plugins/com.st.stm32cube.ide.mcu.externaltools.gnu-tools-for-stm32.7-2018-q2-update.win32_1.0.0.201904181610/tools/bin/../lib/gcc/arm-none-eabi/7.3.1/thumb/v7-m\libgcc.a
LOAD c:/st/stm32cubeide_1.0.1/stm32cubeide/plugins/com.st.stm32cube.ide.mcu.externaltools.gnu-tools-for-stm32.7-2018-q2-update.win32_1.0.0.201904181610/tools/bin/../lib/gcc/arm-none-eabi/7.3.1/../../../../arm-none-eabi/lib/thumb/v7-m\libc_nano.a
END GROUP
START GROUP
LOAD c:/st/stm32cubeide_1.0.1/stm32cubeide/plugins/com.st.stm32cube.ide.mcu.externaltools.gnu-tools-for-stm32.7-2018-q2-update.win32_1.0.0.201904181610/tools/bin/../lib/gcc/arm-none-eabi/7.3.1/thumb/v7-m\libgcc.a
LOAD c:/st/stm32cubeide_1.0.1/stm32cubeide/plugins/com.st.stm32cube.ide.mcu.externaltools.gnu-tools-for-stm32.7-2018-q2-update.win32_1.0.0.201904181610/tools/bin/../lib/gcc/arm-none-eabi/7.3.1/../../../../arm-none-eabi/lib/thumb/v7-m\libc_nano.a
LOAD c:/st/stm32cubeide_1.0.1/stm32cubeide/plugins/com.st.stm32cube.ide.mcu.externaltools.gnu-tools-for-stm32.7-2018-q2-update.win32_1.0.0.201904181610/tools/bin/../lib/gcc/arm-none-eabi/7.3.1/../../../../arm-none-eabi/lib/thumb/v7-m\libnosys.a
END GROUP
START GROUP
LOAD c:/st/stm32cubeide_1.0.1/stm32cubeide/plugins/com.st.stm32cube.ide.mcu.externaltools.gnu-tools-for-stm32.7-2018-q2-update.win32_1.0.0.201904181610/tools/bin/../lib/gcc/arm-none-eabi/7.3.1/thumb/v7-m\libgcc.a
LOAD c:/st/stm32cubeide_1.0.1/stm32cubeide/plugins/com.st.stm32cube.ide.mcu.externaltools.gnu-tools-for-stm32.7-2018-q2-update.win32_1.0.0.201904181610/tools/bin/../lib/gcc/arm-none-eabi/7.3.1/../../../../arm-none-eabi/lib/thumb/v7-m\libc_nano.a
LOAD c:/st/stm32cubeide_1.0.1/stm32cubeide/plugins/com.st.stm32cube.ide.mcu.externaltools.gnu-tools-for-stm32.7-2018-q2-update.win32_1.0.0.201904181610/tools/bin/../lib/gcc/arm-none-eabi/7.3.1/../../../../arm-none-eabi/lib/thumb/v7-m\libnosys.a
END GROUP
LOAD c:/st/stm32cubeide_1.0.1/stm32cubeide/plugins/com.st.stm32cube.ide.mcu.externaltools.gnu-tools-for-stm32.7-2018-q2-update.win32_1.0.0.201904181610/tools/bin/../lib/gcc/arm-none-eabi/7.3.1/thumb/v7-m/crtend.o
LOAD c:/st/stm32cubeide_1.0.1/stm32cubeide/plugins/com.st.stm32cube.ide.mcu.externaltools.gnu-tools-for-stm32.7-2018-q2-update.win32_1.0.0.201904181610/tools/bin/../lib/gcc/arm-none-eabi/7.3.1/thumb/v7-m/crtn.o
                0x000000002000c000                _estack = 0x2000c000
                0x0000000000000200                _Min_Heap_Size = 0x200
                0x0000000000000400                _Min_Stack_Size = 0x400

.isr_vector     0x0000000008000000      0x1e4
                0x0000000008000000                . = ALIGN (0x4)
 *(.isr_vector)
 .isr_vector    0x0000000008000000      0x1e4 Startup/startup_stm32f103vctx.o
                0x0000000008000000                g_pfnVectors
                0x00000000080001e4                . = ALIGN (0x4)

.text           0x00000000080001e4     0x5f94
                0x00000000080001e4                . = ALIGN (0x4)
 *(.text)
 .text          0x00000000080001e4       0x40 c:/st/stm32cubeide_1.0.1/stm32cubeide/plugins/com.st.stm32cube.ide.mcu.externaltools.gnu-tools-for-stm32.7-2018-q2-update.win32_1.0.0.201904181610/tools/bin/../lib/gcc/arm-none-eabi/7.3.1/thumb/v7-m/crtbegin.o
 *(.text*)
 .text.HAL_Init
                0x0000000008000224       0x2c Drivers/STM32F1xx_HAL_Driver/Src/stm32f1xx_hal.o
                0x0000000008000224                HAL_Init
 .text.HAL_InitTick
                0x0000000008000250       0x60 Drivers/STM32F1xx_HAL_Driver/Src/stm32f1xx_hal.o
                0x0000000008000250                HAL_InitTick
 .text.HAL_IncTick
                0x00000000080002b0       0x24 Drivers/STM32F1xx_HAL_Driver/Src/stm32f1xx_hal.o
                0x00000000080002b0                HAL_IncTick
 .text.HAL_GetTick
                0x00000000080002d4       0x14 Drivers/STM32F1xx_HAL_Driver/Src/stm32f1xx_hal.o
                0x00000000080002d4                HAL_GetTick
 .text.HAL_Delay
                0x00000000080002e8       0x44 Drivers/STM32F1xx_HAL_Driver/Src/stm32f1xx_hal.o
                0x00000000080002e8                HAL_Delay
 .text.NVIC_SetPriorityGrouping
                0x000000000800032c       0x48 Drivers/STM32F1xx_HAL_Driver/Src/stm32f1xx_hal_cortex.o
 .text.NVIC_GetPriorityGrouping
                0x0000000008000374       0x1c Drivers/STM32F1xx_HAL_Driver/Src/stm32f1xx_hal_cortex.o
 .text.NVIC_EnableIRQ
                0x0000000008000390       0x30 Drivers/STM32F1xx_HAL_Driver/Src/stm32f1xx_hal_cortex.o
 .text.NVIC_SetPriority
                0x00000000080003c0       0x54 Drivers/STM32F1xx_HAL_Driver/Src/stm32f1xx_hal_cortex.o
 .text.NVIC_EncodePriority
                0x0000000008000414       0x64 Drivers/STM32F1xx_HAL_Driver/Src/stm32f1xx_hal_cortex.o
 .text.SysTick_Config
                0x0000000008000478       0x44 Drivers/STM32F1xx_HAL_Driver/Src/stm32f1xx_hal_cortex.o
 .text.HAL_NVIC_SetPriorityGrouping
                0x00000000080004bc       0x16 Drivers/STM32F1xx_HAL_Driver/Src/stm32f1xx_hal_cortex.o
                0x00000000080004bc                HAL_NVIC_SetPriorityGrouping
 .text.HAL_NVIC_SetPriority
                0x00000000080004d2       0x38 Drivers/STM32F1xx_HAL_Driver/Src/stm32f1xx_hal_cortex.o
                0x00000000080004d2                HAL_NVIC_SetPriority
 .text.HAL_NVIC_EnableIRQ
                0x000000000800050a       0x1c Drivers/STM32F1xx_HAL_Driver/Src/stm32f1xx_hal_cortex.o
                0x000000000800050a                HAL_NVIC_EnableIRQ
 .text.HAL_SYSTICK_Config
                0x0000000008000526       0x18 Drivers/STM32F1xx_HAL_Driver/Src/stm32f1xx_hal_cortex.o
                0x0000000008000526                HAL_SYSTICK_Config
 *fill*         0x000000000800053e        0x2 
 .text.HAL_DMA_Abort_IT
                0x0000000008000540      0x210 Drivers/STM32F1xx_HAL_Driver/Src/stm32f1xx_hal_dma.o
                0x0000000008000540                HAL_DMA_Abort_IT
 .text.HAL_GPIO_Init
                0x0000000008000750      0x2dc Drivers/STM32F1xx_HAL_Driver/Src/stm32f1xx_hal_gpio.o
                0x0000000008000750                HAL_GPIO_Init
 .text.HAL_GPIO_WritePin
                0x0000000008000a2c       0x30 Drivers/STM32F1xx_HAL_Driver/Src/stm32f1xx_hal_gpio.o
                0x0000000008000a2c                HAL_GPIO_WritePin
 .text.HAL_RCC_OscConfig
                0x0000000008000a5c      0x4c8 Drivers/STM32F1xx_HAL_Driver/Src/stm32f1xx_hal_rcc.o
                0x0000000008000a5c                HAL_RCC_OscConfig
 .text.HAL_RCC_ClockConfig
                0x0000000008000f24      0x218 Drivers/STM32F1xx_HAL_Driver/Src/stm32f1xx_hal_rcc.o
                0x0000000008000f24                HAL_RCC_ClockConfig
 .text.HAL_RCC_GetSysClockFreq
                0x000000000800113c       0xc8 Drivers/STM32F1xx_HAL_Driver/Src/stm32f1xx_hal_rcc.o
                0x000000000800113c                HAL_RCC_GetSysClockFreq
 .text.HAL_RCC_GetHCLKFreq
                0x0000000008001204       0x14 Drivers/STM32F1xx_HAL_Driver/Src/stm32f1xx_hal_rcc.o
                0x0000000008001204                HAL_RCC_GetHCLKFreq
 .text.HAL_RCC_GetPCLK1Freq
                0x0000000008001218       0x28 Drivers/STM32F1xx_HAL_Driver/Src/stm32f1xx_hal_rcc.o
                0x0000000008001218                HAL_RCC_GetPCLK1Freq
 .text.HAL_RCC_GetPCLK2Freq
                0x0000000008001240       0x28 Drivers/STM32F1xx_HAL_Driver/Src/stm32f1xx_hal_rcc.o
                0x0000000008001240                HAL_RCC_GetPCLK2Freq
 .text.RCC_Delay
                0x0000000008001268       0x3c Drivers/STM32F1xx_HAL_Driver/Src/stm32f1xx_hal_rcc.o
 .text.HAL_SPI_TransmitReceive
                0x00000000080012a4      0x340 Drivers/STM32F1xx_HAL_Driver/Src/stm32f1xx_hal_spi.o
                0x00000000080012a4                HAL_SPI_TransmitReceive
 .text.SPI_WaitFlagStateUntilTimeout
                0x00000000080015e4       0xd2 Drivers/STM32F1xx_HAL_Driver/Src/stm32f1xx_hal_spi.o
 .text.SPI_CheckFlag_BSY
                0x00000000080016b6       0x3c Drivers/STM32F1xx_HAL_Driver/Src/stm32f1xx_hal_spi.o
 .text.HAL_SPI_Init
                0x00000000080016f2       0xca Drivers/STM32F1xx_HAL_Driver/Src/stm32f1xx_hal_spi_ex.o
                0x00000000080016f2                HAL_SPI_Init
 .text.HAL_UART_Init
                0x00000000080017bc       0x9a Drivers/STM32F1xx_HAL_Driver/Src/stm32f1xx_hal_uart.o
                0x00000000080017bc                HAL_UART_Init
 .text.HAL_UART_Transmit
                0x0000000008001856      0x132 Drivers/STM32F1xx_HAL_Driver/Src/stm32f1xx_hal_uart.o
                0x0000000008001856                HAL_UART_Transmit
 .text.HAL_UART_Receive_IT
                0x0000000008001988       0xa8 Drivers/STM32F1xx_HAL_Driver/Src/stm32f1xx_hal_uart.o
                0x0000000008001988                HAL_UART_Receive_IT
 .text.HAL_UART_IRQHandler
                0x0000000008001a30      0x1f8 Drivers/STM32F1xx_HAL_Driver/Src/stm32f1xx_hal_uart.o
                0x0000000008001a30                HAL_UART_IRQHandler
 .text.HAL_UART_TxCpltCallback
                0x0000000008001c28       0x12 Drivers/STM32F1xx_HAL_Driver/Src/stm32f1xx_hal_uart.o
                0x0000000008001c28                HAL_UART_TxCpltCallback
 .text.HAL_UART_ErrorCallback
                0x0000000008001c3a       0x12 Drivers/STM32F1xx_HAL_Driver/Src/stm32f1xx_hal_uart.o
                0x0000000008001c3a                HAL_UART_ErrorCallback
 .text.UART_WaitOnFlagUntilTimeout
                0x0000000008001c4c       0x94 Drivers/STM32F1xx_HAL_Driver/Src/stm32f1xx_hal_uart.o
 .text.UART_EndRxTransfer
                0x0000000008001ce0       0x3a Drivers/STM32F1xx_HAL_Driver/Src/stm32f1xx_hal_uart.o
 .text.UART_DMAAbortOnError
                0x0000000008001d1a       0x28 Drivers/STM32F1xx_HAL_Driver/Src/stm32f1xx_hal_uart.o
 .text.UART_Transmit_IT
                0x0000000008001d42       0xaa Drivers/STM32F1xx_HAL_Driver/Src/stm32f1xx_hal_uart.o
 .text.UART_EndTransmit_IT
                0x0000000008001dec       0x30 Drivers/STM32F1xx_HAL_Driver/Src/stm32f1xx_hal_uart.o
 .text.UART_Receive_IT
                0x0000000008001e1c      0x102 Drivers/STM32F1xx_HAL_Driver/Src/stm32f1xx_hal_uart.o
 *fill*         0x0000000008001f1e        0x2 
 .text.UART_SetConfig
                0x0000000008001f20      0x230 Drivers/STM32F1xx_HAL_Driver/Src/stm32f1xx_hal_uart.o
 .text.BoardInitialze
                0x0000000008002150        0xc Src/board_init.o
                0x0000000008002150                BoardInitialze
 .text._write   0x000000000800215c       0x40 Src/main.o
                0x000000000800215c                _write
 .text.HAL_UART_RxCpltCallback
                0x000000000800219c       0x30 Src/main.o
                0x000000000800219c                HAL_UART_RxCpltCallback
 .text.main     0x00000000080021cc       0xc8 Src/main.o
                0x00000000080021cc                main
 .text.SystemClock_Config
                0x0000000008002294       0x8a Src/main.o
                0x0000000008002294                SystemClock_Config
 *fill*         0x000000000800231e        0x2 
 .text.MX_SPI2_Init
                0x0000000008002320       0x6c Src/main.o
 .text.MX_USART1_UART_Init
                0x000000000800238c       0x54 Src/main.o
 .text.MX_GPIO_Init
                0x00000000080023e0       0xfc Src/main.o
 .text.print_network_information
                0x00000000080024dc      0x3a8 Src/main.o
                0x00000000080024dc                print_network_information
 .text.Error_Handler
                0x0000000008002884        0xc Src/main.o
                0x0000000008002884                Error_Handler
 .text.HAL_MspInit
                0x0000000008002890       0x64 Src/stm32f1xx_hal_msp.o
                0x0000000008002890                HAL_MspInit
 .text.HAL_SPI_MspInit
                0x00000000080028f4       0x98 Src/stm32f1xx_hal_msp.o
                0x00000000080028f4                HAL_SPI_MspInit
 .text.HAL_UART_MspInit
                0x000000000800298c       0xa8 Src/stm32f1xx_hal_msp.o
                0x000000000800298c                HAL_UART_MspInit
 .text.NMI_Handler
                0x0000000008002a34        0xc Src/stm32f1xx_it.o
                0x0000000008002a34                NMI_Handler
 .text.HardFault_Handler
                0x0000000008002a40        0x6 Src/stm32f1xx_it.o
                0x0000000008002a40                HardFault_Handler
 .text.MemManage_Handler
                0x0000000008002a46        0x6 Src/stm32f1xx_it.o
                0x0000000008002a46                MemManage_Handler
 .text.BusFault_Handler
                0x0000000008002a4c        0x6 Src/stm32f1xx_it.o
                0x0000000008002a4c                BusFault_Handler
 .text.UsageFault_Handler
                0x0000000008002a52        0x6 Src/stm32f1xx_it.o
                0x0000000008002a52                UsageFault_Handler
 .text.SVC_Handler
                0x0000000008002a58        0xc Src/stm32f1xx_it.o
                0x0000000008002a58                SVC_Handler
 .text.DebugMon_Handler
                0x0000000008002a64        0xc Src/stm32f1xx_it.o
                0x0000000008002a64                DebugMon_Handler
 .text.PendSV_Handler
                0x0000000008002a70        0xc Src/stm32f1xx_it.o
                0x0000000008002a70                PendSV_Handler
 .text.SysTick_Handler
                0x0000000008002a7c        0xc Src/stm32f1xx_it.o
                0x0000000008002a7c                SysTick_Handler
 .text.USART1_IRQHandler
                0x0000000008002a88       0x14 Src/stm32f1xx_it.o
                0x0000000008002a88                USART1_IRQHandler
 .text._read    0x0000000008002a9c       0x3a Src/syscalls.o
                0x0000000008002a9c                _read
 .text._close   0x0000000008002ad6       0x16 Src/syscalls.o
                0x0000000008002ad6                _close
 .text._fstat   0x0000000008002aec       0x1e Src/syscalls.o
                0x0000000008002aec                _fstat
 .text._isatty  0x0000000008002b0a       0x14 Src/syscalls.o
                0x0000000008002b0a                _isatty
 .text._lseek   0x0000000008002b1e       0x18 Src/syscalls.o
                0x0000000008002b1e                _lseek
 *fill*         0x0000000008002b36        0x2 
 .text._sbrk    0x0000000008002b38       0x58 Src/sysmem.o
                0x0000000008002b38                _sbrk
 .text.SystemInit
                0x0000000008002b90       0x68 Src/system_stm32f1xx.o
                0x0000000008002b90                SystemInit
 .text.W6100Initialze
                0x0000000008002bf8       0xb0 Src/wizchip_init.o
                0x0000000008002bf8                W6100Initialze
 .text.W6100SpiReadByte
                0x0000000008002ca8       0x2c Src/wizchip_init.o
                0x0000000008002ca8                W6100SpiReadByte
 .text.W6100SpiWriteByte
                0x0000000008002cd4       0x28 Src/wizchip_init.o
                0x0000000008002cd4                W6100SpiWriteByte
 .text.W6100CsEnable
                0x0000000008002cfc       0x18 Src/wizchip_init.o
                0x0000000008002cfc                W6100CsEnable
 .text.W6100CsDisable
                0x0000000008002d14       0x18 Src/wizchip_init.o
                0x0000000008002d14                W6100CsDisable
 .text.W6100ResetAssert
                0x0000000008002d2c       0x18 Src/wizchip_init.o
                0x0000000008002d2c                W6100ResetAssert
 .text.W6100ResetDeassert
                0x0000000008002d44       0x18 Src/wizchip_init.o
                0x0000000008002d44                W6100ResetDeassert
 .text.W6100Reset
                0x0000000008002d5c       0x1c Src/wizchip_init.o
                0x0000000008002d5c                W6100Reset
 .text.Reset_Handler
                0x0000000008002d78       0x48 Startup/startup_stm32f103vctx.o
                0x0000000008002d78                Reset_Handler
 .text.Default_Handler
                0x0000000008002dc0        0x2 Startup/startup_stm32f103vctx.o
                0x0000000008002dc0                RTC_Alarm_IRQHandler
                0x0000000008002dc0                EXTI2_IRQHandler
                0x0000000008002dc0                TIM8_TRG_COM_IRQHandler
                0x0000000008002dc0                TIM8_CC_IRQHandler
                0x0000000008002dc0                TIM1_CC_IRQHandler
                0x0000000008002dc0                TIM6_IRQHandler
                0x0000000008002dc0                PVD_IRQHandler
                0x0000000008002dc0                SDIO_IRQHandler
                0x0000000008002dc0                EXTI3_IRQHandler
                0x0000000008002dc0                EXTI0_IRQHandler
                0x0000000008002dc0                I2C2_EV_IRQHandler
                0x0000000008002dc0                ADC1_2_IRQHandler
                0x0000000008002dc0                SPI1_IRQHandler
                0x0000000008002dc0                TAMPER_IRQHandler
                0x0000000008002dc0                TIM8_UP_IRQHandler
                0x0000000008002dc0                DMA2_Channel2_IRQHandler
                0x0000000008002dc0                DMA1_Channel4_IRQHandler
                0x0000000008002dc0                USART3_IRQHandler
                0x0000000008002dc0                RTC_IRQHandler
                0x0000000008002dc0                DMA1_Channel7_IRQHandler
                0x0000000008002dc0                CAN1_RX1_IRQHandler
                0x0000000008002dc0                UART5_IRQHandler
                0x0000000008002dc0                ADC3_IRQHandler
                0x0000000008002dc0                TIM4_IRQHandler
                0x0000000008002dc0                DMA2_Channel1_IRQHandler
                0x0000000008002dc0                I2C1_EV_IRQHandler
                0x0000000008002dc0                DMA1_Channel6_IRQHandler
                0x0000000008002dc0                UART4_IRQHandler
                0x0000000008002dc0                TIM3_IRQHandler
                0x0000000008002dc0                RCC_IRQHandler
                0x0000000008002dc0                TIM1_TRG_COM_IRQHandler
                0x0000000008002dc0                DMA1_Channel1_IRQHandler
                0x0000000008002dc0                Default_Handler
                0x0000000008002dc0                EXTI15_10_IRQHandler
                0x0000000008002dc0                TIM7_IRQHandler
                0x0000000008002dc0                TIM5_IRQHandler
                0x0000000008002dc0                EXTI9_5_IRQHandler
                0x0000000008002dc0                SPI2_IRQHandler
                0x0000000008002dc0                DMA1_Channel5_IRQHandler
                0x0000000008002dc0                EXTI4_IRQHandler
                0x0000000008002dc0                USB_LP_CAN1_RX0_IRQHandler
                0x0000000008002dc0                USB_HP_CAN1_TX_IRQHandler
                0x0000000008002dc0                DMA1_Channel3_IRQHandler
                0x0000000008002dc0                FSMC_IRQHandler
                0x0000000008002dc0                TIM1_UP_IRQHandler
                0x0000000008002dc0                WWDG_IRQHandler
                0x0000000008002dc0                TIM2_IRQHandler
                0x0000000008002dc0                TIM1_BRK_IRQHandler
                0x0000000008002dc0                EXTI1_IRQHandler
                0x0000000008002dc0                DMA2_Channel4_5_IRQHandler
                0x0000000008002dc0                USART2_IRQHandler
                0x0000000008002dc0                I2C2_ER_IRQHandler
                0x0000000008002dc0                DMA1_Channel2_IRQHandler
                0x0000000008002dc0                TIM8_BRK_IRQHandler
                0x0000000008002dc0                CAN1_SCE_IRQHandler
                0x0000000008002dc0                FLASH_IRQHandler
                0x0000000008002dc0                SPI3_IRQHandler
                0x0000000008002dc0                I2C1_ER_IRQHandler
                0x0000000008002dc0                USBWakeUp_IRQHandler
                0x0000000008002dc0                DMA2_Channel3_IRQHandler
 *fill*         0x0000000008002dc2        0x2 
 .text.loopback_tcps
                0x0000000008002dc4      0x2f0 io6Library/Application/loopback/loopback.o
                0x0000000008002dc4                loopback_tcps
 .text.WIZCHIP_WRITE
                0x00000000080030b4       0x64 io6Library/Ethernet/W6100/w6100.o
                0x00000000080030b4                WIZCHIP_WRITE
 .text.WIZCHIP_READ
                0x0000000008003118       0x60 io6Library/Ethernet/W6100/w6100.o
                0x0000000008003118                WIZCHIP_READ
 .text.WIZCHIP_WRITE_BUF
                0x0000000008003178       0x70 io6Library/Ethernet/W6100/w6100.o
                0x0000000008003178                WIZCHIP_WRITE_BUF
 .text.WIZCHIP_READ_BUF
                0x00000000080031e8       0x68 io6Library/Ethernet/W6100/w6100.o
                0x00000000080031e8                WIZCHIP_READ_BUF
 .text.getSn_TX_FSR
                0x0000000008003250       0x6c io6Library/Ethernet/W6100/w6100.o
                0x0000000008003250                getSn_TX_FSR
 .text.getSn_RX_RSR
                0x00000000080032bc       0x6c io6Library/Ethernet/W6100/w6100.o
                0x00000000080032bc                getSn_RX_RSR
 .text.wiz_send_data
                0x0000000008003328       0xc2 io6Library/Ethernet/W6100/w6100.o
                0x0000000008003328                wiz_send_data
 .text.wiz_recv_data
                0x00000000080033ea       0xcc io6Library/Ethernet/W6100/w6100.o
                0x00000000080033ea                wiz_recv_data
 *fill*         0x00000000080034b6        0x2 
 .text.socket   0x00000000080034b8      0x3e8 io6Library/Ethernet/socket.o
                0x00000000080034b8                socket
 .text.close    0x00000000080038a0       0xdc io6Library/Ethernet/socket.o
                0x00000000080038a0                close
 .text.listen   0x000000000800397c       0x94 io6Library/Ethernet/socket.o
                0x000000000800397c                listen
 .text.disconnect
                0x0000000008003a10       0xe4 io6Library/Ethernet/socket.o
                0x0000000008003a10                disconnect
 .text.send     0x0000000008003af4      0x1c4 io6Library/Ethernet/socket.o
                0x0000000008003af4                send
 .text.recv     0x0000000008003cb8      0x100 io6Library/Ethernet/socket.o
                0x0000000008003cb8                recv
 .text.ctlsocket
                0x0000000008003db8      0x1e0 io6Library/Ethernet/socket.o
                0x0000000008003db8                ctlsocket
 .text.getsockopt
                0x0000000008003f98      0x378 io6Library/Ethernet/socket.o
                0x0000000008003f98                getsockopt
 .text.wizchip_cris_enter
                0x0000000008004310        0xc io6Library/Ethernet/wizchip_conf.o
                0x0000000008004310                wizchip_cris_enter
 .text.wizchip_cris_exit
                0x000000000800431c        0xc io6Library/Ethernet/wizchip_conf.o
                0x000000000800431c                wizchip_cris_exit
 .text.wizchip_cs_select
                0x0000000008004328        0xc io6Library/Ethernet/wizchip_conf.o
                0x0000000008004328                wizchip_cs_select
 .text.wizchip_cs_deselect
                0x0000000008004334        0xc io6Library/Ethernet/wizchip_conf.o
                0x0000000008004334                wizchip_cs_deselect
 .text.wizchip_spi_read
                0x0000000008004340        0xe io6Library/Ethernet/wizchip_conf.o
                0x0000000008004340                wizchip_spi_read
 .text.wizchip_spi_write
                0x000000000800434e       0x14 io6Library/Ethernet/wizchip_conf.o
                0x000000000800434e                wizchip_spi_write
 *fill*         0x0000000008004362        0x2 
 .text.wizchip_spi_read_buf
                0x0000000008004364       0x48 io6Library/Ethernet/wizchip_conf.o
                0x0000000008004364                wizchip_spi_read_buf
 .text.wizchip_spi_write_buf
                0x00000000080043ac       0x48 io6Library/Ethernet/wizchip_conf.o
                0x00000000080043ac                wizchip_spi_write_buf
 .text.reg_wizchip_cs_cbfunc
                0x00000000080043f4       0x48 io6Library/Ethernet/wizchip_conf.o
                0x00000000080043f4                reg_wizchip_cs_cbfunc
 .text.reg_wizchip_spi_cbfunc
                0x000000000800443c       0x8c io6Library/Ethernet/wizchip_conf.o
                0x000000000800443c                reg_wizchip_spi_cbfunc
 .text.ctlwizchip
                0x00000000080044c8      0x320 io6Library/Ethernet/wizchip_conf.o
                0x00000000080044c8                ctlwizchip
 .text.ctlnetwork
                0x00000000080047e8       0xa4 io6Library/Ethernet/wizchip_conf.o
                0x00000000080047e8                ctlnetwork
 .text.wizchip_sw_reset
                0x000000000800488c      0x168 io6Library/Ethernet/wizchip_conf.o
                0x000000000800488c                wizchip_sw_reset
 .text.wizchip_init
                0x00000000080049f4      0x118 io6Library/Ethernet/wizchip_conf.o
                0x00000000080049f4                wizchip_init
 .text.wizchip_clrinterrupt
                0x0000000008004b0c       0x74 io6Library/Ethernet/wizchip_conf.o
                0x0000000008004b0c                wizchip_clrinterrupt
 .text.wizchip_getinterrupt
                0x0000000008004b80       0x3c io6Library/Ethernet/wizchip_conf.o
                0x0000000008004b80                wizchip_getinterrupt
 .text.wizchip_setinterruptmask
                0x0000000008004bbc       0x4c io6Library/Ethernet/wizchip_conf.o
                0x0000000008004bbc                wizchip_setinterruptmask
 .text.wizchip_getinterruptmask
                0x0000000008004c08       0x40 io6Library/Ethernet/wizchip_conf.o
                0x0000000008004c08                wizchip_getinterruptmask
 .text.wizphy_getphylink
                0x0000000008004c48       0x1a io6Library/Ethernet/wizchip_conf.o
                0x0000000008004c48                wizphy_getphylink
 *fill*         0x0000000008004c62        0x2 
 .text.wizphy_reset
                0x0000000008004c64       0x40 io6Library/Ethernet/wizchip_conf.o
                0x0000000008004c64                wizphy_reset
 .text.wizphy_setphyconf
                0x0000000008004ca4       0x98 io6Library/Ethernet/wizchip_conf.o
                0x0000000008004ca4                wizphy_setphyconf
 .text.wizphy_getphyconf
                0x0000000008004d3c       0x80 io6Library/Ethernet/wizchip_conf.o
                0x0000000008004d3c                wizphy_getphyconf
 .text.wizphy_getphystatus
                0x0000000008004dbc       0x80 io6Library/Ethernet/wizchip_conf.o
                0x0000000008004dbc                wizphy_getphystatus
 .text.wizphy_setphypmode
                0x0000000008004e3c       0x44 io6Library/Ethernet/wizchip_conf.o
                0x0000000008004e3c                wizphy_setphypmode
 .text.wizphy_getphypmode
                0x0000000008004e80       0x24 io6Library/Ethernet/wizchip_conf.o
                0x0000000008004e80                wizphy_getphypmode
 .text.wizchip_setnetinfo
                0x0000000008004ea4       0xfc io6Library/Ethernet/wizchip_conf.o
                0x0000000008004ea4                wizchip_setnetinfo
 .text.wizchip_getnetinfo
                0x0000000008004fa0      0x100 io6Library/Ethernet/wizchip_conf.o
                0x0000000008004fa0                wizchip_getnetinfo
 .text.wizchip_setnetmode
                0x00000000080050a0       0x58 io6Library/Ethernet/wizchip_conf.o
                0x00000000080050a0                wizchip_setnetmode
 .text.wizchip_getnetmode
                0x00000000080050f8       0x5c io6Library/Ethernet/wizchip_conf.o
                0x00000000080050f8                wizchip_getnetmode
 .text.wizchip_settimeout
                0x0000000008005154       0x80 io6Library/Ethernet/wizchip_conf.o
                0x0000000008005154                wizchip_settimeout
 .text.wizchip_gettimeout
                0x00000000080051d4       0x84 io6Library/Ethernet/wizchip_conf.o
                0x00000000080051d4                wizchip_gettimeout
 .text.__errno  0x0000000008005258        0xc c:/st/stm32cubeide_1.0.1/stm32cubeide/plugins/com.st.stm32cube.ide.mcu.externaltools.gnu-tools-for-stm32.7-2018-q2-update.win32_1.0.0.201904181610/tools/bin/../lib/gcc/arm-none-eabi/7.3.1/../../../../arm-none-eabi/lib/thumb/v7-m\libc_nano.a(lib_a-errno.o)
                0x0000000008005258                __errno
 .text.__libc_init_array
                0x0000000008005264       0x48 c:/st/stm32cubeide_1.0.1/stm32cubeide/plugins/com.st.stm32cube.ide.mcu.externaltools.gnu-tools-for-stm32.7-2018-q2-update.win32_1.0.0.201904181610/tools/bin/../lib/gcc/arm-none-eabi/7.3.1/../../../../arm-none-eabi/lib/thumb/v7-m\libc_nano.a(lib_a-init.o)
                0x0000000008005264                __libc_init_array
 .text.memset   0x00000000080052ac       0x10 c:/st/stm32cubeide_1.0.1/stm32cubeide/plugins/com.st.stm32cube.ide.mcu.externaltools.gnu-tools-for-stm32.7-2018-q2-update.win32_1.0.0.201904181610/tools/bin/../lib/gcc/arm-none-eabi/7.3.1/../../../../arm-none-eabi/lib/thumb/v7-m\libc_nano.a(lib_a-memset.o)
                0x00000000080052ac                memset
 .text.printf   0x00000000080052bc       0x30 c:/st/stm32cubeide_1.0.1/stm32cubeide/plugins/com.st.stm32cube.ide.mcu.externaltools.gnu-tools-for-stm32.7-2018-q2-update.win32_1.0.0.201904181610/tools/bin/../lib/gcc/arm-none-eabi/7.3.1/../../../../arm-none-eabi/lib/thumb/v7-m\libc_nano.a(lib_a-printf.o)
                0x00000000080052bc                iprintf
                0x00000000080052bc                printf
 .text._puts_r  0x00000000080052ec       0xb8 c:/st/stm32cubeide_1.0.1/stm32cubeide/plugins/com.st.stm32cube.ide.mcu.externaltools.gnu-tools-for-stm32.7-2018-q2-update.win32_1.0.0.201904181610/tools/bin/../lib/gcc/arm-none-eabi/7.3.1/../../../../arm-none-eabi/lib/thumb/v7-m\libc_nano.a(lib_a-puts.o)
                0x00000000080052ec                _puts_r
 .text.puts     0x00000000080053a4       0x10 c:/st/stm32cubeide_1.0.1/stm32cubeide/plugins/com.st.stm32cube.ide.mcu.externaltools.gnu-tools-for-stm32.7-2018-q2-update.win32_1.0.0.201904181610/tools/bin/../lib/gcc/arm-none-eabi/7.3.1/../../../../arm-none-eabi/lib/thumb/v7-m\libc_nano.a(lib_a-puts.o)
                0x00000000080053a4                puts
 .text.__swbuf_r
                0x00000000080053b4       0xa4 c:/st/stm32cubeide_1.0.1/stm32cubeide/plugins/com.st.stm32cube.ide.mcu.externaltools.gnu-tools-for-stm32.7-2018-q2-update.win32_1.0.0.201904181610/tools/bin/../lib/gcc/arm-none-eabi/7.3.1/../../../../arm-none-eabi/lib/thumb/v7-m\libc_nano.a(lib_a-wbuf.o)
                0x00000000080053b4                __swbuf_r
 .text.__swsetup_r
                0x0000000008005458       0xdc c:/st/stm32cubeide_1.0.1/stm32cubeide/plugins/com.st.stm32cube.ide.mcu.externaltools.gnu-tools-for-stm32.7-2018-q2-update.win32_1.0.0.201904181610/tools/bin/../lib/gcc/arm-none-eabi/7.3.1/../../../../arm-none-eabi/lib/thumb/v7-m\libc_nano.a(lib_a-wsetup.o)
                0x0000000008005458                __swsetup_r
 .text.__sflush_r
                0x0000000008005534      0x10c c:/st/stm32cubeide_1.0.1/stm32cubeide/plugins/com.st.stm32cube.ide.mcu.externaltools.gnu-tools-for-stm32.7-2018-q2-update.win32_1.0.0.201904181610/tools/bin/../lib/gcc/arm-none-eabi/7.3.1/../../../../arm-none-eabi/lib/thumb/v7-m\libc_nano.a(lib_a-fflush.o)
                0x0000000008005534                __sflush_r
 .text._fflush_r
                0x0000000008005640       0x54 c:/st/stm32cubeide_1.0.1/stm32cubeide/plugins/com.st.stm32cube.ide.mcu.externaltools.gnu-tools-for-stm32.7-2018-q2-update.win32_1.0.0.201904181610/tools/bin/../lib/gcc/arm-none-eabi/7.3.1/../../../../arm-none-eabi/lib/thumb/v7-m\libc_nano.a(lib_a-fflush.o)
                0x0000000008005640                _fflush_r
 .text.std      0x0000000008005694       0x48 c:/st/stm32cubeide_1.0.1/stm32cubeide/plugins/com.st.stm32cube.ide.mcu.externaltools.gnu-tools-for-stm32.7-2018-q2-update.win32_1.0.0.201904181610/tools/bin/../lib/gcc/arm-none-eabi/7.3.1/../../../../arm-none-eabi/lib/thumb/v7-m\libc_nano.a(lib_a-findfp.o)
 .text._cleanup_r
                0x00000000080056dc        0xc c:/st/stm32cubeide_1.0.1/stm32cubeide/plugins/com.st.stm32cube.ide.mcu.externaltools.gnu-tools-for-stm32.7-2018-q2-update.win32_1.0.0.201904181610/tools/bin/../lib/gcc/arm-none-eabi/7.3.1/../../../../arm-none-eabi/lib/thumb/v7-m\libc_nano.a(lib_a-findfp.o)
                0x00000000080056dc                _cleanup_r
 .text.__sfmoreglue
                0x00000000080056e8       0x2c c:/st/stm32cubeide_1.0.1/stm32cubeide/plugins/com.st.stm32cube.ide.mcu.externaltools.gnu-tools-for-stm32.7-2018-q2-update.win32_1.0.0.201904181610/tools/bin/../lib/gcc/arm-none-eabi/7.3.1/../../../../arm-none-eabi/lib/thumb/v7-m\libc_nano.a(lib_a-findfp.o)
                0x00000000080056e8                __sfmoreglue
 .text.__sinit  0x0000000008005714       0x60 c:/st/stm32cubeide_1.0.1/stm32cubeide/plugins/com.st.stm32cube.ide.mcu.externaltools.gnu-tools-for-stm32.7-2018-q2-update.win32_1.0.0.201904181610/tools/bin/../lib/gcc/arm-none-eabi/7.3.1/../../../../arm-none-eabi/lib/thumb/v7-m\libc_nano.a(lib_a-findfp.o)
                0x0000000008005714                __sinit
 .text.__sfp    0x0000000008005774       0x78 c:/st/stm32cubeide_1.0.1/stm32cubeide/plugins/com.st.stm32cube.ide.mcu.externaltools.gnu-tools-for-stm32.7-2018-q2-update.win32_1.0.0.201904181610/tools/bin/../lib/gcc/arm-none-eabi/7.3.1/../../../../arm-none-eabi/lib/thumb/v7-m\libc_nano.a(lib_a-findfp.o)
                0x0000000008005774                __sfp
 .text._fwalk_reent
                0x00000000080057ec       0x3c c:/st/stm32cubeide_1.0.1/stm32cubeide/plugins/com.st.stm32cube.ide.mcu.externaltools.gnu-tools-for-stm32.7-2018-q2-update.win32_1.0.0.201904181610/tools/bin/../lib/gcc/arm-none-eabi/7.3.1/../../../../arm-none-eabi/lib/thumb/v7-m\libc_nano.a(lib_a-fwalk.o)
                0x00000000080057ec                _fwalk_reent
 .text.__swhatbuf_r
                0x0000000008005828       0x48 c:/st/stm32cubeide_1.0.1/stm32cubeide/plugins/com.st.stm32cube.ide.mcu.externaltools.gnu-tools-for-stm32.7-2018-q2-update.win32_1.0.0.201904181610/tools/bin/../lib/gcc/arm-none-eabi/7.3.1/../../../../arm-none-eabi/lib/thumb/v7-m\libc_nano.a(lib_a-makebuf.o)
                0x0000000008005828                __swhatbuf_r
 .text.__smakebuf_r
                0x0000000008005870       0x80 c:/st/stm32cubeide_1.0.1/stm32cubeide/plugins/com.st.stm32cube.ide.mcu.externaltools.gnu-tools-for-stm32.7-2018-q2-update.win32_1.0.0.201904181610/tools/bin/../lib/gcc/arm-none-eabi/7.3.1/../../../../arm-none-eabi/lib/thumb/v7-m\libc_nano.a(lib_a-makebuf.o)
                0x0000000008005870                __smakebuf_r
 .text._free_r  0x00000000080058f0       0x98 c:/st/stm32cubeide_1.0.1/stm32cubeide/plugins/com.st.stm32cube.ide.mcu.externaltools.gnu-tools-for-stm32.7-2018-q2-update.win32_1.0.0.201904181610/tools/bin/../lib/gcc/arm-none-eabi/7.3.1/../../../../arm-none-eabi/lib/thumb/v7-m\libc_nano.a(lib_a-nano-freer.o)
                0x00000000080058f0                _free_r
 .text._malloc_r
                0x0000000008005988       0xb4 c:/st/stm32cubeide_1.0.1/stm32cubeide/plugins/com.st.stm32cube.ide.mcu.externaltools.gnu-tools-for-stm32.7-2018-q2-update.win32_1.0.0.201904181610/tools/bin/../lib/gcc/arm-none-eabi/7.3.1/../../../../arm-none-eabi/lib/thumb/v7-m\libc_nano.a(lib_a-nano-mallocr.o)
                0x0000000008005988                _malloc_r
 .text.__sfputc_r
                0x0000000008005a3c       0x2a c:/st/stm32cubeide_1.0.1/stm32cubeide/plugins/com.st.stm32cube.ide.mcu.externaltools.gnu-tools-for-stm32.7-2018-q2-update.win32_1.0.0.201904181610/tools/bin/../lib/gcc/arm-none-eabi/7.3.1/../../../../arm-none-eabi/lib/thumb/v7-m\libc_nano.a(lib_a-nano-vfprintf.o)
 .text.__sfputs_r
                0x0000000008005a66       0x24 c:/st/stm32cubeide_1.0.1/stm32cubeide/plugins/com.st.stm32cube.ide.mcu.externaltools.gnu-tools-for-stm32.7-2018-q2-update.win32_1.0.0.201904181610/tools/bin/../lib/gcc/arm-none-eabi/7.3.1/../../../../arm-none-eabi/lib/thumb/v7-m\libc_nano.a(lib_a-nano-vfprintf.o)
                0x0000000008005a66                __sfputs_r
 *fill*         0x0000000008005a8a        0x2 
 .text._vfprintf_r
                0x0000000008005a8c      0x22c c:/st/stm32cubeide_1.0.1/stm32cubeide/plugins/com.st.stm32cube.ide.mcu.externaltools.gnu-tools-for-stm32.7-2018-q2-update.win32_1.0.0.201904181610/tools/bin/../lib/gcc/arm-none-eabi/7.3.1/../../../../arm-none-eabi/lib/thumb/v7-m\libc_nano.a(lib_a-nano-vfprintf.o)
                0x0000000008005a8c                _vfprintf_r
                0x0000000008005a8c                _vfiprintf_r
 .text._printf_common
                0x0000000008005cb8       0xec c:/st/stm32cubeide_1.0.1/stm32cubeide/plugins/com.st.stm32cube.ide.mcu.externaltools.gnu-tools-for-stm32.7-2018-q2-update.win32_1.0.0.201904181610/tools/bin/../lib/gcc/arm-none-eabi/7.3.1/../../../../arm-none-eabi/lib/thumb/v7-m\libc_nano.a(lib_a-nano-vfprintf_i.o)
                0x0000000008005cb8                _printf_common
 .text._printf_i
                0x0000000008005da4      0x224 c:/st/stm32cubeide_1.0.1/stm32cubeide/plugins/com.st.stm32cube.ide.mcu.externaltools.gnu-tools-for-stm32.7-2018-q2-update.win32_1.0.0.201904181610/tools/bin/../lib/gcc/arm-none-eabi/7.3.1/../../../../arm-none-eabi/lib/thumb/v7-m\libc_nano.a(lib_a-nano-vfprintf_i.o)
                0x0000000008005da4                _printf_i
 .text._sbrk_r  0x0000000008005fc8       0x20 c:/st/stm32cubeide_1.0.1/stm32cubeide/plugins/com.st.stm32cube.ide.mcu.externaltools.gnu-tools-for-stm32.7-2018-q2-update.win32_1.0.0.201904181610/tools/bin/../lib/gcc/arm-none-eabi/7.3.1/../../../../arm-none-eabi/lib/thumb/v7-m\libc_nano.a(lib_a-sbrkr.o)
                0x0000000008005fc8                _sbrk_r
 .text.__sread  0x0000000008005fe8       0x22 c:/st/stm32cubeide_1.0.1/stm32cubeide/plugins/com.st.stm32cube.ide.mcu.externaltools.gnu-tools-for-stm32.7-2018-q2-update.win32_1.0.0.201904181610/tools/bin/../lib/gcc/arm-none-eabi/7.3.1/../../../../arm-none-eabi/lib/thumb/v7-m\libc_nano.a(lib_a-stdio.o)
                0x0000000008005fe8                __sread
 .text.__swrite
                0x000000000800600a       0x38 c:/st/stm32cubeide_1.0.1/stm32cubeide/plugins/com.st.stm32cube.ide.mcu.externaltools.gnu-tools-for-stm32.7-2018-q2-update.win32_1.0.0.201904181610/tools/bin/../lib/gcc/arm-none-eabi/7.3.1/../../../../arm-none-eabi/lib/thumb/v7-m\libc_nano.a(lib_a-stdio.o)
                0x000000000800600a                __swrite
 .text.__sseek  0x0000000008006042       0x24 c:/st/stm32cubeide_1.0.1/stm32cubeide/plugins/com.st.stm32cube.ide.mcu.externaltools.gnu-tools-for-stm32.7-2018-q2-update.win32_1.0.0.201904181610/tools/bin/../lib/gcc/arm-none-eabi/7.3.1/../../../../arm-none-eabi/lib/thumb/v7-m\libc_nano.a(lib_a-stdio.o)
                0x0000000008006042                __sseek
 .text.__sclose
                0x0000000008006066        0x8 c:/st/stm32cubeide_1.0.1/stm32cubeide/plugins/com.st.stm32cube.ide.mcu.externaltools.gnu-tools-for-stm32.7-2018-q2-update.win32_1.0.0.201904181610/tools/bin/../lib/gcc/arm-none-eabi/7.3.1/../../../../arm-none-eabi/lib/thumb/v7-m\libc_nano.a(lib_a-stdio.o)
                0x0000000008006066                __sclose
 *fill*         0x000000000800606e        0x2 
 .text._write_r
                0x0000000008006070       0x24 c:/st/stm32cubeide_1.0.1/stm32cubeide/plugins/com.st.stm32cube.ide.mcu.externaltools.gnu-tools-for-stm32.7-2018-q2-update.win32_1.0.0.201904181610/tools/bin/../lib/gcc/arm-none-eabi/7.3.1/../../../../arm-none-eabi/lib/thumb/v7-m\libc_nano.a(lib_a-writer.o)
                0x0000000008006070                _write_r
 .text._close_r
                0x0000000008006094       0x20 c:/st/stm32cubeide_1.0.1/stm32cubeide/plugins/com.st.stm32cube.ide.mcu.externaltools.gnu-tools-for-stm32.7-2018-q2-update.win32_1.0.0.201904181610/tools/bin/../lib/gcc/arm-none-eabi/7.3.1/../../../../arm-none-eabi/lib/thumb/v7-m\libc_nano.a(lib_a-closer.o)
                0x0000000008006094                _close_r
 .text._fstat_r
                0x00000000080060b4       0x24 c:/st/stm32cubeide_1.0.1/stm32cubeide/plugins/com.st.stm32cube.ide.mcu.externaltools.gnu-tools-for-stm32.7-2018-q2-update.win32_1.0.0.201904181610/tools/bin/../lib/gcc/arm-none-eabi/7.3.1/../../../../arm-none-eabi/lib/thumb/v7-m\libc_nano.a(lib_a-fstatr.o)
                0x00000000080060b4                _fstat_r
 .text._isatty_r
                0x00000000080060d8       0x20 c:/st/stm32cubeide_1.0.1/stm32cubeide/plugins/com.st.stm32cube.ide.mcu.externaltools.gnu-tools-for-stm32.7-2018-q2-update.win32_1.0.0.201904181610/tools/bin/../lib/gcc/arm-none-eabi/7.3.1/../../../../arm-none-eabi/lib/thumb/v7-m\libc_nano.a(lib_a-isattyr.o)
                0x00000000080060d8                _isatty_r
 .text._lseek_r
                0x00000000080060f8       0x24 c:/st/stm32cubeide_1.0.1/stm32cubeide/plugins/com.st.stm32cube.ide.mcu.externaltools.gnu-tools-for-stm32.7-2018-q2-update.win32_1.0.0.201904181610/tools/bin/../lib/gcc/arm-none-eabi/7.3.1/../../../../arm-none-eabi/lib/thumb/v7-m\libc_nano.a(lib_a-lseekr.o)
                0x00000000080060f8                _lseek_r
 .text.memchr   0x000000000800611c       0x1c c:/st/stm32cubeide_1.0.1/stm32cubeide/plugins/com.st.stm32cube.ide.mcu.externaltools.gnu-tools-for-stm32.7-2018-q2-update.win32_1.0.0.201904181610/tools/bin/../lib/gcc/arm-none-eabi/7.3.1/../../../../arm-none-eabi/lib/thumb/v7-m\libc_nano.a(lib_a-memchr-stub.o)
                0x000000000800611c                memchr
 .text.__malloc_lock
                0x0000000008006138        0x2 c:/st/stm32cubeide_1.0.1/stm32cubeide/plugins/com.st.stm32cube.ide.mcu.externaltools.gnu-tools-for-stm32.7-2018-q2-update.win32_1.0.0.201904181610/tools/bin/../lib/gcc/arm-none-eabi/7.3.1/../../../../arm-none-eabi/lib/thumb/v7-m\libc_nano.a(lib_a-mlock.o)
                0x0000000008006138                __malloc_lock
 .text.__malloc_unlock
                0x000000000800613a        0x2 c:/st/stm32cubeide_1.0.1/stm32cubeide/plugins/com.st.stm32cube.ide.mcu.externaltools.gnu-tools-for-stm32.7-2018-q2-update.win32_1.0.0.201904181610/tools/bin/../lib/gcc/arm-none-eabi/7.3.1/../../../../arm-none-eabi/lib/thumb/v7-m\libc_nano.a(lib_a-mlock.o)
                0x000000000800613a                __malloc_unlock
 .text._read_r  0x000000000800613c       0x24 c:/st/stm32cubeide_1.0.1/stm32cubeide/plugins/com.st.stm32cube.ide.mcu.externaltools.gnu-tools-for-stm32.7-2018-q2-update.win32_1.0.0.201904181610/tools/bin/../lib/gcc/arm-none-eabi/7.3.1/../../../../arm-none-eabi/lib/thumb/v7-m\libc_nano.a(lib_a-readr.o)
                0x000000000800613c                _read_r
 *(.glue_7)
 .glue_7        0x0000000008006160        0x0 linker stubs
 *(.glue_7t)
 .glue_7t       0x0000000008006160        0x0 linker stubs
 *(.eh_frame)
 .eh_frame      0x0000000008006160        0x0 c:/st/stm32cubeide_1.0.1/stm32cubeide/plugins/com.st.stm32cube.ide.mcu.externaltools.gnu-tools-for-stm32.7-2018-q2-update.win32_1.0.0.201904181610/tools/bin/../lib/gcc/arm-none-eabi/7.3.1/thumb/v7-m/crtbegin.o
 *(.init)
 .init          0x0000000008006160        0x4 c:/st/stm32cubeide_1.0.1/stm32cubeide/plugins/com.st.stm32cube.ide.mcu.externaltools.gnu-tools-for-stm32.7-2018-q2-update.win32_1.0.0.201904181610/tools/bin/../lib/gcc/arm-none-eabi/7.3.1/thumb/v7-m/crti.o
                0x0000000008006160                _init
 .init          0x0000000008006164        0x8 c:/st/stm32cubeide_1.0.1/stm32cubeide/plugins/com.st.stm32cube.ide.mcu.externaltools.gnu-tools-for-stm32.7-2018-q2-update.win32_1.0.0.201904181610/tools/bin/../lib/gcc/arm-none-eabi/7.3.1/thumb/v7-m/crtn.o
 *(.fini)
 .fini          0x000000000800616c        0x4 c:/st/stm32cubeide_1.0.1/stm32cubeide/plugins/com.st.stm32cube.ide.mcu.externaltools.gnu-tools-for-stm32.7-2018-q2-update.win32_1.0.0.201904181610/tools/bin/../lib/gcc/arm-none-eabi/7.3.1/thumb/v7-m/crti.o
                0x000000000800616c                _fini
 .fini          0x0000000008006170        0x8 c:/st/stm32cubeide_1.0.1/stm32cubeide/plugins/com.st.stm32cube.ide.mcu.externaltools.gnu-tools-for-stm32.7-2018-q2-update.win32_1.0.0.201904181610/tools/bin/../lib/gcc/arm-none-eabi/7.3.1/thumb/v7-m/crtn.o
                0x0000000008006178                . = ALIGN (0x4)
                0x0000000008006178                _etext = .

.vfp11_veneer   0x0000000008006178        0x0
 .vfp11_veneer  0x0000000008006178        0x0 linker stubs

.v4_bx          0x0000000008006178        0x0
 .v4_bx         0x0000000008006178        0x0 linker stubs

.iplt           0x0000000008006178        0x0
 .iplt          0x0000000008006178        0x0 c:/st/stm32cubeide_1.0.1/stm32cubeide/plugins/com.st.stm32cube.ide.mcu.externaltools.gnu-tools-for-stm32.7-2018-q2-update.win32_1.0.0.201904181610/tools/bin/../lib/gcc/arm-none-eabi/7.3.1/thumb/v7-m/crtbegin.o

.rodata         0x0000000008006178      0x414
                0x0000000008006178                . = ALIGN (0x4)
 *(.rodata)
 .rodata        0x0000000008006178       0x12 Drivers/STM32F1xx_HAL_Driver/Src/stm32f1xx_hal_rcc.o
 *fill*         0x000000000800618a        0x2 
 .rodata        0x000000000800618c      0x231 Src/main.o
 *fill*         0x00000000080063bd        0x3 
 .rodata        0x00000000080063c0       0x68 Src/wizchip_init.o
 .rodata        0x0000000008006428       0xb3 io6Library/Application/loopback/loopback.o
 *(.rodata*)
 *fill*         0x00000000080064db        0x1 
 .rodata.AHBPrescTable
                0x00000000080064dc       0x10 Src/system_stm32f1xx.o
                0x00000000080064dc                AHBPrescTable
 .rodata.APBPrescTable
                0x00000000080064ec        0x8 Src/system_stm32f1xx.o
                0x00000000080064ec                APBPrescTable
 .rodata._global_impure_ptr
                0x00000000080064f4        0x4 c:/st/stm32cubeide_1.0.1/stm32cubeide/plugins/com.st.stm32cube.ide.mcu.externaltools.gnu-tools-for-stm32.7-2018-q2-update.win32_1.0.0.201904181610/tools/bin/../lib/gcc/arm-none-eabi/7.3.1/../../../../arm-none-eabi/lib/thumb/v7-m\libc_nano.a(lib_a-impure.o)
                0x00000000080064f4                _global_impure_ptr
 .rodata.__sf_fake_stderr
                0x00000000080064f8       0x20 c:/st/stm32cubeide_1.0.1/stm32cubeide/plugins/com.st.stm32cube.ide.mcu.externaltools.gnu-tools-for-stm32.7-2018-q2-update.win32_1.0.0.201904181610/tools/bin/../lib/gcc/arm-none-eabi/7.3.1/../../../../arm-none-eabi/lib/thumb/v7-m\libc_nano.a(lib_a-findfp.o)
                0x00000000080064f8                __sf_fake_stderr
 .rodata.__sf_fake_stdin
                0x0000000008006518       0x20 c:/st/stm32cubeide_1.0.1/stm32cubeide/plugins/com.st.stm32cube.ide.mcu.externaltools.gnu-tools-for-stm32.7-2018-q2-update.win32_1.0.0.201904181610/tools/bin/../lib/gcc/arm-none-eabi/7.3.1/../../../../arm-none-eabi/lib/thumb/v7-m\libc_nano.a(lib_a-findfp.o)
                0x0000000008006518                __sf_fake_stdin
 .rodata.__sf_fake_stdout
                0x0000000008006538       0x20 c:/st/stm32cubeide_1.0.1/stm32cubeide/plugins/com.st.stm32cube.ide.mcu.externaltools.gnu-tools-for-stm32.7-2018-q2-update.win32_1.0.0.201904181610/tools/bin/../lib/gcc/arm-none-eabi/7.3.1/../../../../arm-none-eabi/lib/thumb/v7-m\libc_nano.a(lib_a-findfp.o)
                0x0000000008006538                __sf_fake_stdout
 .rodata._vfprintf_r.str1.1
                0x0000000008006558       0x11 c:/st/stm32cubeide_1.0.1/stm32cubeide/plugins/com.st.stm32cube.ide.mcu.externaltools.gnu-tools-for-stm32.7-2018-q2-update.win32_1.0.0.201904181610/tools/bin/../lib/gcc/arm-none-eabi/7.3.1/../../../../arm-none-eabi/lib/thumb/v7-m\libc_nano.a(lib_a-nano-vfprintf.o)
 .rodata._printf_i.str1.1
                0x0000000008006569       0x22 c:/st/stm32cubeide_1.0.1/stm32cubeide/plugins/com.st.stm32cube.ide.mcu.externaltools.gnu-tools-for-stm32.7-2018-q2-update.win32_1.0.0.201904181610/tools/bin/../lib/gcc/arm-none-eabi/7.3.1/../../../../arm-none-eabi/lib/thumb/v7-m\libc_nano.a(lib_a-nano-vfprintf_i.o)
                0x000000000800658c                . = ALIGN (0x4)
 *fill*         0x000000000800658b        0x1 

.rel.dyn        0x000000000800658c        0x0
 .rel.iplt      0x000000000800658c        0x0 c:/st/stm32cubeide_1.0.1/stm32cubeide/plugins/com.st.stm32cube.ide.mcu.externaltools.gnu-tools-for-stm32.7-2018-q2-update.win32_1.0.0.201904181610/tools/bin/../lib/gcc/arm-none-eabi/7.3.1/thumb/v7-m/crtbegin.o

.ARM.extab      0x000000000800658c        0x0
                0x000000000800658c                . = ALIGN (0x4)
 *(.ARM.extab* .gnu.linkonce.armextab.*)
                0x000000000800658c                . = ALIGN (0x4)

.ARM            0x000000000800658c        0x0
                0x000000000800658c                . = ALIGN (0x4)
                0x000000000800658c                __exidx_start = .
 *(.ARM.exidx*)
                0x000000000800658c                __exidx_end = .
                0x000000000800658c                . = ALIGN (0x4)

.preinit_array  0x000000000800658c        0x0
                0x000000000800658c                . = ALIGN (0x4)
                0x000000000800658c                PROVIDE (__preinit_array_start = .)
 *(.preinit_array*)
                0x000000000800658c                PROVIDE (__preinit_array_end = .)
                0x000000000800658c                . = ALIGN (0x4)

.init_array     0x000000000800658c        0x4
                0x000000000800658c                . = ALIGN (0x4)
                0x000000000800658c                PROVIDE (__init_array_start = .)
 *(SORT_BY_NAME(.init_array.*))
 *(.init_array*)
 .init_array    0x000000000800658c        0x4 c:/st/stm32cubeide_1.0.1/stm32cubeide/plugins/com.st.stm32cube.ide.mcu.externaltools.gnu-tools-for-stm32.7-2018-q2-update.win32_1.0.0.201904181610/tools/bin/../lib/gcc/arm-none-eabi/7.3.1/thumb/v7-m/crtbegin.o
                0x0000000008006590                PROVIDE (__init_array_end = .)
                0x0000000008006590                . = ALIGN (0x4)

.fini_array     0x0000000008006590        0x4
                0x0000000008006590                . = ALIGN (0x4)
                [!provide]                        PROVIDE (__fini_array_start = .)
 *(SORT_BY_NAME(.fini_array.*))
 *(.fini_array*)
 .fini_array    0x0000000008006590        0x4 c:/st/stm32cubeide_1.0.1/stm32cubeide/plugins/com.st.stm32cube.ide.mcu.externaltools.gnu-tools-for-stm32.7-2018-q2-update.win32_1.0.0.201904181610/tools/bin/../lib/gcc/arm-none-eabi/7.3.1/thumb/v7-m/crtbegin.o
                [!provide]                        PROVIDE (__fini_array_end = .)
                0x0000000008006594                . = ALIGN (0x4)
                0x0000000008006594                _sidata = LOADADDR (.data)

.data           0x0000000020000000      0x110 load address 0x0000000008006594
                0x0000000020000000                . = ALIGN (0x4)
                0x0000000020000000                _sdata = .
 *(.data)
 *(.data*)
 .data.uwTickPrio
                0x0000000020000000        0x4 Drivers/STM32F1xx_HAL_Driver/Src/stm32f1xx_hal.o
                0x0000000020000000                uwTickPrio
 .data.uwTickFreq
                0x0000000020000004        0x1 Drivers/STM32F1xx_HAL_Driver/Src/stm32f1xx_hal.o
                0x0000000020000004                uwTickFreq
 *fill*         0x0000000020000005        0x3 
 .data.gWIZNETINFO
                0x0000000020000008       0x67 Src/main.o
                0x0000000020000008                gWIZNETINFO
 *fill*         0x000000002000006f        0x1 
 .data.SystemCoreClock
                0x0000000020000070        0x4 Src/system_stm32f1xx.o
                0x0000000020000070                SystemCoreClock
 .data.msg_v4   0x0000000020000074        0x4 io6Library/Application/loopback/loopback.o
                0x0000000020000074                msg_v4
 .data.msg_v6   0x0000000020000078        0x4 io6Library/Application/loopback/loopback.o
                0x0000000020000078                msg_v6
 .data.msg_dual
                0x000000002000007c        0x4 io6Library/Application/loopback/loopback.o
                0x000000002000007c                msg_dual
 .data.sock_any_port
                0x0000000020000080        0x2 io6Library/Ethernet/socket.o
 *fill*         0x0000000020000082        0x2 
 .data.WIZCHIP  0x0000000020000084       0x28 io6Library/Ethernet/wizchip_conf.o
                0x0000000020000084                WIZCHIP
 .data._impure_ptr
                0x00000000200000ac        0x4 c:/st/stm32cubeide_1.0.1/stm32cubeide/plugins/com.st.stm32cube.ide.mcu.externaltools.gnu-tools-for-stm32.7-2018-q2-update.win32_1.0.0.201904181610/tools/bin/../lib/gcc/arm-none-eabi/7.3.1/../../../../arm-none-eabi/lib/thumb/v7-m\libc_nano.a(lib_a-impure.o)
                0x00000000200000ac                _impure_ptr
 .data.impure_data
                0x00000000200000b0       0x60 c:/st/stm32cubeide_1.0.1/stm32cubeide/plugins/com.st.stm32cube.ide.mcu.externaltools.gnu-tools-for-stm32.7-2018-q2-update.win32_1.0.0.201904181610/tools/bin/../lib/gcc/arm-none-eabi/7.3.1/../../../../arm-none-eabi/lib/thumb/v7-m\libc_nano.a(lib_a-impure.o)
                0x0000000020000110                . = ALIGN (0x4)
                0x0000000020000110                _edata = .

.igot.plt       0x0000000020000110        0x0 load address 0x00000000080066a4
 .igot.plt      0x0000000020000110        0x0 c:/st/stm32cubeide_1.0.1/stm32cubeide/plugins/com.st.stm32cube.ide.mcu.externaltools.gnu-tools-for-stm32.7-2018-q2-update.win32_1.0.0.201904181610/tools/bin/../lib/gcc/arm-none-eabi/7.3.1/thumb/v7-m/crtbegin.o
                0x0000000020000110                . = ALIGN (0x4)

.bss            0x0000000020000110      0x900 load address 0x00000000080066a4
                0x0000000020000110                _sbss = .
                0x0000000020000110                __bss_start__ = _sbss
 *(.bss)
 .bss           0x0000000020000110       0x1c c:/st/stm32cubeide_1.0.1/stm32cubeide/plugins/com.st.stm32cube.ide.mcu.externaltools.gnu-tools-for-stm32.7-2018-q2-update.win32_1.0.0.201904181610/tools/bin/../lib/gcc/arm-none-eabi/7.3.1/thumb/v7-m/crtbegin.o
 *(.bss*)
 .bss.heap_end.5149
                0x000000002000012c        0x4 Src/sysmem.o
 .bss.sock_io_mode
                0x0000000020000130        0x2 io6Library/Ethernet/socket.o
 .bss.sock_is_sending
                0x0000000020000132        0x2 io6Library/Ethernet/socket.o
 .bss.sock_remained_size
                0x0000000020000134       0x10 io6Library/Ethernet/socket.o
 .bss.sock_pack_info
                0x0000000020000144        0x8 io6Library/Ethernet/socket.o
 .bss._DNS_     0x000000002000014c        0x4 io6Library/Ethernet/wizchip_conf.o
 .bss._DNS6_    0x0000000020000150       0x10 io6Library/Ethernet/wizchip_conf.o
 .bss._IPMODE_  0x0000000020000160        0x1 io6Library/Ethernet/wizchip_conf.o
 *fill*         0x0000000020000161        0x3 
 .bss.__malloc_free_list
                0x0000000020000164        0x4 c:/st/stm32cubeide_1.0.1/stm32cubeide/plugins/com.st.stm32cube.ide.mcu.externaltools.gnu-tools-for-stm32.7-2018-q2-update.win32_1.0.0.201904181610/tools/bin/../lib/gcc/arm-none-eabi/7.3.1/../../../../arm-none-eabi/lib/thumb/v7-m\libc_nano.a(lib_a-nano-mallocr.o)
                0x0000000020000164                __malloc_free_list
 .bss.__malloc_sbrk_start
                0x0000000020000168        0x4 c:/st/stm32cubeide_1.0.1/stm32cubeide/plugins/com.st.stm32cube.ide.mcu.externaltools.gnu-tools-for-stm32.7-2018-q2-update.win32_1.0.0.201904181610/tools/bin/../lib/gcc/arm-none-eabi/7.3.1/../../../../arm-none-eabi/lib/thumb/v7-m\libc_nano.a(lib_a-nano-mallocr.o)
                0x0000000020000168                __malloc_sbrk_start
 *(COMMON)
 COMMON         0x000000002000016c        0x4 Drivers/STM32F1xx_HAL_Driver/Src/stm32f1xx_hal.o
                0x000000002000016c                uwTick
 COMMON         0x0000000020000170      0x89c Src/main.o
                0x0000000020000170                rxData
                0x0000000020000174                hspi2
                0x00000000200001cc                data_buf
                0x00000000200009cc                huart1
 COMMON         0x0000000020000a0c        0x4 c:/st/stm32cubeide_1.0.1/stm32cubeide/plugins/com.st.stm32cube.ide.mcu.externaltools.gnu-tools-for-stm32.7-2018-q2-update.win32_1.0.0.201904181610/tools/bin/../lib/gcc/arm-none-eabi/7.3.1/../../../../arm-none-eabi/lib/thumb/v7-m\libc_nano.a(lib_a-reent.o)
                0x0000000020000a0c                errno
                0x0000000020000a10                . = ALIGN (0x4)
                0x0000000020000a10                _ebss = .
                0x0000000020000a10                __bss_end__ = _ebss

._user_heap_stack
                0x0000000020000a10      0x600 load address 0x00000000080066a4
                0x0000000020000a10                . = ALIGN (0x8)
                0x0000000020000a10                PROVIDE (end = .)
                [!provide]                        PROVIDE (_end = .)
                0x0000000020000c10                . = (. + _Min_Heap_Size)
 *fill*         0x0000000020000a10      0x200 
                0x0000000020001010                . = (. + _Min_Stack_Size)
 *fill*         0x0000000020000c10      0x400 
                0x0000000020001010                . = ALIGN (0x8)

/DISCARD/
 libc.a(*)
 libm.a(*)
 libgcc.a(*)

.ARM.attributes
                0x0000000000000000       0x29
 *(.ARM.attributes)
 .ARM.attributes
                0x0000000000000000       0x1d c:/st/stm32cubeide_1.0.1/stm32cubeide/plugins/com.st.stm32cube.ide.mcu.externaltools.gnu-tools-for-stm32.7-2018-q2-update.win32_1.0.0.201904181610/tools/bin/../lib/gcc/arm-none-eabi/7.3.1/thumb/v7-m/crti.o
 .ARM.attributes
                0x000000000000001d       0x2d c:/st/stm32cubeide_1.0.1/stm32cubeide/plugins/com.st.stm32cube.ide.mcu.externaltools.gnu-tools-for-stm32.7-2018-q2-update.win32_1.0.0.201904181610/tools/bin/../lib/gcc/arm-none-eabi/7.3.1/thumb/v7-m/crtbegin.o
 .ARM.attributes
                0x000000000000004a       0x33 Drivers/STM32F1xx_HAL_Driver/Src/stm32f1xx_hal.o
 .ARM.attributes
                0x000000000000007d       0x33 Drivers/STM32F1xx_HAL_Driver/Src/stm32f1xx_hal_cortex.o
 .ARM.attributes
                0x00000000000000b0       0x33 Drivers/STM32F1xx_HAL_Driver/Src/stm32f1xx_hal_dma.o
 .ARM.attributes
                0x00000000000000e3       0x33 Drivers/STM32F1xx_HAL_Driver/Src/stm32f1xx_hal_gpio.o
 .ARM.attributes
                0x0000000000000116       0x33 Drivers/STM32F1xx_HAL_Driver/Src/stm32f1xx_hal_rcc.o
 .ARM.attributes
                0x0000000000000149       0x33 Drivers/STM32F1xx_HAL_Driver/Src/stm32f1xx_hal_spi.o
 .ARM.attributes
                0x000000000000017c       0x33 Drivers/STM32F1xx_HAL_Driver/Src/stm32f1xx_hal_spi_ex.o
 .ARM.attributes
                0x00000000000001af       0x33 Drivers/STM32F1xx_HAL_Driver/Src/stm32f1xx_hal_uart.o
 .ARM.attributes
                0x00000000000001e2       0x33 Src/board_init.o
 .ARM.attributes
                0x0000000000000215       0x33 Src/main.o
 .ARM.attributes
                0x0000000000000248       0x33 Src/stm32f1xx_hal_msp.o
 .ARM.attributes
                0x000000000000027b       0x33 Src/stm32f1xx_it.o
 .ARM.attributes
                0x00000000000002ae       0x33 Src/syscalls.o
 .ARM.attributes
                0x00000000000002e1       0x33 Src/sysmem.o
 .ARM.attributes
                0x0000000000000314       0x33 Src/system_stm32f1xx.o
 .ARM.attributes
                0x0000000000000347       0x33 Src/wizchip_init.o
 .ARM.attributes
                0x000000000000037a       0x21 Startup/startup_stm32f103vctx.o
 .ARM.attributes
                0x000000000000039b       0x33 io6Library/Application/loopback/loopback.o
 .ARM.attributes
                0x00000000000003ce       0x33 io6Library/Ethernet/W6100/w6100.o
 .ARM.attributes
                0x0000000000000401       0x33 io6Library/Ethernet/socket.o
 .ARM.attributes
                0x0000000000000434       0x33 io6Library/Ethernet/wizchip_conf.o
 .ARM.attributes
                0x0000000000000467       0x2d c:/st/stm32cubeide_1.0.1/stm32cubeide/plugins/com.st.stm32cube.ide.mcu.externaltools.gnu-tools-for-stm32.7-2018-q2-update.win32_1.0.0.201904181610/tools/bin/../lib/gcc/arm-none-eabi/7.3.1/../../../../arm-none-eabi/lib/thumb/v7-m\libc_nano.a(lib_a-errno.o)
 .ARM.attributes
                0x0000000000000494       0x2d c:/st/stm32cubeide_1.0.1/stm32cubeide/plugins/com.st.stm32cube.ide.mcu.externaltools.gnu-tools-for-stm32.7-2018-q2-update.win32_1.0.0.201904181610/tools/bin/../lib/gcc/arm-none-eabi/7.3.1/../../../../arm-none-eabi/lib/thumb/v7-m\libc_nano.a(lib_a-impure.o)
 .ARM.attributes
                0x00000000000004c1       0x2d c:/st/stm32cubeide_1.0.1/stm32cubeide/plugins/com.st.stm32cube.ide.mcu.externaltools.gnu-tools-for-stm32.7-2018-q2-update.win32_1.0.0.201904181610/tools/bin/../lib/gcc/arm-none-eabi/7.3.1/../../../../arm-none-eabi/lib/thumb/v7-m\libc_nano.a(lib_a-init.o)
 .ARM.attributes
                0x00000000000004ee       0x2d c:/st/stm32cubeide_1.0.1/stm32cubeide/plugins/com.st.stm32cube.ide.mcu.externaltools.gnu-tools-for-stm32.7-2018-q2-update.win32_1.0.0.201904181610/tools/bin/../lib/gcc/arm-none-eabi/7.3.1/../../../../arm-none-eabi/lib/thumb/v7-m\libc_nano.a(lib_a-memset.o)
 .ARM.attributes
                0x000000000000051b       0x2d c:/st/stm32cubeide_1.0.1/stm32cubeide/plugins/com.st.stm32cube.ide.mcu.externaltools.gnu-tools-for-stm32.7-2018-q2-update.win32_1.0.0.201904181610/tools/bin/../lib/gcc/arm-none-eabi/7.3.1/../../../../arm-none-eabi/lib/thumb/v7-m\libc_nano.a(lib_a-printf.o)
 .ARM.attributes
                0x0000000000000548       0x2d c:/st/stm32cubeide_1.0.1/stm32cubeide/plugins/com.st.stm32cube.ide.mcu.externaltools.gnu-tools-for-stm32.7-2018-q2-update.win32_1.0.0.201904181610/tools/bin/../lib/gcc/arm-none-eabi/7.3.1/../../../../arm-none-eabi/lib/thumb/v7-m\libc_nano.a(lib_a-puts.o)
 .ARM.attributes
                0x0000000000000575       0x2d c:/st/stm32cubeide_1.0.1/stm32cubeide/plugins/com.st.stm32cube.ide.mcu.externaltools.gnu-tools-for-stm32.7-2018-q2-update.win32_1.0.0.201904181610/tools/bin/../lib/gcc/arm-none-eabi/7.3.1/../../../../arm-none-eabi/lib/thumb/v7-m\libc_nano.a(lib_a-wbuf.o)
 .ARM.attributes
                0x00000000000005a2       0x2d c:/st/stm32cubeide_1.0.1/stm32cubeide/plugins/com.st.stm32cube.ide.mcu.externaltools.gnu-tools-for-stm32.7-2018-q2-update.win32_1.0.0.201904181610/tools/bin/../lib/gcc/arm-none-eabi/7.3.1/../../../../arm-none-eabi/lib/thumb/v7-m\libc_nano.a(lib_a-wsetup.o)
 .ARM.attributes
                0x00000000000005cf       0x2d c:/st/stm32cubeide_1.0.1/stm32cubeide/plugins/com.st.stm32cube.ide.mcu.externaltools.gnu-tools-for-stm32.7-2018-q2-update.win32_1.0.0.201904181610/tools/bin/../lib/gcc/arm-none-eabi/7.3.1/../../../../arm-none-eabi/lib/thumb/v7-m\libc_nano.a(lib_a-fflush.o)
 .ARM.attributes
                0x00000000000005fc       0x2d c:/st/stm32cubeide_1.0.1/stm32cubeide/plugins/com.st.stm32cube.ide.mcu.externaltools.gnu-tools-for-stm32.7-2018-q2-update.win32_1.0.0.201904181610/tools/bin/../lib/gcc/arm-none-eabi/7.3.1/../../../../arm-none-eabi/lib/thumb/v7-m\libc_nano.a(lib_a-findfp.o)
 .ARM.attributes
                0x0000000000000629       0x2d c:/st/stm32cubeide_1.0.1/stm32cubeide/plugins/com.st.stm32cube.ide.mcu.externaltools.gnu-tools-for-stm32.7-2018-q2-update.win32_1.0.0.201904181610/tools/bin/../lib/gcc/arm-none-eabi/7.3.1/../../../../arm-none-eabi/lib/thumb/v7-m\libc_nano.a(lib_a-fwalk.o)
 .ARM.attributes
                0x0000000000000656       0x2d c:/st/stm32cubeide_1.0.1/stm32cubeide/plugins/com.st.stm32cube.ide.mcu.externaltools.gnu-tools-for-stm32.7-2018-q2-update.win32_1.0.0.201904181610/tools/bin/../lib/gcc/arm-none-eabi/7.3.1/../../../../arm-none-eabi/lib/thumb/v7-m\libc_nano.a(lib_a-makebuf.o)
 .ARM.attributes
                0x0000000000000683       0x2d c:/st/stm32cubeide_1.0.1/stm32cubeide/plugins/com.st.stm32cube.ide.mcu.externaltools.gnu-tools-for-stm32.7-2018-q2-update.win32_1.0.0.201904181610/tools/bin/../lib/gcc/arm-none-eabi/7.3.1/../../../../arm-none-eabi/lib/thumb/v7-m\libc_nano.a(lib_a-nano-freer.o)
 .ARM.attributes
                0x00000000000006b0       0x2d c:/st/stm32cubeide_1.0.1/stm32cubeide/plugins/com.st.stm32cube.ide.mcu.externaltools.gnu-tools-for-stm32.7-2018-q2-update.win32_1.0.0.201904181610/tools/bin/../lib/gcc/arm-none-eabi/7.3.1/../../../../arm-none-eabi/lib/thumb/v7-m\libc_nano.a(lib_a-nano-mallocr.o)
 .ARM.attributes
                0x00000000000006dd       0x2d c:/st/stm32cubeide_1.0.1/stm32cubeide/plugins/com.st.stm32cube.ide.mcu.externaltools.gnu-tools-for-stm32.7-2018-q2-update.win32_1.0.0.201904181610/tools/bin/../lib/gcc/arm-none-eabi/7.3.1/../../../../arm-none-eabi/lib/thumb/v7-m\libc_nano.a(lib_a-nano-vfprintf.o)
 .ARM.attributes
                0x000000000000070a       0x2d c:/st/stm32cubeide_1.0.1/stm32cubeide/plugins/com.st.stm32cube.ide.mcu.externaltools.gnu-tools-for-stm32.7-2018-q2-update.win32_1.0.0.201904181610/tools/bin/../lib/gcc/arm-none-eabi/7.3.1/../../../../arm-none-eabi/lib/thumb/v7-m\libc_nano.a(lib_a-nano-vfprintf_i.o)
 .ARM.attributes
                0x0000000000000737       0x2d c:/st/stm32cubeide_1.0.1/stm32cubeide/plugins/com.st.stm32cube.ide.mcu.externaltools.gnu-tools-for-stm32.7-2018-q2-update.win32_1.0.0.201904181610/tools/bin/../lib/gcc/arm-none-eabi/7.3.1/../../../../arm-none-eabi/lib/thumb/v7-m\libc_nano.a(lib_a-sbrkr.o)
 .ARM.attributes
                0x0000000000000764       0x2d c:/st/stm32cubeide_1.0.1/stm32cubeide/plugins/com.st.stm32cube.ide.mcu.externaltools.gnu-tools-for-stm32.7-2018-q2-update.win32_1.0.0.201904181610/tools/bin/../lib/gcc/arm-none-eabi/7.3.1/../../../../arm-none-eabi/lib/thumb/v7-m\libc_nano.a(lib_a-stdio.o)
 .ARM.attributes
                0x0000000000000791       0x2d c:/st/stm32cubeide_1.0.1/stm32cubeide/plugins/com.st.stm32cube.ide.mcu.externaltools.gnu-tools-for-stm32.7-2018-q2-update.win32_1.0.0.201904181610/tools/bin/../lib/gcc/arm-none-eabi/7.3.1/../../../../arm-none-eabi/lib/thumb/v7-m\libc_nano.a(lib_a-writer.o)
 .ARM.attributes
                0x00000000000007be       0x2d c:/st/stm32cubeide_1.0.1/stm32cubeide/plugins/com.st.stm32cube.ide.mcu.externaltools.gnu-tools-for-stm32.7-2018-q2-update.win32_1.0.0.201904181610/tools/bin/../lib/gcc/arm-none-eabi/7.3.1/../../../../arm-none-eabi/lib/thumb/v7-m\libc_nano.a(lib_a-closer.o)
 .ARM.attributes
                0x00000000000007eb       0x2d c:/st/stm32cubeide_1.0.1/stm32cubeide/plugins/com.st.stm32cube.ide.mcu.externaltools.gnu-tools-for-stm32.7-2018-q2-update.win32_1.0.0.201904181610/tools/bin/../lib/gcc/arm-none-eabi/7.3.1/../../../../arm-none-eabi/lib/thumb/v7-m\libc_nano.a(lib_a-fstatr.o)
 .ARM.attributes
                0x0000000000000818       0x2d c:/st/stm32cubeide_1.0.1/stm32cubeide/plugins/com.st.stm32cube.ide.mcu.externaltools.gnu-tools-for-stm32.7-2018-q2-update.win32_1.0.0.201904181610/tools/bin/../lib/gcc/arm-none-eabi/7.3.1/../../../../arm-none-eabi/lib/thumb/v7-m\libc_nano.a(lib_a-isattyr.o)
 .ARM.attributes
                0x0000000000000845       0x2d c:/st/stm32cubeide_1.0.1/stm32cubeide/plugins/com.st.stm32cube.ide.mcu.externaltools.gnu-tools-for-stm32.7-2018-q2-update.win32_1.0.0.201904181610/tools/bin/../lib/gcc/arm-none-eabi/7.3.1/../../../../arm-none-eabi/lib/thumb/v7-m\libc_nano.a(lib_a-lseekr.o)
 .ARM.attributes
                0x0000000000000872       0x2d c:/st/stm32cubeide_1.0.1/stm32cubeide/plugins/com.st.stm32cube.ide.mcu.externaltools.gnu-tools-for-stm32.7-2018-q2-update.win32_1.0.0.201904181610/tools/bin/../lib/gcc/arm-none-eabi/7.3.1/../../../../arm-none-eabi/lib/thumb/v7-m\libc_nano.a(lib_a-memchr-stub.o)
 .ARM.attributes
                0x000000000000089f       0x2d c:/st/stm32cubeide_1.0.1/stm32cubeide/plugins/com.st.stm32cube.ide.mcu.externaltools.gnu-tools-for-stm32.7-2018-q2-update.win32_1.0.0.201904181610/tools/bin/../lib/gcc/arm-none-eabi/7.3.1/../../../../arm-none-eabi/lib/thumb/v7-m\libc_nano.a(lib_a-mlock.o)
 .ARM.attributes
                0x00000000000008cc       0x2d c:/st/stm32cubeide_1.0.1/stm32cubeide/plugins/com.st.stm32cube.ide.mcu.externaltools.gnu-tools-for-stm32.7-2018-q2-update.win32_1.0.0.201904181610/tools/bin/../lib/gcc/arm-none-eabi/7.3.1/../../../../arm-none-eabi/lib/thumb/v7-m\libc_nano.a(lib_a-readr.o)
 .ARM.attributes
                0x00000000000008f9       0x2d c:/st/stm32cubeide_1.0.1/stm32cubeide/plugins/com.st.stm32cube.ide.mcu.externaltools.gnu-tools-for-stm32.7-2018-q2-update.win32_1.0.0.201904181610/tools/bin/../lib/gcc/arm-none-eabi/7.3.1/../../../../arm-none-eabi/lib/thumb/v7-m\libc_nano.a(lib_a-reent.o)
 .ARM.attributes
                0x0000000000000926       0x1d c:/st/stm32cubeide_1.0.1/stm32cubeide/plugins/com.st.stm32cube.ide.mcu.externaltools.gnu-tools-for-stm32.7-2018-q2-update.win32_1.0.0.201904181610/tools/bin/../lib/gcc/arm-none-eabi/7.3.1/thumb/v7-m/crtn.o
OUTPUT(W6100EVB_MXIDE_loopback.elf elf32-littlearm)

.debug_info     0x0000000000000000    0x15244
 .debug_info    0x0000000000000000      0xf60 Drivers/STM32F1xx_HAL_Driver/Src/stm32f1xx_hal.o
 .debug_info    0x0000000000000f60     0x13ae Drivers/STM32F1xx_HAL_Driver/Src/stm32f1xx_hal_cortex.o
 .debug_info    0x000000000000230e      0xfb6 Drivers/STM32F1xx_HAL_Driver/Src/stm32f1xx_hal_dma.o
 .debug_info    0x00000000000032c4      0xead Drivers/STM32F1xx_HAL_Driver/Src/stm32f1xx_hal_gpio.o
 .debug_info    0x0000000000004171     0x1029 Drivers/STM32F1xx_HAL_Driver/Src/stm32f1xx_hal_rcc.o
 .debug_info    0x000000000000519a     0x1c97 Drivers/STM32F1xx_HAL_Driver/Src/stm32f1xx_hal_spi.o
 .debug_info    0x0000000000006e31      0xe53 Drivers/STM32F1xx_HAL_Driver/Src/stm32f1xx_hal_spi_ex.o
 .debug_info    0x0000000000007c84     0x19e0 Drivers/STM32F1xx_HAL_Driver/Src/stm32f1xx_hal_uart.o
 .debug_info    0x0000000000009664     0x1012 Src/board_init.o
 .debug_info    0x000000000000a676     0x18d2 Src/main.o
 .debug_info    0x000000000000bf48     0x14c1 Src/stm32f1xx_hal_msp.o
 .debug_info    0x000000000000d409      0xe3e Src/stm32f1xx_it.o
 .debug_info    0x000000000000e247      0xebd Src/syscalls.o
 .debug_info    0x000000000000f104      0x91c Src/sysmem.o
 .debug_info    0x000000000000fa20      0xc49 Src/system_stm32f1xx.o
 .debug_info    0x0000000000010669     0x1460 Src/wizchip_init.o
 .debug_info    0x0000000000011ac9       0x22 Startup/startup_stm32f103vctx.o
 .debug_info    0x0000000000011aeb      0xefa io6Library/Application/loopback/loopback.o
 .debug_info    0x00000000000129e5      0x569 io6Library/Ethernet/W6100/w6100.o
 .debug_info    0x0000000000012f4e     0x1242 io6Library/Ethernet/socket.o
 .debug_info    0x0000000000014190     0x10b4 io6Library/Ethernet/wizchip_conf.o

.debug_abbrev   0x0000000000000000     0x2fbc
 .debug_abbrev  0x0000000000000000      0x2bd Drivers/STM32F1xx_HAL_Driver/Src/stm32f1xx_hal.o
 .debug_abbrev  0x00000000000002bd      0x36d Drivers/STM32F1xx_HAL_Driver/Src/stm32f1xx_hal_cortex.o
 .debug_abbrev  0x000000000000062a      0x26f Drivers/STM32F1xx_HAL_Driver/Src/stm32f1xx_hal_dma.o
 .debug_abbrev  0x0000000000000899      0x251 Drivers/STM32F1xx_HAL_Driver/Src/stm32f1xx_hal_gpio.o
 .debug_abbrev  0x0000000000000aea      0x2eb Drivers/STM32F1xx_HAL_Driver/Src/stm32f1xx_hal_rcc.o
 .debug_abbrev  0x0000000000000dd5      0x2b1 Drivers/STM32F1xx_HAL_Driver/Src/stm32f1xx_hal_spi.o
 .debug_abbrev  0x0000000000001086      0x1b5 Drivers/STM32F1xx_HAL_Driver/Src/stm32f1xx_hal_spi_ex.o
 .debug_abbrev  0x000000000000123b      0x2b3 Drivers/STM32F1xx_HAL_Driver/Src/stm32f1xx_hal_uart.o
 .debug_abbrev  0x00000000000014ee      0x1d6 Src/board_init.o
 .debug_abbrev  0x00000000000016c4      0x319 Src/main.o
 .debug_abbrev  0x00000000000019dd      0x1f7 Src/stm32f1xx_hal_msp.o
 .debug_abbrev  0x0000000000001bd4      0x1ba Src/stm32f1xx_it.o
 .debug_abbrev  0x0000000000001d8e      0x261 Src/syscalls.o
 .debug_abbrev  0x0000000000001fef      0x1bb Src/sysmem.o
 .debug_abbrev  0x00000000000021aa      0x1f0 Src/system_stm32f1xx.o
 .debug_abbrev  0x000000000000239a      0x2c0 Src/wizchip_init.o
 .debug_abbrev  0x000000000000265a       0x12 Startup/startup_stm32f103vctx.o
 .debug_abbrev  0x000000000000266c      0x29f io6Library/Application/loopback/loopback.o
 .debug_abbrev  0x000000000000290b      0x173 io6Library/Ethernet/W6100/w6100.o
 .debug_abbrev  0x0000000000002a7e      0x288 io6Library/Ethernet/socket.o
 .debug_abbrev  0x0000000000002d06      0x2b6 io6Library/Ethernet/wizchip_conf.o

.debug_aranges  0x0000000000000000      0xc20
 .debug_aranges
                0x0000000000000000       0xd0 Drivers/STM32F1xx_HAL_Driver/Src/stm32f1xx_hal.o
 .debug_aranges
                0x00000000000000d0      0x100 Drivers/STM32F1xx_HAL_Driver/Src/stm32f1xx_hal_cortex.o
 .debug_aranges
                0x00000000000001d0       0x80 Drivers/STM32F1xx_HAL_Driver/Src/stm32f1xx_hal_dma.o
 .debug_aranges
                0x0000000000000250       0x58 Drivers/STM32F1xx_HAL_Driver/Src/stm32f1xx_hal_gpio.o
 .debug_aranges
                0x00000000000002a8       0x90 Drivers/STM32F1xx_HAL_Driver/Src/stm32f1xx_hal_rcc.o
 .debug_aranges
                0x0000000000000338      0x1d0 Drivers/STM32F1xx_HAL_Driver/Src/stm32f1xx_hal_spi.o
 .debug_aranges
                0x0000000000000508       0x20 Drivers/STM32F1xx_HAL_Driver/Src/stm32f1xx_hal_spi_ex.o
 .debug_aranges
                0x0000000000000528      0x1d0 Drivers/STM32F1xx_HAL_Driver/Src/stm32f1xx_hal_uart.o
 .debug_aranges
                0x00000000000006f8       0x20 Src/board_init.o
 .debug_aranges
                0x0000000000000718       0x60 Src/main.o
 .debug_aranges
                0x0000000000000778       0x40 Src/stm32f1xx_hal_msp.o
 .debug_aranges
                0x00000000000007b8       0x68 Src/stm32f1xx_it.o
 .debug_aranges
                0x0000000000000820       0xa8 Src/syscalls.o
 .debug_aranges
                0x00000000000008c8       0x20 Src/sysmem.o
 .debug_aranges
                0x00000000000008e8       0x28 Src/system_stm32f1xx.o
 .debug_aranges
                0x0000000000000910       0x88 Src/wizchip_init.o
 .debug_aranges
                0x0000000000000998       0x28 Startup/startup_stm32f103vctx.o
 .debug_aranges
                0x00000000000009c0       0x30 io6Library/Application/loopback/loopback.o
 .debug_aranges
                0x00000000000009f0       0x60 io6Library/Ethernet/W6100/w6100.o
 .debug_aranges
                0x0000000000000a50       0x80 io6Library/Ethernet/socket.o
 .debug_aranges
                0x0000000000000ad0      0x150 io6Library/Ethernet/wizchip_conf.o

.debug_ranges   0x0000000000000000      0xad8
 .debug_ranges  0x0000000000000000       0xc0 Drivers/STM32F1xx_HAL_Driver/Src/stm32f1xx_hal.o
 .debug_ranges  0x00000000000000c0       0xf0 Drivers/STM32F1xx_HAL_Driver/Src/stm32f1xx_hal_cortex.o
 .debug_ranges  0x00000000000001b0       0x70 Drivers/STM32F1xx_HAL_Driver/Src/stm32f1xx_hal_dma.o
 .debug_ranges  0x0000000000000220       0x48 Drivers/STM32F1xx_HAL_Driver/Src/stm32f1xx_hal_gpio.o
 .debug_ranges  0x0000000000000268       0x80 Drivers/STM32F1xx_HAL_Driver/Src/stm32f1xx_hal_rcc.o
 .debug_ranges  0x00000000000002e8      0x1c0 Drivers/STM32F1xx_HAL_Driver/Src/stm32f1xx_hal_spi.o
 .debug_ranges  0x00000000000004a8       0x10 Drivers/STM32F1xx_HAL_Driver/Src/stm32f1xx_hal_spi_ex.o
 .debug_ranges  0x00000000000004b8      0x1c0 Drivers/STM32F1xx_HAL_Driver/Src/stm32f1xx_hal_uart.o
 .debug_ranges  0x0000000000000678       0x10 Src/board_init.o
 .debug_ranges  0x0000000000000688       0x50 Src/main.o
 .debug_ranges  0x00000000000006d8       0x30 Src/stm32f1xx_hal_msp.o
 .debug_ranges  0x0000000000000708       0x58 Src/stm32f1xx_it.o
 .debug_ranges  0x0000000000000760       0x98 Src/syscalls.o
 .debug_ranges  0x00000000000007f8       0x10 Src/sysmem.o
 .debug_ranges  0x0000000000000808       0x18 Src/system_stm32f1xx.o
 .debug_ranges  0x0000000000000820       0x78 Src/wizchip_init.o
 .debug_ranges  0x0000000000000898       0x20 Startup/startup_stm32f103vctx.o
 .debug_ranges  0x00000000000008b8       0x20 io6Library/Application/loopback/loopback.o
 .debug_ranges  0x00000000000008d8       0x50 io6Library/Ethernet/W6100/w6100.o
 .debug_ranges  0x0000000000000928       0x70 io6Library/Ethernet/socket.o
 .debug_ranges  0x0000000000000998      0x140 io6Library/Ethernet/wizchip_conf.o

.debug_macro    0x0000000000000000    0x1906f
 .debug_macro   0x0000000000000000      0x2fe Drivers/STM32F1xx_HAL_Driver/Src/stm32f1xx_hal.o
 .debug_macro   0x00000000000002fe      0xa5a Drivers/STM32F1xx_HAL_Driver/Src/stm32f1xx_hal.o
 .debug_macro   0x0000000000000d58      0x16f Drivers/STM32F1xx_HAL_Driver/Src/stm32f1xx_hal.o
 .debug_macro   0x0000000000000ec7       0x2e Drivers/STM32F1xx_HAL_Driver/Src/stm32f1xx_hal.o
 .debug_macro   0x0000000000000ef5       0x22 Drivers/STM32F1xx_HAL_Driver/Src/stm32f1xx_hal.o
 .debug_macro   0x0000000000000f17       0x22 Drivers/STM32F1xx_HAL_Driver/Src/stm32f1xx_hal.o
 .debug_macro   0x0000000000000f39       0x8e Drivers/STM32F1xx_HAL_Driver/Src/stm32f1xx_hal.o
 .debug_macro   0x0000000000000fc7       0x51 Drivers/STM32F1xx_HAL_Driver/Src/stm32f1xx_hal.o
 .debug_macro   0x0000000000001018       0xef Drivers/STM32F1xx_HAL_Driver/Src/stm32f1xx_hal.o
 .debug_macro   0x0000000000001107       0x6a Drivers/STM32F1xx_HAL_Driver/Src/stm32f1xx_hal.o
 .debug_macro   0x0000000000001171      0x1df Drivers/STM32F1xx_HAL_Driver/Src/stm32f1xx_hal.o
 .debug_macro   0x0000000000001350       0x34 Drivers/STM32F1xx_HAL_Driver/Src/stm32f1xx_hal.o
 .debug_macro   0x0000000000001384       0x34 Drivers/STM32F1xx_HAL_Driver/Src/stm32f1xx_hal.o
 .debug_macro   0x00000000000013b8      0xb8e Drivers/STM32F1xx_HAL_Driver/Src/stm32f1xx_hal.o
 .debug_macro   0x0000000000001f46     0xfd85 Drivers/STM32F1xx_HAL_Driver/Src/stm32f1xx_hal.o
 .debug_macro   0x0000000000011ccb       0x43 Drivers/STM32F1xx_HAL_Driver/Src/stm32f1xx_hal.o
 .debug_macro   0x0000000000011d0e       0x46 Drivers/STM32F1xx_HAL_Driver/Src/stm32f1xx_hal.o
 .debug_macro   0x0000000000011d54       0x18 Drivers/STM32F1xx_HAL_Driver/Src/stm32f1xx_hal.o
 .debug_macro   0x0000000000011d6c       0x3c Drivers/STM32F1xx_HAL_Driver/Src/stm32f1xx_hal.o
 .debug_macro   0x0000000000011da8       0x34 Drivers/STM32F1xx_HAL_Driver/Src/stm32f1xx_hal.o
 .debug_macro   0x0000000000011ddc       0x16 Drivers/STM32F1xx_HAL_Driver/Src/stm32f1xx_hal.o
 .debug_macro   0x0000000000011df2       0x97 Drivers/STM32F1xx_HAL_Driver/Src/stm32f1xx_hal.o
 .debug_macro   0x0000000000011e89      0x330 Drivers/STM32F1xx_HAL_Driver/Src/stm32f1xx_hal.o
 .debug_macro   0x00000000000121b9       0xfd Drivers/STM32F1xx_HAL_Driver/Src/stm32f1xx_hal.o
 .debug_macro   0x00000000000122b6       0x10 Drivers/STM32F1xx_HAL_Driver/Src/stm32f1xx_hal.o
 .debug_macro   0x00000000000122c6       0x52 Drivers/STM32F1xx_HAL_Driver/Src/stm32f1xx_hal.o
 .debug_macro   0x0000000000012318       0x1f Drivers/STM32F1xx_HAL_Driver/Src/stm32f1xx_hal.o
 .debug_macro   0x0000000000012337       0x43 Drivers/STM32F1xx_HAL_Driver/Src/stm32f1xx_hal.o
 .debug_macro   0x000000000001237a       0x20 Drivers/STM32F1xx_HAL_Driver/Src/stm32f1xx_hal.o
 .debug_macro   0x000000000001239a      0x1a3 Drivers/STM32F1xx_HAL_Driver/Src/stm32f1xx_hal.o
 .debug_macro   0x000000000001253d       0x10 Drivers/STM32F1xx_HAL_Driver/Src/stm32f1xx_hal.o
 .debug_macro   0x000000000001254d       0x1c Drivers/STM32F1xx_HAL_Driver/Src/stm32f1xx_hal.o
 .debug_macro   0x0000000000012569       0x52 Drivers/STM32F1xx_HAL_Driver/Src/stm32f1xx_hal.o
 .debug_macro   0x00000000000125bb       0x40 Drivers/STM32F1xx_HAL_Driver/Src/stm32f1xx_hal.o
 .debug_macro   0x00000000000125fb       0x10 Drivers/STM32F1xx_HAL_Driver/Src/stm32f1xx_hal.o
 .debug_macro   0x000000000001260b       0x40 Drivers/STM32F1xx_HAL_Driver/Src/stm32f1xx_hal.o
 .debug_macro   0x000000000001264b       0xd7 Drivers/STM32F1xx_HAL_Driver/Src/stm32f1xx_hal.o
 .debug_macro   0x0000000000012722       0x1c Drivers/STM32F1xx_HAL_Driver/Src/stm32f1xx_hal.o
 .debug_macro   0x000000000001273e       0x3d Drivers/STM32F1xx_HAL_Driver/Src/stm32f1xx_hal.o
 .debug_macro   0x000000000001277b       0x16 Drivers/STM32F1xx_HAL_Driver/Src/stm32f1xx_hal.o
 .debug_macro   0x0000000000012791      0x145 Drivers/STM32F1xx_HAL_Driver/Src/stm32f1xx_hal.o
 .debug_macro   0x00000000000128d6       0x57 Drivers/STM32F1xx_HAL_Driver/Src/stm32f1xx_hal.o
 .debug_macro   0x000000000001292d      0x5c2 Drivers/STM32F1xx_HAL_Driver/Src/stm32f1xx_hal.o
 .debug_macro   0x0000000000012eef      0x4d6 Drivers/STM32F1xx_HAL_Driver/Src/stm32f1xx_hal.o
 .debug_macro   0x00000000000133c5      0x1cb Drivers/STM32F1xx_HAL_Driver/Src/stm32f1xx_hal.o
 .debug_macro   0x0000000000013590      0x11e Drivers/STM32F1xx_HAL_Driver/Src/stm32f1xx_hal.o
 .debug_macro   0x00000000000136ae      0x1eb Drivers/STM32F1xx_HAL_Driver/Src/stm32f1xx_hal.o
 .debug_macro   0x0000000000013899       0x27 Drivers/STM32F1xx_HAL_Driver/Src/stm32f1xx_hal.o
 .debug_macro   0x00000000000138c0      0x1bc Drivers/STM32F1xx_HAL_Driver/Src/stm32f1xx_hal.o
 .debug_macro   0x0000000000013a7c       0x31 Drivers/STM32F1xx_HAL_Driver/Src/stm32f1xx_hal.o
 .debug_macro   0x0000000000013aad       0x3c Drivers/STM32F1xx_HAL_Driver/Src/stm32f1xx_hal.o
 .debug_macro   0x0000000000013ae9       0x57 Drivers/STM32F1xx_HAL_Driver/Src/stm32f1xx_hal.o
 .debug_macro   0x0000000000013b40       0x8c Drivers/STM32F1xx_HAL_Driver/Src/stm32f1xx_hal.o
 .debug_macro   0x0000000000013bcc      0x250 Drivers/STM32F1xx_HAL_Driver/Src/stm32f1xx_hal.o
 .debug_macro   0x0000000000013e1c      0x143 Drivers/STM32F1xx_HAL_Driver/Src/stm32f1xx_hal.o
 .debug_macro   0x0000000000013f5f      0x1f4 Drivers/STM32F1xx_HAL_Driver/Src/stm32f1xx_hal.o
 .debug_macro   0x0000000000014153      0x26b Drivers/STM32F1xx_HAL_Driver/Src/stm32f1xx_hal.o
 .debug_macro   0x00000000000143be       0xb9 Drivers/STM32F1xx_HAL_Driver/Src/stm32f1xx_hal.o
 .debug_macro   0x0000000000014477      0x2da Drivers/STM32F1xx_HAL_Driver/Src/stm32f1xx_hal_cortex.o
 .debug_macro   0x0000000000014751      0x2da Drivers/STM32F1xx_HAL_Driver/Src/stm32f1xx_hal_dma.o
 .debug_macro   0x0000000000014a2b      0x34a Drivers/STM32F1xx_HAL_Driver/Src/stm32f1xx_hal_gpio.o
 .debug_macro   0x0000000000014d75      0x2ec Drivers/STM32F1xx_HAL_Driver/Src/stm32f1xx_hal_rcc.o
 .debug_macro   0x0000000000015061      0x2e2 Drivers/STM32F1xx_HAL_Driver/Src/stm32f1xx_hal_spi.o
 .debug_macro   0x0000000000015343      0x2da Drivers/STM32F1xx_HAL_Driver/Src/stm32f1xx_hal_spi_ex.o
 .debug_macro   0x000000000001561d      0x2db Drivers/STM32F1xx_HAL_Driver/Src/stm32f1xx_hal_uart.o
 .debug_macro   0x00000000000158f8      0x32d Src/board_init.o
 .debug_macro   0x0000000000015c25       0x2e Src/board_init.o
 .debug_macro   0x0000000000015c53       0x5e Src/board_init.o
 .debug_macro   0x0000000000015cb1      0xcf9 Src/board_init.o
 .debug_macro   0x00000000000169aa       0x40 Src/board_init.o
 .debug_macro   0x00000000000169ea       0x97 Src/board_init.o
 .debug_macro   0x0000000000016a81      0x340 Src/main.o
 .debug_macro   0x0000000000016dc1       0x10 Src/main.o
 .debug_macro   0x0000000000016dd1      0x2e4 Src/stm32f1xx_hal_msp.o
 .debug_macro   0x00000000000170b5      0x2ee Src/stm32f1xx_it.o
 .debug_macro   0x00000000000173a3      0x243 Src/syscalls.o
 .debug_macro   0x00000000000175e6       0x40 Src/syscalls.o
 .debug_macro   0x0000000000017626       0x94 Src/syscalls.o
 .debug_macro   0x00000000000176ba       0x57 Src/syscalls.o
 .debug_macro   0x0000000000017711      0x174 Src/syscalls.o
 .debug_macro   0x0000000000017885       0x10 Src/syscalls.o
 .debug_macro   0x0000000000017895       0x35 Src/syscalls.o
 .debug_macro   0x00000000000178ca       0x10 Src/syscalls.o
 .debug_macro   0x00000000000178da       0x10 Src/syscalls.o
 .debug_macro   0x00000000000178ea       0x35 Src/syscalls.o
 .debug_macro   0x000000000001791f      0x122 Src/syscalls.o
 .debug_macro   0x0000000000017a41       0x16 Src/syscalls.o
 .debug_macro   0x0000000000017a57       0x16 Src/syscalls.o
 .debug_macro   0x0000000000017a6d       0x29 Src/syscalls.o
 .debug_macro   0x0000000000017a96       0x10 Src/syscalls.o
 .debug_macro   0x0000000000017aa6      0x241 Src/syscalls.o
 .debug_macro   0x0000000000017ce7       0x1c Src/syscalls.o
 .debug_macro   0x0000000000017d03       0x10 Src/syscalls.o
 .debug_macro   0x0000000000017d13      0x189 Src/syscalls.o
 .debug_macro   0x0000000000017e9c       0x16 Src/syscalls.o
 .debug_macro   0x0000000000017eb2       0x88 Src/syscalls.o
 .debug_macro   0x0000000000017f3a      0x1ae Src/sysmem.o
 .debug_macro   0x00000000000180e8      0x23b Src/sysmem.o
 .debug_macro   0x0000000000018323      0x2e0 Src/system_stm32f1xx.o
 .debug_macro   0x0000000000018603      0x31f Src/wizchip_init.o
 .debug_macro   0x0000000000018922      0x237 io6Library/Application/loopback/loopback.o
 .debug_macro   0x0000000000018b59      0x140 io6Library/Application/loopback/loopback.o
 .debug_macro   0x0000000000018c99       0xad io6Library/Ethernet/W6100/w6100.o
 .debug_macro   0x0000000000018d46      0x233 io6Library/Ethernet/socket.o
 .debug_macro   0x0000000000018f79       0x9e io6Library/Ethernet/wizchip_conf.o
 .debug_macro   0x0000000000019017       0x58 io6Library/Ethernet/wizchip_conf.o

.debug_line     0x0000000000000000     0xd1b3
 .debug_line    0x0000000000000000      0xa36 Drivers/STM32F1xx_HAL_Driver/Src/stm32f1xx_hal.o
 .debug_line    0x0000000000000a36      0xb24 Drivers/STM32F1xx_HAL_Driver/Src/stm32f1xx_hal_cortex.o
 .debug_line    0x000000000000155a     0x113e Drivers/STM32F1xx_HAL_Driver/Src/stm32f1xx_hal_dma.o
 .debug_line    0x0000000000002698      0xa96 Drivers/STM32F1xx_HAL_Driver/Src/stm32f1xx_hal_gpio.o
 .debug_line    0x000000000000312e      0xb20 Drivers/STM32F1xx_HAL_Driver/Src/stm32f1xx_hal_rcc.o
 .debug_line    0x0000000000003c4e     0x11fb Drivers/STM32F1xx_HAL_Driver/Src/stm32f1xx_hal_spi.o
 .debug_line    0x0000000000004e49      0x8a2 Drivers/STM32F1xx_HAL_Driver/Src/stm32f1xx_hal_spi_ex.o
 .debug_line    0x00000000000056eb     0x1147 Drivers/STM32F1xx_HAL_Driver/Src/stm32f1xx_hal_uart.o
 .debug_line    0x0000000000006832      0x96d Src/board_init.o
 .debug_line    0x000000000000719f      0xb2b Src/main.o
 .debug_line    0x0000000000007cca      0x8e1 Src/stm32f1xx_hal_msp.o
 .debug_line    0x00000000000085ab      0x931 Src/stm32f1xx_it.o
 .debug_line    0x0000000000008edc      0x73d Src/syscalls.o
 .debug_line    0x0000000000009619      0x559 Src/sysmem.o
 .debug_line    0x0000000000009b72      0x8ac Src/system_stm32f1xx.o
 .debug_line    0x000000000000a41e      0xa61 Src/wizchip_init.o
 .debug_line    0x000000000000ae7f       0x7f Startup/startup_stm32f103vctx.o
 .debug_line    0x000000000000aefe      0x819 io6Library/Application/loopback/loopback.o
 .debug_line    0x000000000000b717      0x553 io6Library/Ethernet/W6100/w6100.o
 .debug_line    0x000000000000bc6a      0xb3e io6Library/Ethernet/socket.o
 .debug_line    0x000000000000c7a8      0xa0b io6Library/Ethernet/wizchip_conf.o

.debug_str      0x0000000000000000    0x7fbee
 .debug_str     0x0000000000000000    0x75733 Drivers/STM32F1xx_HAL_Driver/Src/stm32f1xx_hal.o
                                      0x75c1d (size before relaxing)
 .debug_str     0x0000000000075733      0x326 Drivers/STM32F1xx_HAL_Driver/Src/stm32f1xx_hal_cortex.o
                                      0x75c31 (size before relaxing)
 .debug_str     0x0000000000075a59      0x3f0 Drivers/STM32F1xx_HAL_Driver/Src/stm32f1xx_hal_dma.o
                                      0x758a5 (size before relaxing)
 .debug_str     0x0000000000075e49      0x3ab Drivers/STM32F1xx_HAL_Driver/Src/stm32f1xx_hal_gpio.o
                                      0x75894 (size before relaxing)
 .debug_str     0x00000000000761f4      0x368 Drivers/STM32F1xx_HAL_Driver/Src/stm32f1xx_hal_rcc.o
                                      0x758c2 (size before relaxing)
 .debug_str     0x000000000007655c      0x6d9 Drivers/STM32F1xx_HAL_Driver/Src/stm32f1xx_hal_spi.o
                                      0x75d70 (size before relaxing)
 .debug_str     0x0000000000076c35       0x3b Drivers/STM32F1xx_HAL_Driver/Src/stm32f1xx_hal_spi_ex.o
                                      0x7586b (size before relaxing)
 .debug_str     0x0000000000076c70      0x67b Drivers/STM32F1xx_HAL_Driver/Src/stm32f1xx_hal_uart.o
                                      0x75d9c (size before relaxing)
 .debug_str     0x00000000000772eb     0x5b18 Src/board_init.o
                                      0x7b327 (size before relaxing)
 .debug_str     0x000000000007ce03      0x393 Src/main.o
                                      0x7b9d2 (size before relaxing)
 .debug_str     0x000000000007d196       0x1b Src/stm32f1xx_hal_msp.o
                                      0x75e21 (size before relaxing)
 .debug_str     0x000000000007d1b1       0xca Src/stm32f1xx_it.o
                                      0x75894 (size before relaxing)
 .debug_str     0x000000000007d27b     0x11da Src/syscalls.o
                                       0x8868 (size before relaxing)
 .debug_str     0x000000000007e455       0x31 Src/sysmem.o
                                       0x7ac1 (size before relaxing)
 .debug_str     0x000000000007e486       0x69 Src/system_stm32f1xx.o
                                      0x7553f (size before relaxing)
 .debug_str     0x000000000007e4ef      0x25c Src/wizchip_init.o
                                      0x7b6f7 (size before relaxing)
 .debug_str     0x000000000007e74b       0x31 Startup/startup_stm32f103vctx.o
                                         0x66 (size before relaxing)
 .debug_str     0x000000000007e77c      0x789 io6Library/Application/loopback/loopback.o
                                       0xe32f (size before relaxing)
 .debug_str     0x000000000007ef05      0x17b io6Library/Ethernet/W6100/w6100.o
                                       0x97c2 (size before relaxing)
 .debug_str     0x000000000007f080      0x575 io6Library/Ethernet/socket.o
                                       0xe694 (size before relaxing)
 .debug_str     0x000000000007f5f5      0x5f9 io6Library/Ethernet/wizchip_conf.o
                                       0xa386 (size before relaxing)

.comment        0x0000000000000000       0x7b
 .comment       0x0000000000000000       0x7b Drivers/STM32F1xx_HAL_Driver/Src/stm32f1xx_hal.o
                                         0x7c (size before relaxing)
 .comment       0x000000000000007b       0x7c Drivers/STM32F1xx_HAL_Driver/Src/stm32f1xx_hal_cortex.o
 .comment       0x000000000000007b       0x7c Drivers/STM32F1xx_HAL_Driver/Src/stm32f1xx_hal_dma.o
 .comment       0x000000000000007b       0x7c Drivers/STM32F1xx_HAL_Driver/Src/stm32f1xx_hal_gpio.o
 .comment       0x000000000000007b       0x7c Drivers/STM32F1xx_HAL_Driver/Src/stm32f1xx_hal_rcc.o
 .comment       0x000000000000007b       0x7c Drivers/STM32F1xx_HAL_Driver/Src/stm32f1xx_hal_spi.o
 .comment       0x000000000000007b       0x7c Drivers/STM32F1xx_HAL_Driver/Src/stm32f1xx_hal_spi_ex.o
 .comment       0x000000000000007b       0x7c Drivers/STM32F1xx_HAL_Driver/Src/stm32f1xx_hal_uart.o
 .comment       0x000000000000007b       0x7c Src/board_init.o
 .comment       0x000000000000007b       0x7c Src/main.o
 .comment       0x000000000000007b       0x7c Src/stm32f1xx_hal_msp.o
 .comment       0x000000000000007b       0x7c Src/stm32f1xx_it.o
 .comment       0x000000000000007b       0x7c Src/syscalls.o